116.105.202.109 - - [30/Nov/2018:03:38:31 +0000] "GET /search/category?q=nh%C3%A0%20ph%E1%BB%91%20li%E1%BB%81n%20k%E1%BB%81%20Marinacompl HTTP/2.0" 499 0 "https://cungcap.net/post/add" "Mozilla/5.0 (Windows NT 6.1; WOW64) AppleWebKit/537.36 (KHTML, like Gecko) coc_coc_browser/76.0.102 Chrome/70.0.3538.102 Safari/537.36"
116.105.202.109 - - [30/Nov/2018:03:38:32 +0000] "GET /search/category?q=nh%C3%A0%20ph%E1%BB%91%20li%E1%BB%81n%20k%E1%BB%81%20Marinacomple HTTP/2.0" 499 0 "https://cungcap.net/post/add" "Mozilla/5.0 (Windows NT 6.1; WOW64) AppleWebKit/537.36 (KHTML, like Gecko) coc_coc_browser/76.0.102 Chrome/70.0.3538.102 Safari/537.36"
46.229.168.134 - - [30/Nov/2018:03:38:33 +0000] "GET /go/5bc6573110a4c84ecb14c66d/lancome-teint-miracle-foundation HTTP/1.1" 200 1938 "-" "Mozilla/5.0 (compatible; SemrushBot/2~bl; +http://www.semrush.com/bot.html)"
37.9.113.15 - - [30/Nov/2018:03:38:33 +0000] "GET /ip/104.17.20.71 HTTP/1.1" 200 3493 "-" "Mozilla/5.0 (compatible; YandexBot/3.0; +http://yandex.com/bots)"
116.105.202.109 - - [30/Nov/2018:03:38:34 +0000] "GET /search/category?q=nh%C3%A0%20ph%E1%BB%91%20li%E1%BB%81n%20k%E1%BB%81%20Marinacomplex HTTP/2.0" 200 110 "https://cungcap.net/post/add" "Mozilla/5.0 (Windows NT 6.1; WOW64) AppleWebKit/537.36 (KHTML, like Gecko) coc_coc_browser/76.0.102 Chrome/70.0.3538.102 Safari/537.36"
46.229.168.152 - - [30/Nov/2018:03:38:36 +0000] "GET /product/5bf5475c5f37e3183057ccc7/thac-khoi-tram-huong-lac-canh-3 HTTP/1.1" 200 5111 "-" "Mozilla/5.0 (compatible; SemrushBot/2~bl; +http://www.semrush.com/bot.html)"
54.36.149.96 - - [30/Nov/2018:03:38:37 +0000] "GET /product/5bf66d435f37e34b913c1b90/ao-doi-nguoi-la-oi HTTP/1.1" 200 5059 "-" "Mozilla/5.0 (compatible; AhrefsBot/5.2; +http://ahrefs.com/robot/)"
37.9.113.24 - - [30/Nov/2018:03:38:38 +0000] "GET /ip/103.247.10.95 HTTP/1.1" 200 3485 "-" "Mozilla/5.0 (compatible; YandexBot/3.0; +http://yandex.com/bots)"
46.229.168.147 - - [30/Nov/2018:03:38:39 +0000] "GET /product/5be944d45f37e37eed02664f/op-lung-huawei-gr5-2017-fish-10?page=2 HTTP/1.1" 200 5183 "-" "Mozilla/5.0 (compatible; SemrushBot/2~bl; +http://www.semrush.com/bot.html)"
37.9.113.24 - - [30/Nov/2018:03:38:40 +0000] "GET /ip/157.97.35.216 HTTP/1.1" 200 3506 "-" "Mozilla/5.0 (compatible; YandexBot/3.0; +http://yandex.com/bots)"
5.45.207.78 - - [30/Nov/2018:03:38:42 +0000] "GET /ip/212.112.247.57 HTTP/1.1" 200 3507 "-" "Mozilla/5.0 (compatible; YandexBot/3.0; +http://yandex.com/bots)"
116.105.202.109 - - [30/Nov/2018:03:38:43 +0000] "GET /search/category?q=sh HTTP/2.0" 499 0 "https://cungcap.net/post/add" "Mozilla/5.0 (Windows NT 6.1; WOW64) AppleWebKit/537.36 (KHTML, like Gecko) coc_coc_browser/76.0.102 Chrome/70.0.3538.102 Safari/537.36"
37.9.113.24 - - [30/Nov/2018:03:38:43 +0000] "GET /ip/31.209.57.250 HTTP/1.1" 200 3478 "-" "Mozilla/5.0 (compatible; YandexBot/3.0; +http://yandex.com/bots)"
116.105.202.109 - - [30/Nov/2018:03:38:43 +0000] "GET /search/category?q=sho HTTP/2.0" 499 0 "https://cungcap.net/post/add" "Mozilla/5.0 (Windows NT 6.1; WOW64) AppleWebKit/537.36 (KHTML, like Gecko) coc_coc_browser/76.0.102 Chrome/70.0.3538.102 Safari/537.36"
116.105.202.109 - - [30/Nov/2018:03:38:45 +0000] "GET /search/category?q=shop HTTP/2.0" 499 0 "https://cungcap.net/post/add" "Mozilla/5.0 (Windows NT 6.1; WOW64) AppleWebKit/537.36 (KHTML, like Gecko) coc_coc_browser/76.0.102 Chrome/70.0.3538.102 Safari/537.36"
46.229.168.149 - - [30/Nov/2018:03:38:46 +0000] "GET /site/5bb457fb024e175e8245b87b/top-articles-and-videos-about-tbray-org-on-pocket?page=4 HTTP/1.1" 200 5612 "-" "Mozilla/5.0 (compatible; SemrushBot/2~bl; +http://www.semrush.com/bot.html)"
116.105.202.109 - - [30/Nov/2018:03:38:46 +0000] "GET /search/category?q=shophou HTTP/2.0" 499 0 "https://cungcap.net/post/add" "Mozilla/5.0 (Windows NT 6.1; WOW64) AppleWebKit/537.36 (KHTML, like Gecko) coc_coc_browser/76.0.102 Chrome/70.0.3538.102 Safari/537.36"
54.36.148.136 - - [30/Nov/2018:03:38:46 +0000] "GET /product/5bf683875f37e364b002b6c6/set-bo-hoa-tiet-ao-day HTTP/1.1" 200 5156 "-" "Mozilla/5.0 (compatible; AhrefsBot/5.2; +http://ahrefs.com/robot/)"
54.36.148.170 - - [30/Nov/2018:03:38:46 +0000] "GET /product/5bc94eca5f37e3665209b7b9/009-ao-khoac-du-fila?page=8 HTTP/1.1" 200 5263 "-" "Mozilla/5.0 (compatible; AhrefsBot/5.2; +http://ahrefs.com/robot/)"
116.105.202.109 - - [30/Nov/2018:03:38:47 +0000] "GET /search/category?q=shophouse HTTP/2.0" 200 22 "https://cungcap.net/post/add" "Mozilla/5.0 (Windows NT 6.1; WOW64) AppleWebKit/537.36 (KHTML, like Gecko) coc_coc_browser/76.0.102 Chrome/70.0.3538.102 Safari/537.36"
46.229.168.149 - - [30/Nov/2018:03:38:47 +0000] "GET /site/5bb457fb024e175e8245b87b/top-articles-and-videos-about-tbray-org-on-pocket?page=4 HTTP/1.1" 200 5611 "-" "Mozilla/5.0 (compatible; SemrushBot/2~bl; +http://www.semrush.com/bot.html)"
116.105.202.109 - - [30/Nov/2018:03:38:50 +0000] "GET /search/category?q=shophouse HTTP/2.0" 200 22 "https://cungcap.net/post/add" "Mozilla/5.0 (Windows NT 6.1; WOW64) AppleWebKit/537.36 (KHTML, like Gecko) coc_coc_browser/76.0.102 Chrome/70.0.3538.102 Safari/537.36"
37.9.113.15 - - [30/Nov/2018:03:38:51 +0000] "GET /ip/2406:3000:4f:195::ec5 HTTP/1.1" 200 3504 "-" "Mozilla/5.0 (compatible; YandexBot/3.0; +http://yandex.com/bots)"
46.229.168.130 - - [30/Nov/2018:03:38:51 +0000] "GET /site/5bb25732024e1721d3714532/bh-photo-video-digital-cameras-photography-camcorders HTTP/1.1" 200 5346 "-" "Mozilla/5.0 (compatible; SemrushBot/2~bl; +http://www.semrush.com/bot.html)"
54.36.148.65 - - [30/Nov/2018:03:38:51 +0000] "GET /ip/2606:4700:30::681c:16b9 HTTP/1.1" 200 3505 "-" "Mozilla/5.0 (compatible; AhrefsBot/5.2; +http://ahrefs.com/robot/)"
116.105.202.109 - - [30/Nov/2018:03:38:51 +0000] "GET /search/category?q=shophouse%20ta HTTP/2.0" 499 0 "https://cungcap.net/post/add" "Mozilla/5.0 (Windows NT 6.1; WOW64) AppleWebKit/537.36 (KHTML, like Gecko) coc_coc_browser/76.0.102 Chrome/70.0.3538.102 Safari/537.36"
116.105.202.109 - - [30/Nov/2018:03:38:52 +0000] "GET /search/category?q=shophouse%20t%E1%BA%A1i HTTP/2.0" 499 0 "https://cungcap.net/post/add" "Mozilla/5.0 (Windows NT 6.1; WOW64) AppleWebKit/537.36 (KHTML, like Gecko) coc_coc_browser/76.0.102 Chrome/70.0.3538.102 Safari/537.36"
116.105.202.109 - - [30/Nov/2018:03:38:53 +0000] "GET /search/category?q=shophouse%20t%E1%BA%A1i%20%C4%91 HTTP/2.0" 499 0 "https://cungcap.net/post/add" "Mozilla/5.0 (Windows NT 6.1; WOW64) AppleWebKit/537.36 (KHTML, like Gecko) coc_coc_browser/76.0.102 Chrome/70.0.3538.102 Safari/537.36"
116.105.202.109 - - [30/Nov/2018:03:38:54 +0000] "GET /search/category?q=shophouse%20t%E1%BA%A1i%20%C4%91%C3%A0 HTTP/2.0" 499 0 "https://cungcap.net/post/add" "Mozilla/5.0 (Windows NT 6.1; WOW64) AppleWebKit/537.36 (KHTML, like Gecko) coc_coc_browser/76.0.102 Chrome/70.0.3538.102 Safari/537.36"
116.105.202.109 - - [30/Nov/2018:03:38:54 +0000] "GET /search/category?q=shophouse%20t%E1%BA%A1i%20%C4%91%C3%A0 HTTP/2.0" 499 0 "https://cungcap.net/post/add" "Mozilla/5.0 (Windows NT 6.1; WOW64) AppleWebKit/537.36 (KHTML, like Gecko) coc_coc_browser/76.0.102 Chrome/70.0.3538.102 Safari/537.36"
116.105.202.109 - - [30/Nov/2018:03:38:55 +0000] "GET /search/category?q=shophouse%20t%E1%BA%A1i%20%C4%91%C3%A0%20n%C4%83n HTTP/2.0" 499 0 "https://cungcap.net/post/add" "Mozilla/5.0 (Windows NT 6.1; WOW64) AppleWebKit/537.36 (KHTML, like Gecko) coc_coc_browser/76.0.102 Chrome/70.0.3538.102 Safari/537.36"
46.229.168.137 - - [30/Nov/2018:03:38:56 +0000] "GET /site/5bdb3b515f37e33bcb7464b1/scholarships-nshss HTTP/1.1" 200 3971 "-" "Mozilla/5.0 (compatible; SemrushBot/2~bl; +http://www.semrush.com/bot.html)"
46.229.168.137 - - [30/Nov/2018:03:38:58 +0000] "GET /site/5bdb3b515f37e33bcb7464b1/scholarships-nshss HTTP/1.1" 200 3971 "-" "Mozilla/5.0 (compatible; SemrushBot/2~bl; +http://www.semrush.com/bot.html)"
141.8.132.18 - - [30/Nov/2018:03:38:59 +0000] "GET /site/5bb55208024e17375a4a7fc3/golfclub-haus-bey-ev-virtual-golfcourse HTTP/1.1" 200 5299 "-" "Mozilla/5.0 (compatible; YandexBot/3.0; +http://yandex.com/bots)"
116.105.202.109 - - [30/Nov/2018:03:38:59 +0000] "GET /search/category?q=shophouse%20t%E1%BA%A1i%20%C4%91%C3%A0%20n%E1%BA%B5ng HTTP/2.0" 200 220 "https://cungcap.net/post/add" "Mozilla/5.0 (Windows NT 6.1; WOW64) AppleWebKit/537.36 (KHTML, like Gecko) coc_coc_browser/76.0.102 Chrome/70.0.3538.102 Safari/537.36"
66.249.79.97 - - [30/Nov/2018:03:38:59 +0000] "GET /product/5bc43e5210a4c84cb0467e7d/balo-laptop-stm-australia-haven-xanh-navy HTTP/1.1" 200 5050 "-" "Mozilla/5.0 (compatible; Googlebot/2.1; +http://www.google.com/bot.html)"
5.45.207.78 - - [30/Nov/2018:03:39:00 +0000] "GET /ip/104.24.20.23 HTTP/1.1" 200 3490 "-" "Mozilla/5.0 (compatible; YandexBot/3.0; +http://yandex.com/bots)"
54.36.149.106 - - [30/Nov/2018:03:39:01 +0000] "GET /product/5be50af45f37e31178259ccb/dong-ho-nam-crrju-2113 HTTP/1.1" 200 5096 "-" "Mozilla/5.0 (compatible; AhrefsBot/5.2; +http://ahrefs.com/robot/)"
178.154.200.60 - - [30/Nov/2018:03:39:01 +0000] "GET /k/EsOkey+com+Okey+Oyna+About+Facebook HTTP/1.1" 200 2538 "-" "Mozilla/5.0 (compatible; YandexBot/3.0; +http://yandex.com/bots)"
46.229.168.153 - - [30/Nov/2018:03:39:02 +0000] "GET /product/5be8352f5f37e32d1e31299f/day-chuyen-inox-cap-doi-manh-ghep-chu-love-mau-trang-den-mc140 HTTP/1.1" 200 5103 "-" "Mozilla/5.0 (compatible; SemrushBot/2~bl; +http://www.semrush.com/bot.html)"
31.220.110.247 - - [30/Nov/2018:03:39:02 +0000] "GET /cron/craw_info_domain HTTP/1.0" 500 87715 "-" "Wget/1.12 (linux-gnu)"
141.8.132.18 - - [30/Nov/2018:03:39:02 +0000] "GET /ip/34.228.174.252 HTTP/1.1" 200 3494 "-" "Mozilla/5.0 (compatible; YandexBot/3.0; +http://yandex.com/bots)"
31.220.110.247 - - [30/Nov/2018:03:39:02 +0000] "GET /cron/import_affiliate HTTP/1.0" 500 131525 "-" "Wget/1.12 (linux-gnu)"
31.220.110.247 - - [30/Nov/2018:03:39:02 +0000] "GET /cron/craw_note HTTP/1.0" 500 98665 "-" "Wget/1.12 (linux-gnu)"
31.220.110.247 - - [30/Nov/2018:03:39:02 +0000] "GET /cron/get_dns_record_domain HTTP/1.0" 500 84977 "-" "Wget/1.12 (linux-gnu)"
31.220.110.247 - - [30/Nov/2018:03:39:02 +0000] "GET /cron/index_elasticsearch HTTP/1.0" 500 84969 "-" "Wget/1.12 (linux-gnu)"
5.45.207.78 - - [30/Nov/2018:03:39:02 +0000] "GET /ip/185.119.88.240 HTTP/1.1" 200 3484 "-" "Mozilla/5.0 (compatible; YandexBot/3.0; +http://yandex.com/bots)"
141.8.132.18 - - [30/Nov/2018:03:39:03 +0000] "GET /ip/82.204.37.112 HTTP/1.1" 200 3504 "-" "Mozilla/5.0 (compatible; YandexBot/3.0; +http://yandex.com/bots)"
5.45.207.78 - - [30/Nov/2018:03:39:03 +0000] "GET /ip/103.6.238.232 HTTP/1.1" 200 3483 "-" "Mozilla/5.0 (compatible; YandexBot/3.0; +http://yandex.com/bots)"
141.8.132.18 - - [30/Nov/2018:03:39:04 +0000] "GET /ip/104.128.237.178 HTTP/1.1" 200 3500 "-" "Mozilla/5.0 (compatible; YandexBot/3.0; +http://yandex.com/bots)"
178.154.200.60 - - [30/Nov/2018:03:39:04 +0000] "GET /ip/2a01:4f8:121:1ffe:1:1366::424 HTTP/1.1" 200 3523 "-" "Mozilla/5.0 (compatible; YandexBot/3.0; +http://yandex.com/bots)"
5.45.207.78 - - [30/Nov/2018:03:39:05 +0000] "GET /ip/104.24.7.89 HTTP/1.1" 200 3490 "-" "Mozilla/5.0 (compatible; YandexBot/3.0; +http://yandex.com/bots)"
141.8.132.18 - - [30/Nov/2018:03:39:05 +0000] "GET /ip/52.53.105.60 HTTP/1.1" 200 3499 "-" "Mozilla/5.0 (compatible; YandexBot/3.0; +http://yandex.com/bots)"
178.154.200.60 - - [30/Nov/2018:03:39:06 +0000] "GET /ip/70.32.68.242 HTTP/1.1" 200 3500 "-" "Mozilla/5.0 (compatible; YandexBot/3.0; +http://yandex.com/bots)"
5.45.207.78 - - [30/Nov/2018:03:39:06 +0000] "GET /ip/104.27.141.160 HTTP/1.1" 200 3491 "-" "Mozilla/5.0 (compatible; YandexBot/3.0; +http://yandex.com/bots)"
141.8.132.18 - - [30/Nov/2018:03:39:07 +0000] "GET /ip/138.201.226.176 HTTP/1.1" 200 3506 "-" "Mozilla/5.0 (compatible; YandexBot/3.0; +http://yandex.com/bots)"
178.154.200.60 - - [30/Nov/2018:03:39:07 +0000] "GET /ip/2606:4700:30::6812:2e81 HTTP/1.1" 200 3503 "-" "Mozilla/5.0 (compatible; YandexBot/3.0; +http://yandex.com/bots)"
5.45.207.78 - - [30/Nov/2018:03:39:08 +0000] "GET /ip/2606:4700:30::681c:147f HTTP/1.1" 200 3505 "-" "Mozilla/5.0 (compatible; YandexBot/3.0; +http://yandex.com/bots)"
64.233.173.130 - - [30/Nov/2018:03:39:08 +0000] "GET /site/5bb08fa4024e17193433a71e/hdtvkingin-website-hdtvkingme-free-watch-and-download HTTP/1.1" 200 5415 "https://translate.googleusercontent.com/translate_c?depth=1&hl=hi&nv=1&prev=search&rurl=translate.google.co.in&sl=en&sp=nmt4&u=http://hdtvking.live.d.cungcap.net/&xid=17259,15700023,15700122,15700124,15700149,15700186,15700190,15700201,15700237&usg=ALkJrhhEzjI-r-QTWDZWcwZrbHC6BCGZCQ" "Mozilla/5.0 (Linux; Android 6.0.1; SM-J210F Build/MMB29Q; wv) AppleWebKit/537.36 (KHTML, like Gecko) Version/4.0 Chrome/52.0.2743.98 Mobile Safari/537.36 UCBrowser/11.5.2.1188 (UCMini) Mobile,gzip(gfe)"
103.131.71.98 - - [30/Nov/2018:03:39:08 +0000] "GET /news/1119/old HTTP/1.1" 200 7402 "-" "Mozilla/5.0 (compatible; coccocbot-web/1.0; +http://help.coccoc.com/searchengine)"
141.8.132.18 - - [30/Nov/2018:03:39:08 +0000] "GET /ip/2606:4700:30::681f:5cb8 HTTP/1.1" 200 3503 "-" "Mozilla/5.0 (compatible; YandexBot/3.0; +http://yandex.com/bots)"
178.154.200.60 - - [30/Nov/2018:03:39:09 +0000] "GET /k/The+Meb+Faber+Show+YouTube HTTP/1.1" 200 2524 "-" "Mozilla/5.0 (compatible; YandexBot/3.0; +http://yandex.com/bots)"
178.154.200.60 - - [30/Nov/2018:03:39:09 +0000] "GET /k/Kies+Cihazlar+aras%C4%B1nda+verileri+senkronize+edin+Samsung+Destek+TR HTTP/1.1" 200 2582 "-" "Mozilla/5.0 (compatible; YandexBot/3.0; +http://yandex.com/bots)"
46.229.168.138 - - [30/Nov/2018:03:39:10 +0000] "GET /product/5bc5174610a4c8390a63cee7/thuc-pham-chuc-nang-glucosamine-kirkland HTTP/1.1" 200 5451 "-" "Mozilla/5.0 (compatible; SemrushBot/2~bl; +http://www.semrush.com/bot.html)"
116.105.202.109 - - [30/Nov/2018:03:39:10 +0000] "GET /search/category?q=Sh HTTP/2.0" 200 22 "https://cungcap.net/post/add" "Mozilla/5.0 (Windows NT 6.1; WOW64) AppleWebKit/537.36 (KHTML, like Gecko) coc_coc_browser/76.0.102 Chrome/70.0.3538.102 Safari/537.36"
116.105.202.109 - - [30/Nov/2018:03:39:11 +0000] "GET /search/category?q=sh HTTP/2.0" 499 0 "https://cungcap.net/post/add" "Mozilla/5.0 (Windows NT 6.1; WOW64) AppleWebKit/537.36 (KHTML, like Gecko) coc_coc_browser/76.0.102 Chrome/70.0.3538.102 Safari/537.36"
116.105.202.109 - - [30/Nov/2018:03:39:12 +0000] "GET /search/category?q=shop HTTP/2.0" 499 0 "https://cungcap.net/post/add" "Mozilla/5.0 (Windows NT 6.1; WOW64) AppleWebKit/537.36 (KHTML, like Gecko) coc_coc_browser/76.0.102 Chrome/70.0.3538.102 Safari/537.36"
116.105.202.109 - - [30/Nov/2018:03:39:12 +0000] "GET /search/category?q=shophou HTTP/2.0" 200 22 "https://cungcap.net/post/add" "Mozilla/5.0 (Windows NT 6.1; WOW64) AppleWebKit/537.36 (KHTML, like Gecko) coc_coc_browser/76.0.102 Chrome/70.0.3538.102 Safari/537.36"
66.249.79.134 - - [30/Nov/2018:03:39:13 +0000] "GET /ads.txt HTTP/1.1" 200 2669 "-" "Mozilla/5.0 (compatible; Googlebot/2.1; +http://www.google.com/bot.html)"
66.249.79.102 - - [30/Nov/2018:03:39:14 +0000] "GET /ip/184.168.221.68 HTTP/1.1" 200 3495 "-" "Mozilla/5.0 (Linux; Android 6.0.1; Nexus 5X Build/MMB29P) AppleWebKit/537.36 (KHTML, like Gecko) Chrome/41.0.2272.96 Mobile Safari/537.36 (compatible; Googlebot/2.1; +http://www.google.com/bot.html)"
116.105.202.109 - - [30/Nov/2018:03:39:14 +0000] "GET /search/category?q=shophouse HTTP/2.0" 200 22 "https://cungcap.net/post/add" "Mozilla/5.0 (Windows NT 6.1; WOW64) AppleWebKit/537.36 (KHTML, like Gecko) coc_coc_browser/76.0.102 Chrome/70.0.3538.102 Safari/537.36"
116.105.202.109 - - [30/Nov/2018:03:39:15 +0000] "GET /search/category?q=shophouse HTTP/2.0" 200 22 "https://cungcap.net/post/add" "Mozilla/5.0 (Windows NT 6.1; WOW64) AppleWebKit/537.36 (KHTML, like Gecko) coc_coc_browser/76.0.102 Chrome/70.0.3538.102 Safari/537.36"
116.105.202.109 - - [30/Nov/2018:03:39:16 +0000] "GET /search/category?q=shophouse%20ma HTTP/2.0" 200 22 "https://cungcap.net/post/add" "Mozilla/5.0 (Windows NT 6.1; WOW64) AppleWebKit/537.36 (KHTML, like Gecko) coc_coc_browser/76.0.102 Chrome/70.0.3538.102 Safari/537.36"
37.9.113.15 - - [30/Nov/2018:03:39:17 +0000] "GET /k/Student+visa+subclass+500 HTTP/1.1" 200 2519 "-" "Mozilla/5.0 (compatible; YandexBot/3.0; +http://yandex.com/bots)"
172.245.220.138 - - [30/Nov/2018:03:39:17 +0000] "GET / HTTP/1.0" 200 4720 "https://cungcap.net/" "Mozilla/5.0 (X11; Fedora; Linux x86_64) AppleWebKit/537.36 (KHTML, like Gecko) Chrome/66.0.3359.170 Safari/537.36"
116.105.202.109 - - [30/Nov/2018:03:39:17 +0000] "GET /search/category?q=shophouse%20mari HTTP/2.0" 200 22 "https://cungcap.net/post/add" "Mozilla/5.0 (Windows NT 6.1; WOW64) AppleWebKit/537.36 (KHTML, like Gecko) coc_coc_browser/76.0.102 Chrome/70.0.3538.102 Safari/537.36"
116.105.202.109 - - [30/Nov/2018:03:39:19 +0000] "GET /search/category?q=shophouse%20marina HTTP/2.0" 499 0 "https://cungcap.net/post/add" "Mozilla/5.0 (Windows NT 6.1; WOW64) AppleWebKit/537.36 (KHTML, like Gecko) coc_coc_browser/76.0.102 Chrome/70.0.3538.102 Safari/537.36"
46.229.168.131 - - [30/Nov/2018:03:39:19 +0000] "GET /product/5bc5fe2210a4c822f771cb49/nuoc-than-dior-essence-of-light-15ml?page=2 HTTP/1.1" 200 5441 "-" "Mozilla/5.0 (compatible; SemrushBot/2~bl; +http://www.semrush.com/bot.html)"
116.105.202.109 - - [30/Nov/2018:03:39:19 +0000] "GET /search/category?q=shophouse%20marinaco HTTP/2.0" 499 0 "https://cungcap.net/post/add" "Mozilla/5.0 (Windows NT 6.1; WOW64) AppleWebKit/537.36 (KHTML, like Gecko) coc_coc_browser/76.0.102 Chrome/70.0.3538.102 Safari/537.36"
172.245.220.138 - - [30/Nov/2018:03:39:19 +0000] "GET /login HTTP/1.1" 200 3304 "https://cungcap.net/" "Mozilla/5.0 (X11; Fedora; Linux x86_64) AppleWebKit/537.36 (KHTML, like Gecko) Chrome/66.0.3359.170 Safari/537.36"
116.105.202.109 - - [30/Nov/2018:03:39:19 +0000] "GET /search/category?q=shophouse%20marinacom HTTP/2.0" 200 22 "https://cungcap.net/post/add" "Mozilla/5.0 (Windows NT 6.1; WOW64) AppleWebKit/537.36 (KHTML, like Gecko) coc_coc_browser/76.0.102 Chrome/70.0.3538.102 Safari/537.36"
172.245.220.138 - - [30/Nov/2018:03:39:19 +0000] "GET /register HTTP/1.1" 200 3377 "https://cungcap.net/login" "Mozilla/5.0 (X11; Fedora; Linux x86_64) AppleWebKit/537.36 (KHTML, like Gecko) Chrome/66.0.3359.170 Safari/537.36"
37.9.113.15 - - [30/Nov/2018:03:39:19 +0000] "GET /k/C%E1%BB%A7+S%E1%BA%A1c+Nhanh+Xiaomi+2+C%E1%BB%95ng+Usb+2017+Qc+3+0 HTTP/1.1" 200 2591 "-" "Mozilla/5.0 (compatible; YandexBot/3.0; +http://yandex.com/bots)"
116.105.202.109 - - [30/Nov/2018:03:39:20 +0000] "GET /search/category?q=shophouse%20marinacomp HTTP/2.0" 499 0 "https://cungcap.net/post/add" "Mozilla/5.0 (Windows NT 6.1; WOW64) AppleWebKit/537.36 (KHTML, like Gecko) coc_coc_browser/76.0.102 Chrome/70.0.3538.102 Safari/537.36"
116.105.202.109 - - [30/Nov/2018:03:39:21 +0000] "GET /search/category?q=shophouse%20marinacompl HTTP/2.0" 499 0 "https://cungcap.net/post/add" "Mozilla/5.0 (Windows NT 6.1; WOW64) AppleWebKit/537.36 (KHTML, like Gecko) coc_coc_browser/76.0.102 Chrome/70.0.3538.102 Safari/537.36"
116.105.202.109 - - [30/Nov/2018:03:39:21 +0000] "GET /search/category?q=shophouse%20marinacomple HTTP/2.0" 200 22 "https://cungcap.net/post/add" "Mozilla/5.0 (Windows NT 6.1; WOW64) AppleWebKit/537.36 (KHTML, like Gecko) coc_coc_browser/76.0.102 Chrome/70.0.3538.102 Safari/537.36"
116.105.202.109 - - [30/Nov/2018:03:39:22 +0000] "GET /search/category?q=shophouse%20marinacomplex HTTP/2.0" 200 22 "https://cungcap.net/post/add" "Mozilla/5.0 (Windows NT 6.1; WOW64) AppleWebKit/537.36 (KHTML, like Gecko) coc_coc_browser/76.0.102 Chrome/70.0.3538.102 Safari/537.36"
66.249.79.129 - - [30/Nov/2018:03:39:23 +0000] "GET /ads.txt HTTP/1.1" 200 2660 "-" "Mozilla/5.0 (compatible; Googlebot/2.1; +http://www.google.com/bot.html)"
46.229.168.141 - - [30/Nov/2018:03:39:23 +0000] "GET /site/5bb1226e024e171d7c613a66/charles-schwab-corp-at-charlesschwab-twitter HTTP/1.1" 200 5144 "-" "Mozilla/5.0 (compatible; SemrushBot/2~bl; +http://www.semrush.com/bot.html)"
37.9.113.15 - - [30/Nov/2018:03:39:23 +0000] "GET /ip/94.23.164.88 HTTP/1.1" 200 3491 "-" "Mozilla/5.0 (compatible; YandexBot/3.0; +http://yandex.com/bots)"
116.105.202.109 - - [30/Nov/2018:03:39:24 +0000] "GET /search/category?q=shophouse%20marinacomplex HTTP/2.0" 200 22 "https://cungcap.net/post/add" "Mozilla/5.0 (Windows NT 6.1; WOW64) AppleWebKit/537.36 (KHTML, like Gecko) coc_coc_browser/76.0.102 Chrome/70.0.3538.102 Safari/537.36"
116.105.202.109 - - [30/Nov/2018:03:39:25 +0000] "GET /search/category?q=shophouse%20marinacomplex%20i HTTP/2.0" 499 0 "https://cungcap.net/post/add" "Mozilla/5.0 (Windows NT 6.1; WOW64) AppleWebKit/537.36 (KHTML, like Gecko) coc_coc_browser/76.0.102 Chrome/70.0.3538.102 Safari/537.36"
141.8.132.18 - - [30/Nov/2018:03:39:26 +0000] "GET /k/Winthrop+Arzneimittel+Wikipedia HTTP/1.1" 200 2527 "-" "Mozilla/5.0 (compatible; YandexBot/3.0; +http://yandex.com/bots)"
116.105.202.109 - - [30/Nov/2018:03:39:26 +0000] "GET /search/category?q=shophouse%20marinacomplex%20in HTTP/2.0" 200 177 "https://cungcap.net/post/add" "Mozilla/5.0 (Windows NT 6.1; WOW64) AppleWebKit/537.36 (KHTML, like Gecko) coc_coc_browser/76.0.102 Chrome/70.0.3538.102 Safari/537.36"
178.154.200.60 - - [30/Nov/2018:03:39:27 +0000] "GET /k/10+%C4%B0nan%C4%B1lmaz+Fen+Deneyleri+evde+yapabilirsiniz+YouTube HTTP/1.1" 200 2575 "-" "Mozilla/5.0 (compatible; YandexBot/3.0; +http://yandex.com/bots)"
116.105.202.109 - - [30/Nov/2018:03:39:28 +0000] "GET /search/category?q=shophouse%20marinacomplex%20in%20d HTTP/2.0" 499 0 "https://cungcap.net/post/add" "Mozilla/5.0 (Windows NT 6.1; WOW64) AppleWebKit/537.36 (KHTML, like Gecko) coc_coc_browser/76.0.102 Chrome/70.0.3538.102 Safari/537.36"
116.105.202.109 - - [30/Nov/2018:03:39:30 +0000] "GET /search/category?q=shophouse%20marinacomplex%20in%20da HTTP/2.0" 499 0 "https://cungcap.net/post/add" "Mozilla/5.0 (Windows NT 6.1; WOW64) AppleWebKit/537.36 (KHTML, like Gecko) coc_coc_browser/76.0.102 Chrome/70.0.3538.102 Safari/537.36"
116.105.202.109 - - [30/Nov/2018:03:39:30 +0000] "GET /search/category?q=shophouse%20marinacomplex%20in%20da%20n HTTP/2.0" 499 0 "https://cungcap.net/post/add" "Mozilla/5.0 (Windows NT 6.1; WOW64) AppleWebKit/537.36 (KHTML, like Gecko) coc_coc_browser/76.0.102 Chrome/70.0.3538.102 Safari/537.36"
116.105.202.109 - - [30/Nov/2018:03:39:30 +0000] "GET /search/category?q=shophouse%20marinacomplex%20in%20da%20nan HTTP/2.0" 499 0 "https://cungcap.net/post/add" "Mozilla/5.0 (Windows NT 6.1; WOW64) AppleWebKit/537.36 (KHTML, like Gecko) coc_coc_browser/76.0.102 Chrome/70.0.3538.102 Safari/537.36"
66.249.79.74 - - [30/Nov/2018:03:39:34 +0000] "GET /ads.txt HTTP/1.1" 200 2665 "-" "Mozilla/5.0 (compatible; Googlebot/2.1; +http://www.google.com/bot.html)"
54.36.148.106 - - [30/Nov/2018:03:39:35 +0000] "GET /product/5be4bd245f37e3380c26f0b8/lac-tay-nu-uha-15-trang?page=5 HTTP/1.1" 200 5048 "-" "Mozilla/5.0 (compatible; AhrefsBot/5.2; +http://ahrefs.com/robot/)"
46.229.168.138 - - [30/Nov/2018:03:39:35 +0000] "GET /product/5be821bb5f37e3205c121379/tu-lanh-tu-lanh-nho-tu-lanh-mini HTTP/1.1" 200 5050 "-" "Mozilla/5.0 (compatible; SemrushBot/2~bl; +http://www.semrush.com/bot.html)"
54.36.149.18 - - [30/Nov/2018:03:39:35 +0000] "GET /product/5bf6c4af5f37e32b075936f2/500g-da-lam-vong-phong-thuy-size-10mm HTTP/1.1" 200 5222 "-" "Mozilla/5.0 (compatible; AhrefsBot/5.2; +http://ahrefs.com/robot/)"
54.36.148.76 - - [30/Nov/2018:03:39:35 +0000] "GET /ip/104.24.0.78 HTTP/1.1" 200 3485 "-" "Mozilla/5.0 (compatible; AhrefsBot/5.2; +http://ahrefs.com/robot/)"
116.105.202.109 - - [30/Nov/2018:03:39:36 +0000] "GET /search/category?q=shophouse%20marinacomplex%20in%20da%20nang HTTP/2.0" 499 0 "https://cungcap.net/post/add" "Mozilla/5.0 (Windows NT 6.1; WOW64) AppleWebKit/537.36 (KHTML, like Gecko) coc_coc_browser/76.0.102 Chrome/70.0.3538.102 Safari/537.36"
178.154.200.60 - - [30/Nov/2018:03:39:36 +0000] "GET /argentina+jersey?page=2 HTTP/1.1" 200 5091 "-" "Mozilla/5.0 (compatible; YandexBot/3.0; +http://yandex.com/bots)"
54.36.149.18 - - [30/Nov/2018:03:39:36 +0000] "GET /product/5bc4a25310a4c87e164510d5/nhan-bac-luxury HTTP/1.1" 200 4952 "-" "Mozilla/5.0 (compatible; AhrefsBot/5.2; +http://ahrefs.com/robot/)"
116.105.202.109 - - [30/Nov/2018:03:39:36 +0000] "GET /search/category?q=shophouse%20marinacomplex%20in%20da%20nag HTTP/2.0" 499 0 "https://cungcap.net/post/add" "Mozilla/5.0 (Windows NT 6.1; WOW64) AppleWebKit/537.36 (KHTML, like Gecko) coc_coc_browser/76.0.102 Chrome/70.0.3538.102 Safari/537.36"
116.105.202.109 - - [30/Nov/2018:03:39:37 +0000] "GET /search/category?q=shophouse%20marinacomplex%20in%20da%20ng HTTP/2.0" 499 0 "https://cungcap.net/post/add" "Mozilla/5.0 (Windows NT 6.1; WOW64) AppleWebKit/537.36 (KHTML, like Gecko) coc_coc_browser/76.0.102 Chrome/70.0.3538.102 Safari/537.36"
116.105.202.109 - - [30/Nov/2018:03:39:37 +0000] "GET /search/category?q=shophouse%20marinacomplex%20in%20da%20g HTTP/2.0" 499 0 "https://cungcap.net/post/add" "Mozilla/5.0 (Windows NT 6.1; WOW64) AppleWebKit/537.36 (KHTML, like Gecko) coc_coc_browser/76.0.102 Chrome/70.0.3538.102 Safari/537.36"
116.105.202.109 - - [30/Nov/2018:03:39:37 +0000] "GET /search/category?q=shophouse%20marinacomplex%20in%20dag HTTP/2.0" 499 0 "https://cungcap.net/post/add" "Mozilla/5.0 (Windows NT 6.1; WOW64) AppleWebKit/537.36 (KHTML, like Gecko) coc_coc_browser/76.0.102 Chrome/70.0.3538.102 Safari/537.36"
5.45.207.78 - - [30/Nov/2018:03:39:37 +0000] "GET /k/2018+Sonoff+dc220v+Wireless+Control+Wifi+Switch+Smart+Home+Automation+Intelligent+Wireless+Center+for+Light+10A+2200W HTTP/1.1" 200 2631 "-" "Mozilla/5.0 (compatible; YandexBot/3.0; +http://yandex.com/bots)"
178.154.200.60 - - [30/Nov/2018:03:39:38 +0000] "GET /k/http+www+budulgan+com+kurtulus+savasi+ne+zaman+basladi+Mynet HTTP/1.1" 200 2570 "-" "Mozilla/5.0 (compatible; YandexBot/3.0; +http://yandex.com/bots)"
116.105.202.109 - - [30/Nov/2018:03:39:39 +0000] "GET /search/category?q=shophouse%20marinacomplex%20in%20dg HTTP/2.0" 499 0 "https://cungcap.net/post/add" "Mozilla/5.0 (Windows NT 6.1; WOW64) AppleWebKit/537.36 (KHTML, like Gecko) coc_coc_browser/76.0.102 Chrome/70.0.3538.102 Safari/537.36"
46.229.168.144 - - [30/Nov/2018:03:39:40 +0000] "GET /product/5bf409c75f37e347eb40dcd2/tham-lam-mat-tencel-m6-va-m8 HTTP/1.1" 200 5099 "-" "Mozilla/5.0 (compatible; SemrushBot/2~bl; +http://www.semrush.com/bot.html)"
116.105.202.109 - - [30/Nov/2018:03:39:40 +0000] "GET /search/category?q=shophouse%20marinacomplex%20in%20d HTTP/2.0" 499 0 "https://cungcap.net/post/add" "Mozilla/5.0 (Windows NT 6.1; WOW64) AppleWebKit/537.36 (KHTML, like Gecko) coc_coc_browser/76.0.102 Chrome/70.0.3538.102 Safari/537.36"
37.9.113.24 - - [30/Nov/2018:03:39:41 +0000] "GET /ip/104.27.145.214 HTTP/1.1" 200 3482 "-" "Mozilla/5.0 (compatible; YandexBot/3.0; +http://yandex.com/bots)"
116.105.202.109 - - [30/Nov/2018:03:39:41 +0000] "GET /search/category?q=shophouse%20marinacomplex%20in HTTP/2.0" 200 177 "https://cungcap.net/post/add" "Mozilla/5.0 (Windows NT 6.1; WOW64) AppleWebKit/537.36 (KHTML, like Gecko) coc_coc_browser/76.0.102 Chrome/70.0.3538.102 Safari/537.36"
141.8.132.18 - - [30/Nov/2018:03:39:43 +0000] "GET /ip/185.56.74.100 HTTP/1.1" 200 3471 "-" "Mozilla/5.0 (compatible; YandexBot/3.0; +http://yandex.com/bots)"
46.229.168.139 - - [30/Nov/2018:03:39:43 +0000] "GET /go/5bab0e7644ac67442734635b/hanhtoisachcom HTTP/1.1" 200 1947 "-" "Mozilla/5.0 (compatible; SemrushBot/2~bl; +http://www.semrush.com/bot.html)"
66.249.79.156 - - [30/Nov/2018:03:39:44 +0000] "GET /ads.txt HTTP/1.1" 200 2664 "-" "Mozilla/5.0 (compatible; Googlebot/2.1; +http://www.google.com/bot.html)"
185.92.73.107 - - [30/Nov/2018:03:39:44 +0000] "HEAD /news/564/old HTTP/1.1" 200 0 "-" "Mozilla/5.0 (Windows NT 10.0; WOW64) AppleWebKit/537.36 (KHTML, like Gecko) Chrome/55.0.2883.87 Safari/537.36 OPR/42.0.2393.94"
116.105.202.109 - - [30/Nov/2018:03:39:44 +0000] "GET /search/category?q=shophouse%20marinacomplex%20in%20d HTTP/2.0" 499 0 "https://cungcap.net/post/add" "Mozilla/5.0 (Windows NT 6.1; WOW64) AppleWebKit/537.36 (KHTML, like Gecko) coc_coc_browser/76.0.102 Chrome/70.0.3538.102 Safari/537.36"
178.154.200.60 - - [30/Nov/2018:03:39:44 +0000] "GET /ip/104.31.66.100 HTTP/1.1" 200 3485 "-" "Mozilla/5.0 (compatible; YandexBot/3.0; +http://yandex.com/bots)"
178.154.200.60 - - [30/Nov/2018:03:39:45 +0000] "GET /ip/104.16.237.67 HTTP/1.1" 200 3490 "-" "Mozilla/5.0 (compatible; YandexBot/3.0; +http://yandex.com/bots)"
185.92.73.107 - - [30/Nov/2018:03:39:45 +0000] "HEAD /news/564/old HTTP/1.1" 200 0 "-" "Mozilla/5.0 (Windows NT 10.0; WOW64) AppleWebKit/537.36 (KHTML, like Gecko) Chrome/55.0.2883.87 Safari/537.36 OPR/42.0.2393.94"
116.105.202.109 - - [30/Nov/2018:03:39:45 +0000] "GET /search/category?q=shophouse%20marinacomplex%20in%20da HTTP/2.0" 499 0 "https://cungcap.net/post/add" "Mozilla/5.0 (Windows NT 6.1; WOW64) AppleWebKit/537.36 (KHTML, like Gecko) coc_coc_browser/76.0.102 Chrome/70.0.3538.102 Safari/537.36"
185.92.73.107 - - [30/Nov/2018:03:39:45 +0000] "GET /news/564/old HTTP/1.1" 200 8061 "-" "Mozilla/5.0 (Windows NT 10.0; WOW64) AppleWebKit/537.36 (KHTML, like Gecko) Chrome/55.0.2883.87 Safari/537.36 OPR/42.0.2393.94"
116.105.202.109 - - [30/Nov/2018:03:39:46 +0000] "GET /search/category?q=shophouse%20marinacomplex%20in%20da HTTP/2.0" 200 177 "https://cungcap.net/post/add" "Mozilla/5.0 (Windows NT 6.1; WOW64) AppleWebKit/537.36 (KHTML, like Gecko) coc_coc_browser/76.0.102 Chrome/70.0.3538.102 Safari/537.36"
54.36.148.183 - - [30/Nov/2018:03:39:47 +0000] "GET /product/5beeefd75f37e355876e9fb8/ao-ve-sinh-may-lanh-cao-cap HTTP/1.1" 200 5127 "-" "Mozilla/5.0 (compatible; AhrefsBot/5.2; +http://ahrefs.com/robot/)"
116.105.202.109 - - [30/Nov/2018:03:39:47 +0000] "GET /search/category?q=shophouse%20marinacomplex%20in%20da%20n HTTP/2.0" 200 202 "https://cungcap.net/post/add" "Mozilla/5.0 (Windows NT 6.1; WOW64) AppleWebKit/537.36 (KHTML, like Gecko) coc_coc_browser/76.0.102 Chrome/70.0.3538.102 Safari/537.36"
116.105.202.109 - - [30/Nov/2018:03:39:48 +0000] "GET /search/category?q=shophouse%20marinacomplex%20in%20da%20na HTTP/2.0" 499 0 "https://cungcap.net/post/add" "Mozilla/5.0 (Windows NT 6.1; WOW64) AppleWebKit/537.36 (KHTML, like Gecko) coc_coc_browser/76.0.102 Chrome/70.0.3538.102 Safari/537.36"
116.105.202.109 - - [30/Nov/2018:03:39:48 +0000] "GET /search/category?q=shophouse%20marinacomplex%20in%20da%20nan HTTP/2.0" 499 0 "https://cungcap.net/post/add" "Mozilla/5.0 (Windows NT 6.1; WOW64) AppleWebKit/537.36 (KHTML, like Gecko) coc_coc_browser/76.0.102 Chrome/70.0.3538.102 Safari/537.36"
116.105.202.109 - - [30/Nov/2018:03:39:49 +0000] "GET /search/category?q=shophouse%20marinacomplex%20in%20da%20nang HTTP/2.0" 200 177 "https://cungcap.net/post/add" "Mozilla/5.0 (Windows NT 6.1; WOW64) AppleWebKit/537.36 (KHTML, like Gecko) coc_coc_browser/76.0.102 Chrome/70.0.3538.102 Safari/537.36"
37.9.113.15 - - [30/Nov/2018:03:39:51 +0000] "GET /k/National+Baptist+Convention,+USA,+Inc.+H.O.P.E.+HHS+... HTTP/1.1" 200 2561 "-" "Mozilla/5.0 (compatible; YandexBot/3.0; +http://yandex.com/bots)"
141.8.132.18 - - [30/Nov/2018:03:39:54 +0000] "GET /ip/85.14.248.156 HTTP/1.1" 200 3497 "-" "Mozilla/5.0 (compatible; YandexBot/3.0; +http://yandex.com/bots)"
54.36.149.2 - - [30/Nov/2018:03:39:57 +0000] "GET /product/5bec74af5f37e30745088154/pin-sony-x10 HTTP/1.1" 200 5094 "-" "Mozilla/5.0 (compatible; AhrefsBot/5.2; +http://ahrefs.com/robot/)"
37.9.113.24 - - [30/Nov/2018:03:39:58 +0000] "GET /ip/134.119.83.134 HTTP/1.1" 200 3506 "-" "Mozilla/5.0 (compatible; YandexBot/3.0; +http://yandex.com/bots)"
54.36.148.186 - - [30/Nov/2018:03:39:58 +0000] "GET /product/5bf43c685f37e37c357ac65a/10-inch-cua-sat-stanley-15-265 HTTP/1.1" 200 5133 "-" "Mozilla/5.0 (compatible; AhrefsBot/5.2; +http://ahrefs.com/robot/)"
178.154.200.60 - - [30/Nov/2018:03:40:00 +0000] "GET /ip/82.201.35.40 HTTP/1.1" 200 3500 "-" "Mozilla/5.0 (compatible; YandexBot/3.0; +http://yandex.com/bots)"
37.9.113.24 - - [30/Nov/2018:03:40:00 +0000] "GET /ip/8.37.239.129 HTTP/1.1" 200 3530 "-" "Mozilla/5.0 (compatible; YandexBot/3.0; +http://yandex.com/bots)"
31.220.110.247 - - [30/Nov/2018:03:40:01 +0000] "GET /cron/import_affiliate HTTP/1.0" 500 161643 "-" "Wget/1.12 (linux-gnu)"
31.220.110.247 - - [30/Nov/2018:03:40:02 +0000] "GET /cron/craw_info_domain HTTP/1.0" 500 126045 "-" "Wget/1.12 (linux-gnu)"
31.220.110.247 - - [30/Nov/2018:03:40:02 +0000] "GET /cron/get_dns_record_domain HTTP/1.0" 500 86348 "-" "Wget/1.12 (linux-gnu)"
31.220.110.247 - - [30/Nov/2018:03:40:02 +0000] "GET /cron/craw_note HTTP/1.0" 500 93185 "-" "Wget/1.12 (linux-gnu)"
31.220.110.247 - - [30/Nov/2018:03:40:02 +0000] "GET /cron/index_elasticsearch HTTP/1.0" 500 95927 "-" "Wget/1.12 (linux-gnu)"
116.105.202.109 - - [30/Nov/2018:03:40:03 +0000] "POST /post/add HTTP/2.0" 200 204 "https://cungcap.net/post/add" "Mozilla/5.0 (Windows NT 6.1; WOW64) AppleWebKit/537.36 (KHTML, like Gecko) coc_coc_browser/76.0.102 Chrome/70.0.3538.102 Safari/537.36"
116.105.202.109 - - [30/Nov/2018:03:40:03 +0000] "GET /post/5c00b1115f37e37eda415fe3/ban-nha-pho-lien-ke-ben-du-thuyen-marina-tai-da-nang HTTP/2.0" 200 6699 "https://cungcap.net/post/add" "Mozilla/5.0 (Windows NT 6.1; WOW64) AppleWebKit/537.36 (KHTML, like Gecko) coc_coc_browser/76.0.102 Chrome/70.0.3538.102 Safari/537.36"
46.229.168.149 - - [30/Nov/2018:03:40:04 +0000] "GET /product/5bed6fb75f37e324b102eced/du-cau-ca-8-loi HTTP/1.1" 200 5221 "-" "Mozilla/5.0 (compatible; SemrushBot/2~bl; +http://www.semrush.com/bot.html)"
5.45.207.78 - - [30/Nov/2018:03:40:04 +0000] "GET /site/5bbd678310a4c873e3108807/bbronlinecombr-brazilian-business-review HTTP/1.1" 200 5498 "-" "Mozilla/5.0 (compatible; YandexBot/3.0; +http://yandex.com/bots)"
54.36.149.64 - - [30/Nov/2018:03:40:04 +0000] "GET /ip/194.88.106.241 HTTP/1.1" 200 3492 "-" "Mozilla/5.0 (compatible; AhrefsBot/5.2; +http://ahrefs.com/robot/)"
66.249.79.61 - - [30/Nov/2018:03:40:05 +0000] "GET /ads.txt HTTP/1.1" 200 2663 "-" "Mozilla/5.0 (compatible; Googlebot/2.1; +http://www.google.com/bot.html)"
178.154.200.60 - - [30/Nov/2018:03:40:05 +0000] "GET /ip/13.72.188.183 HTTP/1.1" 200 3500 "-" "Mozilla/5.0 (compatible; YandexBot/3.0; +http://yandex.com/bots)"
72.14.199.2 - - [30/Nov/2018:03:40:07 +0000] "GET /post/5c00b1115f37e37eda415fe3/ban-nha-pho-lien-ke-ben-du-thuyen-marina-tai-da-nang HTTP/1.1" 200 6555 "-" "Mediapartners-Google"
46.229.168.153 - - [30/Nov/2018:03:40:07 +0000] "GET /product/5be778c05f37e35e1d3ae44d/anten-trong-nha-avg HTTP/1.1" 200 5092 "-" "Mozilla/5.0 (compatible; SemrushBot/2~bl; +http://www.semrush.com/bot.html)"
37.9.113.15 - - [30/Nov/2018:03:40:12 +0000] "GET /ip/37.230.99.59 HTTP/1.1" 200 3502 "-" "Mozilla/5.0 (compatible; YandexBot/3.0; +http://yandex.com/bots)"
5.45.207.78 - - [30/Nov/2018:03:40:14 +0000] "GET /ip/80.72.11.21 HTTP/1.1" 200 3488 "-" "Mozilla/5.0 (compatible; YandexBot/3.0; +http://yandex.com/bots)"
141.8.132.18 - - [30/Nov/2018:03:40:16 +0000] "GET /ip/79.174.129.183 HTTP/1.1" 200 3492 "-" "Mozilla/5.0 (compatible; YandexBot/3.0; +http://yandex.com/bots)"
141.8.132.18 - - [30/Nov/2018:03:40:16 +0000] "GET /ip/104.199.116.236 HTTP/1.1" 200 3498 "-" "Mozilla/5.0 (compatible; YandexBot/3.0; +http://yandex.com/bots)"
5.45.207.78 - - [30/Nov/2018:03:40:18 +0000] "GET /site/5bf2c1b95f37e3634530a00b/ristorazionemagazine-at-ristorazionemag-twitter HTTP/1.1" 200 4358 "-" "Mozilla/5.0 (compatible; YandexBot/3.0; +http://yandex.com/bots)"
141.8.132.18 - - [30/Nov/2018:03:40:18 +0000] "GET /ip/50.63.89.123 HTTP/1.1" 200 3492 "-" "Mozilla/5.0 (compatible; YandexBot/3.0; +http://yandex.com/bots)"
46.229.168.132 - - [30/Nov/2018:03:40:20 +0000] "GET /site/5bbccd8110a4c84a707fff2e/wwwlj80-freundede-ip-address-and-website-location?page=2 HTTP/1.1" 200 5107 "-" "Mozilla/5.0 (compatible; SemrushBot/2~bl; +http://www.semrush.com/bot.html)"
5.45.207.78 - - [30/Nov/2018:03:40:20 +0000] "GET /site/5bef61bd5f37e359cc1c2c19/home-smart-food HTTP/1.1" 200 5565 "-" "Mozilla/5.0 (compatible; YandexBot/3.0; +http://yandex.com/bots)"
5.45.207.78 - - [30/Nov/2018:03:40:21 +0000] "GET /ip/194.230.72.44 HTTP/1.1" 200 3483 "-" "Mozilla/5.0 (compatible; YandexBot/3.0; +http://yandex.com/bots)"
141.8.132.18 - - [30/Nov/2018:03:40:21 +0000] "GET /ip/27.254.44.230 HTTP/1.1" 200 3496 "-" "Mozilla/5.0 (compatible; YandexBot/3.0; +http://yandex.com/bots)"
54.36.148.189 - - [30/Nov/2018:03:40:21 +0000] "GET /ch%E1%BB%95i+lau+nh%C3%A0+th%C3%B4ng+minh HTTP/1.1" 200 4320 "-" "Mozilla/5.0 (compatible; AhrefsBot/5.2; +http://ahrefs.com/robot/)"
178.154.200.60 - - [30/Nov/2018:03:40:22 +0000] "GET /ip/159.203.135.138 HTTP/1.1" 200 3506 "-" "Mozilla/5.0 (compatible; YandexBot/3.0; +http://yandex.com/bots)"
141.8.132.18 - - [30/Nov/2018:03:40:23 +0000] "GET /k/Sosyal+Hizmetler+Uzman%C4%B1+Fatih+Ekonomi+Doktorunuz HTTP/1.1" 200 2561 "-" "Mozilla/5.0 (compatible; YandexBot/3.0; +http://yandex.com/bots)"
178.154.200.60 - - [30/Nov/2018:03:40:24 +0000] "GET /site/5bb9ee3210a4c867a2751a6b/k-n-labs-inc-linkedin HTTP/1.1" 200 5688 "-" "Mozilla/5.0 (compatible; YandexBot/3.0; +http://yandex.com/bots)"
66.249.79.100 - - [30/Nov/2018:03:40:24 +0000] "GET /go/5bc43e5210a4c84cb0467e7d/balo-laptop-stm-australia-haven-xanh-navy HTTP/1.1" 200 1987 "-" "Mozilla/5.0 (compatible; Googlebot/2.1; +http://www.google.com/bot.html)"
5.45.207.78 - - [30/Nov/2018:03:40:24 +0000] "GET /ip/2a01:4f8:120:806e::224 HTTP/1.1" 200 3513 "-" "Mozilla/5.0 (compatible; YandexBot/3.0; +http://yandex.com/bots)"
5.45.207.78 - - [30/Nov/2018:03:40:25 +0000] "GET /ip/104.27.134.208 HTTP/1.1" 200 3483 "-" "Mozilla/5.0 (compatible; YandexBot/3.0; +http://yandex.com/bots)"
66.249.79.98 - - [30/Nov/2018:03:40:25 +0000] "GET /ads.txt HTTP/1.1" 200 2666 "-" "Mozilla/5.0 (compatible; Googlebot/2.1; +http://www.google.com/bot.html)"
141.8.132.18 - - [30/Nov/2018:03:40:26 +0000] "GET /site/5be632835f37e367ae69dfb1/ma-shops-infos-fur-munzsammler-auf-muenzeneu HTTP/1.1" 200 5544 "-" "Mozilla/5.0 (compatible; YandexBot/3.0; +http://yandex.com/bots)"
5.45.207.78 - - [30/Nov/2018:03:40:26 +0000] "GET /k/Oversized+Tee+With+Bottom+Benji HTTP/1.1" 200 2531 "-" "Mozilla/5.0 (compatible; YandexBot/3.0; +http://yandex.com/bots)"
141.8.132.18 - - [30/Nov/2018:03:40:27 +0000] "GET /ip/185.33.52.18 HTTP/1.1" 200 3476 "-" "Mozilla/5.0 (compatible; YandexBot/3.0; +http://yandex.com/bots)"
178.154.200.60 - - [30/Nov/2018:03:40:27 +0000] "GET /ip/104.16.1.116 HTTP/1.1" 200 3493 "-" "Mozilla/5.0 (compatible; YandexBot/3.0; +http://yandex.com/bots)"
141.8.132.18 - - [30/Nov/2018:03:40:28 +0000] "GET /ip/37.60.247.127 HTTP/1.1" 200 3502 "-" "Mozilla/5.0 (compatible; YandexBot/3.0; +http://yandex.com/bots)"
5.45.207.78 - - [30/Nov/2018:03:40:28 +0000] "GET /ip/85.25.210.9 HTTP/1.1" 200 3501 "-" "Mozilla/5.0 (compatible; YandexBot/3.0; +http://yandex.com/bots)"
141.8.132.18 - - [30/Nov/2018:03:40:28 +0000] "GET /ip/66.147.244.114 HTTP/1.1" 200 3482 "-" "Mozilla/5.0 (compatible; YandexBot/3.0; +http://yandex.com/bots)"
178.154.200.60 - - [30/Nov/2018:03:40:29 +0000] "GET /ip/185.155.96.242 HTTP/1.1" 200 3480 "-" "Mozilla/5.0 (compatible; YandexBot/3.0; +http://yandex.com/bots)"
87.250.224.42 - - [30/Nov/2018:03:40:31 +0000] "GET /site/5bbfcaf310a4c80a95290349/vergelijk-energieleveranciers-energieleveranciersnl-de-onafh HTTP/1.1" 200 4264 "-" "Mozilla/5.0 (compatible; YandexBot/3.0; +http://yandex.com/bots)"
116.105.202.109 - - [30/Nov/2018:03:40:32 +0000] "GET /post/add HTTP/2.0" 200 8375 "https://cungcap.net/post/5c00b1115f37e37eda415fe3/ban-nha-pho-lien-ke-ben-du-thuyen-marina-tai-da-nang" "Mozilla/5.0 (Windows NT 6.1; WOW64) AppleWebKit/537.36 (KHTML, like Gecko) coc_coc_browser/76.0.102 Chrome/70.0.3538.102 Safari/537.36"
116.105.202.109 - - [30/Nov/2018:03:40:34 +0000] "GET /json/region/all?_=1543549243445 HTTP/2.0" 200 4198 "https://cungcap.net/post/add" "Mozilla/5.0 (Windows NT 6.1; WOW64) AppleWebKit/537.36 (KHTML, like Gecko) coc_coc_browser/76.0.102 Chrome/70.0.3538.102 Safari/537.36"
116.105.202.109 - - [30/Nov/2018:03:40:34 +0000] "GET /json/subregion/5bab04a844ac673a0b03a3a3?_=1543549243446 HTTP/2.0" 200 871 "https://cungcap.net/post/add" "Mozilla/5.0 (Windows NT 6.1; WOW64) AppleWebKit/537.36 (KHTML, like Gecko) coc_coc_browser/76.0.102 Chrome/70.0.3538.102 Safari/537.36"
66.249.79.51 - - [30/Nov/2018:03:40:35 +0000] "GET /ads.txt HTTP/1.1" 200 2662 "-" "Mozilla/5.0 (compatible; Googlebot/2.1; +http://www.google.com/bot.html)"
54.36.149.77 - - [30/Nov/2018:03:40:37 +0000] "GET /product/5be24d785f37e3243541f9e2/binh-giu-nhiet-zojirushi-300ml HTTP/1.1" 200 4972 "-" "Mozilla/5.0 (compatible; AhrefsBot/5.2; +http://ahrefs.com/robot/)"
37.9.113.15 - - [30/Nov/2018:03:40:37 +0000] "GET /ip/80.172.241.72 HTTP/1.1" 200 3482 "-" "Mozilla/5.0 (compatible; YandexBot/3.0; +http://yandex.com/bots)"
46.229.168.141 - - [30/Nov/2018:03:40:38 +0000] "GET /product/5bc7ea8f10a4c80a8f523730/bao-da-huawei-p9-plus-windows-view-hieu-taut HTTP/1.1" 200 5424 "-" "Mozilla/5.0 (compatible; SemrushBot/2~bl; +http://www.semrush.com/bot.html)"
37.9.113.15 - - [30/Nov/2018:03:40:39 +0000] "GET /ip/136.243.48.134 HTTP/1.1" 200 3493 "-" "Mozilla/5.0 (compatible; YandexBot/3.0; +http://yandex.com/bots)"
37.9.113.15 - - [30/Nov/2018:03:40:42 +0000] "GET /ip/212.227.247.37 HTTP/1.1" 200 3496 "-" "Mozilla/5.0 (compatible; YandexBot/3.0; +http://yandex.com/bots)"
46.229.168.132 - - [30/Nov/2018:03:40:42 +0000] "GET /product/5bf8a30d5f37e34b544272f3/mu-bao-hiem-andes-181-giau-kinh-thao-lot-mau-xanh-nham HTTP/1.1" 200 5255 "-" "Mozilla/5.0 (compatible; SemrushBot/2~bl; +http://www.semrush.com/bot.html)"
54.36.148.209 - - [30/Nov/2018:03:40:43 +0000] "GET /product/5be1b2c75f37e36c09407103/op-lung-ss-galaxy-j7-prime-silicon-trong-suot-hieu-nillkin HTTP/1.1" 200 5055 "-" "Mozilla/5.0 (compatible; AhrefsBot/5.2; +http://ahrefs.com/robot/)"
46.229.168.135 - - [30/Nov/2018:03:40:45 +0000] "GET /go/5be08b3b5f37e31e4b7db3ea/may-lanh-mitsubishi-electric-1-hp-ms-hl25vc-freeship-noi-thanh-hcm HTTP/1.1" 200 2009 "-" "Mozilla/5.0 (compatible; SemrushBot/2~bl; +http://www.semrush.com/bot.html)"
5.45.207.78 - - [30/Nov/2018:03:40:45 +0000] "GET /site/5bf260aa5f37e37a712353ce/kasino4d-daftar-judi-online-casino-live-roulette-sicbo-terpercaya HTTP/1.1" 200 5428 "-" "Mozilla/5.0 (compatible; YandexBot/3.0; +http://yandex.com/bots)"
167.160.68.125 - - [30/Nov/2018:03:40:46 +0000] "GET / HTTP/1.0" 200 4691 "https://cungcap.net/" "Mozilla/5.0 (Windows NT 6.3; WOW64) AppleWebKit/537.36 (KHTML, like Gecko) Chrome/67.0.3396.87 Safari/537.36"
66.249.79.171 - - [30/Nov/2018:03:40:46 +0000] "GET /ads.txt HTTP/1.1" 200 2666 "-" "Mozilla/5.0 (compatible; Googlebot/2.1; +http://www.google.com/bot.html)"
141.8.132.18 - - [30/Nov/2018:03:40:47 +0000] "GET /ip/173.199.114.252 HTTP/1.1" 200 3494 "-" "Mozilla/5.0 (compatible; YandexBot/3.0; +http://yandex.com/bots)"
54.36.148.83 - - [30/Nov/2018:03:40:47 +0000] "GET /product/5bd0bfd15f37e3088b14d094/sim-viettel-uu-dai-thoai HTTP/1.1" 200 5580 "-" "Mozilla/5.0 (compatible; AhrefsBot/5.2; +http://ahrefs.com/robot/)"
167.160.68.125 - - [30/Nov/2018:03:40:48 +0000] "GET /login HTTP/1.1" 200 3304 "https://cungcap.net/" "Mozilla/5.0 (Windows NT 6.3; WOW64) AppleWebKit/537.36 (KHTML, like Gecko) Chrome/67.0.3396.87 Safari/537.36"
167.160.68.125 - - [30/Nov/2018:03:40:48 +0000] "GET /register HTTP/1.1" 200 3377 "https://cungcap.net/login" "Mozilla/5.0 (Windows NT 6.3; WOW64) AppleWebKit/537.36 (KHTML, like Gecko) Chrome/67.0.3396.87 Safari/537.36"
178.154.200.60 - - [30/Nov/2018:03:40:48 +0000] "GET /ip/104.18.40.67 HTTP/1.1" 200 3481 "-" "Mozilla/5.0 (compatible; YandexBot/3.0; +http://yandex.com/bots)"
141.8.132.18 - - [30/Nov/2018:03:40:48 +0000] "GET /ip/104.27.188.3 HTTP/1.1" 200 3488 "-" "Mozilla/5.0 (compatible; YandexBot/3.0; +http://yandex.com/bots)"
46.229.168.151 - - [30/Nov/2018:03:40:49 +0000] "GET /product/5bf73c735f37e32ce76a6276/xe-off-road-e320-dieu-khien-tu-xa HTTP/1.1" 200 5037 "-" "Mozilla/5.0 (compatible; SemrushBot/2~bl; +http://www.semrush.com/bot.html)"
178.154.200.60 - - [30/Nov/2018:03:40:50 +0000] "GET /site/5bd294385f37e372640d8e2d/hr-savaite-lietuva-personalo-konferencija HTTP/1.1" 200 5287 "-" "Mozilla/5.0 (compatible; YandexBot/3.0; +http://yandex.com/bots)"
141.8.132.18 - - [30/Nov/2018:03:40:52 +0000] "GET /site/5bfa0d295f37e33fe7154ae2/taraba-software HTTP/1.1" 200 4300 "-" "Mozilla/5.0 (compatible; YandexBot/3.0; +http://yandex.com/bots)"
46.229.168.129 - - [30/Nov/2018:03:40:52 +0000] "GET /product/5bc75ea210a4c8476514f4ea/chong-nang-yen-xe-may-chong-nong-yen-xe-may HTTP/1.1" 200 5308 "-" "Mozilla/5.0 (compatible; SemrushBot/2~bl; +http://www.semrush.com/bot.html)"
87.250.224.42 - - [30/Nov/2018:03:40:54 +0000] "GET /site/5bb5e69610a4c87a98101da6/mua-ban-dien-thoai-nokia-105-cu-moi-99-gia-re-tai-tp-ho-chi HTTP/1.1" 200 7765 "-" "Mozilla/5.0 (compatible; YandexBot/3.0; +http://yandex.com/bots)"
141.8.132.18 - - [30/Nov/2018:03:40:55 +0000] "GET /ip/185.15.192.153 HTTP/1.1" 200 3519 "-" "Mozilla/5.0 (compatible; YandexBot/3.0; +http://yandex.com/bots)"
141.8.132.18 - - [30/Nov/2018:03:40:55 +0000] "GET /k/Homem+Aranha+YouTube HTTP/1.1" 200 2515 "-" "Mozilla/5.0 (compatible; YandexBot/3.0; +http://yandex.com/bots)"
46.229.168.145 - - [30/Nov/2018:03:40:55 +0000] "GET /product/5beb79345f37e373b8082077/ao-khoac-co-long-akm56-size-l4xl-hang-nhap HTTP/1.1" 200 5130 "-" "Mozilla/5.0 (compatible; SemrushBot/2~bl; +http://www.semrush.com/bot.html)"
178.154.200.60 - - [30/Nov/2018:03:40:56 +0000] "GET /ip/176.67.202.14 HTTP/1.1" 200 3500 "-" "Mozilla/5.0 (compatible; YandexBot/3.0; +http://yandex.com/bots)"
5.45.207.78 - - [30/Nov/2018:03:40:58 +0000] "GET /ip/192.99.207.86 HTTP/1.1" 200 3485 "-" "Mozilla/5.0 (compatible; YandexBot/3.0; +http://yandex.com/bots)"
5.45.207.78 - - [30/Nov/2018:03:40:58 +0000] "GET /ip/104.18.43.82 HTTP/1.1" 200 3488 "-" "Mozilla/5.0 (compatible; YandexBot/3.0; +http://yandex.com/bots)"
54.36.149.41 - - [30/Nov/2018:03:41:01 +0000] "GET /ip/107.154.147.187 HTTP/1.1" 200 3503 "-" "Mozilla/5.0 (compatible; AhrefsBot/5.2; +http://ahrefs.com/robot/)"
31.220.110.247 - - [30/Nov/2018:03:41:02 +0000] "GET /cron/get_dns_record_domain HTTP/1.0" 500 84977 "-" "Wget/1.12 (linux-gnu)"
31.220.110.247 - - [30/Nov/2018:03:41:02 +0000] "GET /cron/craw_info_domain HTTP/1.0" 500 94562 "-" "Wget/1.12 (linux-gnu)"
31.220.110.247 - - [30/Nov/2018:03:41:02 +0000] "GET /cron/import_affiliate HTTP/1.0" 500 86346 "-" "Wget/1.12 (linux-gnu)"
31.220.110.247 - - [30/Nov/2018:03:41:02 +0000] "GET /cron/index_elasticsearch HTTP/1.0" 500 84975 "-" "Wget/1.12 (linux-gnu)"
31.220.110.247 - - [30/Nov/2018:03:41:02 +0000] "GET /cron/craw_note HTTP/1.0" 500 116462 "-" "Wget/1.12 (linux-gnu)"
37.9.113.15 - - [30/Nov/2018:03:41:05 +0000] "GET /ip/104.20.61.34 HTTP/1.1" 200 3491 "-" "Mozilla/5.0 (compatible; YandexBot/3.0; +http://yandex.com/bots)"
141.8.132.18 - - [30/Nov/2018:03:41:09 +0000] "GET /site/5bee0a5c5f37e34a4b45f3a4/repson-reparatie-service-oost-nederland HTTP/1.1" 200 4638 "-" "Mozilla/5.0 (compatible; YandexBot/3.0; +http://yandex.com/bots)"
141.8.132.18 - - [30/Nov/2018:03:41:10 +0000] "GET /k/http+www+budulgan+com+isiyi+olcen+aletin+adi+nedir+Mynet+Cevaplar HTTP/1.1" 200 2576 "-" "Mozilla/5.0 (compatible; YandexBot/3.0; +http://yandex.com/bots)"
87.250.224.42 - - [30/Nov/2018:03:41:11 +0000] "GET /site/5bd9e6fd5f37e362ba6579a6/norvegijos-naujienos-archives-skandinavijatoday HTTP/1.1" 200 5125 "-" "Mozilla/5.0 (compatible; YandexBot/3.0; +http://yandex.com/bots)"
141.8.132.18 - - [30/Nov/2018:03:41:12 +0000] "GET /ip/203.170.87.193 HTTP/1.1" 200 3499 "-" "Mozilla/5.0 (compatible; YandexBot/3.0; +http://yandex.com/bots)"
151.80.39.32 - - [30/Nov/2018:03:41:14 +0000] "GET /keyword/Googlebot%2B-%2BIP%2BAddresses%2Bby%2BInternet%2BService%2BProvider HTTP/1.1" 200 2569 "-" "Mozilla/5.0 (compatible; AhrefsBot/5.2; +http://ahrefs.com/robot/)"
46.229.168.140 - - [30/Nov/2018:03:41:14 +0000] "GET /product/5be8f1db5f37e31c8c5176f8/cap-audio-35mm-dai-20m-ugreen-10611 HTTP/1.1" 200 5047 "-" "Mozilla/5.0 (compatible; SemrushBot/2~bl; +http://www.semrush.com/bot.html)"
5.45.207.78 - - [30/Nov/2018:03:41:14 +0000] "GET /site/5bd63ee35f37e364fc75c668/acv-limburgacv-onlinebe-acv-limburg HTTP/1.1" 200 4417 "-" "Mozilla/5.0 (compatible; YandexBot/3.0; +http://yandex.com/bots)"
37.9.113.24 - - [30/Nov/2018:03:41:18 +0000] "GET /ip/82.98.158.83 HTTP/1.1" 200 3497 "-" "Mozilla/5.0 (compatible; YandexBot/3.0; +http://yandex.com/bots)"
46.229.168.153 - - [30/Nov/2018:03:41:18 +0000] "GET /product/5bc7e30d10a4c80787315974/gel-tri-tham-lam-trang-vung-nach-nhat-ban-30g HTTP/1.1" 200 5411 "-" "Mozilla/5.0 (compatible; SemrushBot/2~bl; +http://www.semrush.com/bot.html)"
178.154.200.60 - - [30/Nov/2018:03:41:20 +0000] "GET /ip/103.28.52.52 HTTP/1.1" 200 3471 "-" "Mozilla/5.0 (compatible; YandexBot/3.0; +http://yandex.com/bots)"
178.154.200.60 - - [30/Nov/2018:03:41:21 +0000] "GET /ip/138.68.177.86 HTTP/1.1" 200 3497 "-" "Mozilla/5.0 (compatible; YandexBot/3.0; +http://yandex.com/bots)"
54.36.148.223 - - [30/Nov/2018:03:41:23 +0000] "GET /product/5bed9d685f37e3557b593235/bong-den-led-bulb-7w-kin-nuoc HTTP/1.1" 200 5122 "-" "Mozilla/5.0 (compatible; AhrefsBot/5.2; +http://ahrefs.com/robot/)"
46.229.168.139 - - [30/Nov/2018:03:41:23 +0000] "GET /product/5bed47dc5f37e37891133e97/kinh-cuong-luc-galaxy-j5-pro-full-hoco-den HTTP/1.1" 200 5060 "-" "Mozilla/5.0 (compatible; SemrushBot/2~bl; +http://www.semrush.com/bot.html)"
178.154.200.60 - - [30/Nov/2018:03:41:25 +0000] "GET /site/5bb11bd1024e1707bf73068e/phu-quoc-international-airport-wikipedia HTTP/1.1" 200 5265 "-" "Mozilla/5.0 (compatible; YandexBot/3.0; +http://yandex.com/bots)"
54.36.149.17 - - [30/Nov/2018:03:41:25 +0000] "GET /product/5bf6b4bf5f37e318f92beac3/nhan-nu-da-do-ho-bac-y-cao-cap-bao-tin HTTP/1.1" 200 5119 "-" "Mozilla/5.0 (compatible; AhrefsBot/5.2; +http://ahrefs.com/robot/)"
87.250.224.42 - - [30/Nov/2018:03:41:26 +0000] "GET /ip/212.87.235.21 HTTP/1.1" 200 3538 "-" "Mozilla/5.0 (compatible; YandexBot/3.0; +http://yandex.com/bots)"
