14.187.228.18 - - [30/Nov/2018:03:41:26 +0000] "GET /com/1289917/old HTTP/2.0" 200 4863 "https://coccoc.com/search" "Mozilla/5.0 (Windows NT 6.1; WOW64) AppleWebKit/537.36 (KHTML, like Gecko) coc_coc_browser/76.0.102 Chrome/70.0.3538.102 Safari/537.36"
54.36.148.130 - - [30/Nov/2018:03:41:26 +0000] "GET /product/5bf4ad5f5f37e3724b4128be/den-led-trang-tri-laser-star-shower HTTP/1.1" 200 5092 "-" "Mozilla/5.0 (compatible; AhrefsBot/5.2; +http://ahrefs.com/robot/)"
66.249.79.102 - - [30/Nov/2018:03:41:27 +0000] "GET /product/5be8419c5f37e340f87dcf48/robo-fish HTTP/1.1" 200 5100 "-" "Mozilla/5.0 (compatible; Googlebot/2.1; +http://www.google.com/bot.html)"
141.8.132.18 - - [30/Nov/2018:03:41:27 +0000] "GET /ip/216.230.123.122 HTTP/1.1" 200 3527 "-" "Mozilla/5.0 (compatible; YandexBot/3.0; +http://yandex.com/bots)"
46.229.168.138 - - [30/Nov/2018:03:41:27 +0000] "GET /site/5bb60372024e17678d679089/the-carolina-opry-christmas-show-myrtle-beach-sc?page=5 HTTP/1.1" 200 5613 "-" "Mozilla/5.0 (compatible; SemrushBot/2~bl; +http://www.semrush.com/bot.html)"
141.8.132.18 - - [30/Nov/2018:03:41:28 +0000] "GET /site/5bf082af5f37e326226027d3/culture-velo-perpignan HTTP/1.1" 200 4593 "-" "Mozilla/5.0 (compatible; YandexBot/3.0; +http://yandex.com/bots)"
178.154.200.60 - - [30/Nov/2018:03:41:28 +0000] "GET /ip/104.27.186.116 HTTP/1.1" 200 3488 "-" "Mozilla/5.0 (compatible; YandexBot/3.0; +http://yandex.com/bots)"
72.14.199.4 - - [30/Nov/2018:03:41:29 +0000] "GET /com/1289917/old HTTP/1.1" 200 4874 "-" "Mediapartners-Google"
46.229.168.138 - - [30/Nov/2018:03:41:29 +0000] "GET /site/5bb60372024e17678d679089/the-carolina-opry-christmas-show-myrtle-beach-sc?page=5 HTTP/1.1" 200 5611 "-" "Mozilla/5.0 (compatible; SemrushBot/2~bl; +http://www.semrush.com/bot.html)"
46.229.168.144 - - [30/Nov/2018:03:41:32 +0000] "GET /go/5bc7572010a4c844a537567a/tui-deo-cheo-sandwich HTTP/1.1" 200 1970 "-" "Mozilla/5.0 (compatible; SemrushBot/2~bl; +http://www.semrush.com/bot.html)"
183.82.179.102 - - [30/Nov/2018:03:41:33 +0000] "GET /search/get?v=Hindi+movies&t=&i= HTTP/2.0" 200 4526 "http://torrentpk.com.d.cungcap.net/" "Mozilla/5.0 (Linux; Android 4.4.2; HTC Desire 626G dual sim) AppleWebKit/537.36 (KHTML, like Gecko) Chrome/70.0.3538.110 Mobile Safari/537.36"
46.229.168.139 - - [30/Nov/2018:03:41:35 +0000] "GET /go/5bea453d5f37e32e5710ff8d/ao-khoac-kaki-2-lop-cao-cap HTTP/1.1" 200 1963 "-" "Mozilla/5.0 (compatible; SemrushBot/2~bl; +http://www.semrush.com/bot.html)"
37.9.113.15 - - [30/Nov/2018:03:41:36 +0000] "GET /site/5bf38f3b5f37e341cd5ab6e6/im-chris-bui HTTP/1.1" 200 5213 "-" "Mozilla/5.0 (compatible; YandexBot/3.0; +http://yandex.com/bots)"
178.154.200.60 - - [30/Nov/2018:03:41:39 +0000] "GET /ip/94.23.108.16 HTTP/1.1" 200 3499 "-" "Mozilla/5.0 (compatible; YandexBot/3.0; +http://yandex.com/bots)"
178.154.200.60 - - [30/Nov/2018:03:41:39 +0000] "GET /ip/103.11.147.53 HTTP/1.1" 200 3486 "-" "Mozilla/5.0 (compatible; YandexBot/3.0; +http://yandex.com/bots)"
141.8.132.18 - - [30/Nov/2018:03:41:40 +0000] "GET /ip/2606:4700::6810:1a61 HTTP/1.1" 200 3504 "-" "Mozilla/5.0 (compatible; YandexBot/3.0; +http://yandex.com/bots)"
87.250.224.42 - - [30/Nov/2018:03:41:42 +0000] "GET /ip/54.85.5.36 HTTP/1.1" 200 3491 "-" "Mozilla/5.0 (compatible; YandexBot/3.0; +http://yandex.com/bots)"
141.8.132.18 - - [30/Nov/2018:03:41:42 +0000] "GET /ip/5.61.254.216 HTTP/1.1" 200 3493 "-" "Mozilla/5.0 (compatible; YandexBot/3.0; +http://yandex.com/bots)"
178.154.200.60 - - [30/Nov/2018:03:41:43 +0000] "GET /site/5bde5da55f37e31bd756d35c/predstavlyaem-vam-udobnye-i-besplatnye-instrumenty-dlya-publikatsii HTTP/1.1" 200 4284 "-" "Mozilla/5.0 (compatible; YandexBot/3.0; +http://yandex.com/bots)"
141.8.132.18 - - [30/Nov/2018:03:41:43 +0000] "GET /ip/107.190.137.36 HTTP/1.1" 200 3494 "-" "Mozilla/5.0 (compatible; YandexBot/3.0; +http://yandex.com/bots)"
178.154.200.60 - - [30/Nov/2018:03:41:43 +0000] "GET /ip/104.27.6.104 HTTP/1.1" 200 3490 "-" "Mozilla/5.0 (compatible; YandexBot/3.0; +http://yandex.com/bots)"
178.154.200.60 - - [30/Nov/2018:03:41:44 +0000] "GET /ip/217.160.177.40 HTTP/1.1" 200 3500 "-" "Mozilla/5.0 (compatible; YandexBot/3.0; +http://yandex.com/bots)"
103.131.71.95 - - [30/Nov/2018:03:41:45 +0000] "GET /news/3376/old HTTP/1.1" 200 6880 "-" "Mozilla/5.0 (compatible; coccocbot-web/1.0; +http://help.coccoc.com/searchengine)"
54.36.148.195 - - [30/Nov/2018:03:41:45 +0000] "GET /product/5bf2dfe45f37e306810bda00/dau-goi-tri-nam-redwin-tea-tree-oil-250-ml HTTP/1.1" 200 5175 "-" "Mozilla/5.0 (compatible; AhrefsBot/5.2; +http://ahrefs.com/robot/)"
54.36.149.4 - - [30/Nov/2018:03:41:46 +0000] "GET /product/5bf616f75f37e3704b650151/tranh-dinh-da-con-duong-tinh-yeu-2mx95cm HTTP/1.1" 200 5209 "-" "Mozilla/5.0 (compatible; AhrefsBot/5.2; +http://ahrefs.com/robot/)"
54.36.149.95 - - [30/Nov/2018:03:41:47 +0000] "GET /product/5bc980f35f37e36bcf1bfda5/ao-phong-hinh-icon-bang-bo?page=2 HTTP/1.1" 200 5219 "-" "Mozilla/5.0 (compatible; AhrefsBot/5.2; +http://ahrefs.com/robot/)"
46.229.168.149 - - [30/Nov/2018:03:41:47 +0000] "GET /product/5bc72f8410a4c834ee16edba/dan-man-hinh-cuong-luc-microsoft-surface-pro-3-9h-pro HTTP/1.1" 200 5226 "-" "Mozilla/5.0 (compatible; SemrushBot/2~bl; +http://www.semrush.com/bot.html)"
37.9.113.24 - - [30/Nov/2018:03:41:48 +0000] "GET /site/5be52ee85f37e337a01fa206/bungalowpark-remar-maasmechelen-belgium-tripcarta HTTP/1.1" 200 4473 "-" "Mozilla/5.0 (compatible; YandexBot/3.0; +http://yandex.com/bots)"
54.36.148.200 - - [30/Nov/2018:03:41:49 +0000] "GET /product/5bf5aabc5f37e37f4752afc7/but-chi-laser-pp1000 HTTP/1.1" 200 5122 "-" "Mozilla/5.0 (compatible; AhrefsBot/5.2; +http://ahrefs.com/robot/)"
54.36.148.36 - - [30/Nov/2018:03:41:50 +0000] "GET /product/5bf4e7085f37e32f1b1f2811/vong-du-phuot-xep-gon HTTP/1.1" 200 5234 "-" "Mozilla/5.0 (compatible; AhrefsBot/5.2; +http://ahrefs.com/robot/)"
46.229.168.134 - - [30/Nov/2018:03:41:55 +0000] "GET /go/5bab0ca044ac6741ff332dfb/madridqqnet HTTP/1.1" 200 1884 "-" "Mozilla/5.0 (compatible; SemrushBot/2~bl; +http://www.semrush.com/bot.html)"
37.9.113.15 - - [30/Nov/2018:03:41:57 +0000] "GET /ip/104.31.84.207 HTTP/1.1" 200 3494 "-" "Mozilla/5.0 (compatible; YandexBot/3.0; +http://yandex.com/bots)"
54.36.148.211 - - [30/Nov/2018:03:42:01 +0000] "GET /product/5bebd3e95f37e3515a1db90f/dam-suong-cong-so-cat-han HTTP/1.1" 200 5158 "-" "Mozilla/5.0 (compatible; AhrefsBot/5.2; +http://ahrefs.com/robot/)"
46.229.168.148 - - [30/Nov/2018:03:42:01 +0000] "GET /site/5bb0e3e6024e1728cc77fa78/chuot-sat-thu-so-1-cua-may-cat-decal-thegioimaycatdecalcom HTTP/1.1" 200 5605 "-" "Mozilla/5.0 (compatible; SemrushBot/2~bl; +http://www.semrush.com/bot.html)"
54.36.149.104 - - [30/Nov/2018:03:42:01 +0000] "GET /product/5be1fd505f37e34858548f32/dien-thoai-sony-w595i HTTP/1.1" 200 4920 "-" "Mozilla/5.0 (compatible; AhrefsBot/5.2; +http://ahrefs.com/robot/)"
87.250.224.42 - - [30/Nov/2018:03:42:02 +0000] "GET /site/5bb1f7a310a4c834c2629305/ban-dien-thoai-iphone-4s-cu-gia-tot-chodocucom HTTP/1.1" 200 7762 "-" "Mozilla/5.0 (compatible; YandexBot/3.0; +http://yandex.com/bots)"
31.220.110.247 - - [30/Nov/2018:03:42:02 +0000] "GET /cron/index_elasticsearch HTTP/1.0" 500 95929 "-" "Wget/1.12 (linux-gnu)"
31.220.110.247 - - [30/Nov/2018:03:42:02 +0000] "GET /cron/import_affiliate HTTP/1.0" 500 84979 "-" "Wget/1.12 (linux-gnu)"
31.220.110.247 - - [30/Nov/2018:03:42:02 +0000] "GET /cron/craw_info_domain HTTP/1.0" 500 109611 "-" "Wget/1.12 (linux-gnu)"
31.220.110.247 - - [30/Nov/2018:03:42:02 +0000] "GET /cron/get_dns_record_domain HTTP/1.0" 500 84975 "-" "Wget/1.12 (linux-gnu)"
31.220.110.247 - - [30/Nov/2018:03:42:02 +0000] "GET /cron/craw_note HTTP/1.0" 500 84969 "-" "Wget/1.12 (linux-gnu)"
46.229.168.148 - - [30/Nov/2018:03:42:03 +0000] "GET /site/5bb0e3e6024e1728cc77fa78/chuot-sat-thu-so-1-cua-may-cat-decal-thegioimaycatdecalcom HTTP/1.1" 200 5603 "-" "Mozilla/5.0 (compatible; SemrushBot/2~bl; +http://www.semrush.com/bot.html)"
141.8.132.18 - - [30/Nov/2018:03:42:03 +0000] "GET /ip/92.61.39.19 HTTP/1.1" 200 3496 "-" "Mozilla/5.0 (compatible; YandexBot/3.0; +http://yandex.com/bots)"
178.154.200.60 - - [30/Nov/2018:03:42:04 +0000] "GET /ip/2606:4700:30::681c:1a5a HTTP/1.1" 200 3504 "-" "Mozilla/5.0 (compatible; YandexBot/3.0; +http://yandex.com/bots)"
46.229.168.138 - - [30/Nov/2018:03:42:05 +0000] "GET /go/5be4f7805f37e3797709f680/serum-10-vien-duong-toc HTTP/1.1" 200 1949 "-" "Mozilla/5.0 (compatible; SemrushBot/2~bl; +http://www.semrush.com/bot.html)"
87.250.224.42 - - [30/Nov/2018:03:42:06 +0000] "GET /site/5bef8ff45f37e3141f6b7204/vest-viet-ao-vest-nam-han-quoc-dep-may-san-tai-tphcm-2017 HTTP/1.1" 200 5359 "-" "Mozilla/5.0 (compatible; YandexBot/3.0; +http://yandex.com/bots)"
178.154.200.60 - - [30/Nov/2018:03:42:06 +0000] "GET /ip/185.26.156.108 HTTP/1.1" 200 3507 "-" "Mozilla/5.0 (compatible; YandexBot/3.0; +http://yandex.com/bots)"
178.154.200.60 - - [30/Nov/2018:03:42:06 +0000] "GET /ip/107.180.25.122 HTTP/1.1" 200 3498 "-" "Mozilla/5.0 (compatible; YandexBot/3.0; +http://yandex.com/bots)"
5.45.207.78 - - [30/Nov/2018:03:42:09 +0000] "GET /site/5bf60bef5f37e364660ffbbe/social-media-club-fr-youtube HTTP/1.1" 200 5283 "-" "Mozilla/5.0 (compatible; YandexBot/3.0; +http://yandex.com/bots)"
46.229.168.132 - - [30/Nov/2018:03:42:09 +0000] "GET /product/5bc7f33810a4c80e7e10b5b7/sua-blemil-plus-1-400g-0-6-thang HTTP/1.1" 200 5408 "-" "Mozilla/5.0 (compatible; SemrushBot/2~bl; +http://www.semrush.com/bot.html)"
5.45.207.78 - - [30/Nov/2018:03:42:09 +0000] "GET /ip/103.18.6.41 HTTP/1.1" 200 3490 "-" "Mozilla/5.0 (compatible; YandexBot/3.0; +http://yandex.com/bots)"
141.8.132.18 - - [30/Nov/2018:03:42:11 +0000] "GET /ip/104.27.169.68 HTTP/1.1" 200 3483 "-" "Mozilla/5.0 (compatible; YandexBot/3.0; +http://yandex.com/bots)"
46.229.168.140 - - [30/Nov/2018:03:42:13 +0000] "GET /go/5bb690e1024e172f902a1781/dacsanlonghaicom-trang-chu HTTP/1.1" 200 1912 "-" "Mozilla/5.0 (compatible; SemrushBot/2~bl; +http://www.semrush.com/bot.html)"
37.9.113.24 - - [30/Nov/2018:03:42:15 +0000] "GET /site/5bf8c9615f37e359761b93f6/volleybrabantbe-volley-vlaams-brabant-officiele-website HTTP/1.1" 200 4519 "-" "Mozilla/5.0 (compatible; YandexBot/3.0; +http://yandex.com/bots)"
46.229.168.139 - - [30/Nov/2018:03:42:18 +0000] "GET /product/5bc904bb5f37e307bd4a480e/bonidiabet-60-vien-ho-tro-dieu-tri-benh-tieu-duong HTTP/1.1" 200 5509 "-" "Mozilla/5.0 (compatible; SemrushBot/2~bl; +http://www.semrush.com/bot.html)"
178.154.200.60 - - [30/Nov/2018:03:42:18 +0000] "GET /site/5bb32251024e1743df579b0f/masandra-at-masandrakids-instagram-photos-and-videos HTTP/1.1" 200 5479 "-" "Mozilla/5.0 (compatible; YandexBot/3.0; +http://yandex.com/bots)"
5.45.207.78 - - [30/Nov/2018:03:42:20 +0000] "GET /ip/213.184.28.54 HTTP/1.1" 200 3511 "-" "Mozilla/5.0 (compatible; YandexBot/3.0; +http://yandex.com/bots)"
37.9.113.15 - - [30/Nov/2018:03:42:26 +0000] "GET /ip/145.239.238.139 HTTP/1.1" 200 3478 "-" "Mozilla/5.0 (compatible; YandexBot/3.0; +http://yandex.com/bots)"
46.229.168.152 - - [30/Nov/2018:03:42:28 +0000] "GET /product/5bc71cc410a4c82c4b7e7aad/op-lung-google-pixel-deo-sieu-trong-suot-gor?page=3 HTTP/1.1" 200 5326 "-" "Mozilla/5.0 (compatible; SemrushBot/2~bl; +http://www.semrush.com/bot.html)"
141.8.132.18 - - [30/Nov/2018:03:42:29 +0000] "GET /ip/2606:4700:30::6818:7c29 HTTP/1.1" 200 3506 "-" "Mozilla/5.0 (compatible; YandexBot/3.0; +http://yandex.com/bots)"
178.154.200.60 - - [30/Nov/2018:03:42:30 +0000] "GET /ip/2001:1a50:11::5f:8f:acf6:14b HTTP/1.1" 200 3524 "-" "Mozilla/5.0 (compatible; YandexBot/3.0; +http://yandex.com/bots)"
178.154.200.60 - - [30/Nov/2018:03:42:31 +0000] "GET /ip/134.119.76.208 HTTP/1.1" 200 3508 "-" "Mozilla/5.0 (compatible; YandexBot/3.0; +http://yandex.com/bots)"
54.36.149.80 - - [30/Nov/2018:03:42:31 +0000] "GET /product/5beb4f405f37e34ab26d5490/montessori-cha-me-nen-chuan-bi-cho-tre-tap-doc-va-viet-nhu-the-nao?page=8 HTTP/1.1" 200 5259 "-" "Mozilla/5.0 (compatible; AhrefsBot/5.2; +http://ahrefs.com/robot/)"
5.45.207.78 - - [30/Nov/2018:03:42:32 +0000] "GET /ip/104.16.231.235 HTTP/1.1" 200 3488 "-" "Mozilla/5.0 (compatible; YandexBot/3.0; +http://yandex.com/bots)"
46.229.168.148 - - [30/Nov/2018:03:42:34 +0000] "GET /product/5be2c7935f37e32bbd651b22/day-chuyen-inox-nu-thoi-trang-han-quoc-mau-dc243?page=6 HTTP/1.1" 200 5097 "-" "Mozilla/5.0 (compatible; SemrushBot/2~bl; +http://www.semrush.com/bot.html)"
5.45.207.78 - - [30/Nov/2018:03:42:34 +0000] "GET /site/5bb1cce2024e1733ca286c26/xin-crack-auto-agtoolnet-17-cua-vo-lam-ctcg4vnnet-voi HTTP/1.1" 200 5566 "-" "Mozilla/5.0 (compatible; YandexBot/3.0; +http://yandex.com/bots)"
5.45.207.78 - - [30/Nov/2018:03:42:34 +0000] "GET /ip/80.88.87.224 HTTP/1.1" 200 3493 "-" "Mozilla/5.0 (compatible; YandexBot/3.0; +http://yandex.com/bots)"
37.9.113.15 - - [30/Nov/2018:03:42:41 +0000] "GET /ip/54.252.213.94 HTTP/1.1" 200 3490 "-" "Mozilla/5.0 (compatible; YandexBot/3.0; +http://yandex.com/bots)"
54.36.148.96 - - [30/Nov/2018:03:42:41 +0000] "GET /product/5becf0ad5f37e3159a70b3a1/vong-co-mat-go-ngoc-am-khac-tuong-quan-cong-mg46-kem-hop-go HTTP/1.1" 200 4984 "-" "Mozilla/5.0 (compatible; AhrefsBot/5.2; +http://ahrefs.com/robot/)"
141.8.132.18 - - [30/Nov/2018:03:42:44 +0000] "GET /ip/95.170.87.196 HTTP/1.1" 200 3488 "-" "Mozilla/5.0 (compatible; YandexBot/3.0; +http://yandex.com/bots)"
46.229.168.135 - - [30/Nov/2018:03:42:46 +0000] "GET /product/5bdfdb745f37e357993559a3/pin-laptop-acerr-one-d255-d270-d260-gateway-lt23-lt25-lt27 HTTP/1.1" 200 5242 "-" "Mozilla/5.0 (compatible; SemrushBot/2~bl; +http://www.semrush.com/bot.html)"
178.154.200.49 - - [30/Nov/2018:03:42:46 +0000] "GET /site/5bf06ee65f37e316c608b3c4/aquacenter-obwalden-searchch HTTP/1.1" 200 3918 "-" "Mozilla/5.0 (compatible; YandexBot/3.0; +http://yandex.com/bots)"
141.8.132.18 - - [30/Nov/2018:03:42:46 +0000] "GET /ip/2606:4700:10::6814:47e5 HTTP/1.1" 200 3506 "-" "Mozilla/5.0 (compatible; YandexBot/3.0; +http://yandex.com/bots)"
5.45.207.78 - - [30/Nov/2018:03:42:47 +0000] "GET /ip/2606:4700:30::6812:2616 HTTP/1.1" 200 3502 "-" "Mozilla/5.0 (compatible; YandexBot/3.0; +http://yandex.com/bots)"
107.173.41.24 - - [30/Nov/2018:03:42:48 +0000] "GET / HTTP/1.0" 200 4690 "https://cungcap.net/" "Mozilla/5.0 (X11; Fedora; Linux x86_64) AppleWebKit/537.36 (KHTML, like Gecko) Chrome/64.0.3282.186 Safari/537.36"
46.229.168.147 - - [30/Nov/2018:03:42:49 +0000] "GET /site/5bba026b10a4c87df1758e63/statcast-sanchez-nabs-runner-05042018-new-york-yankees?page=3 HTTP/1.1" 200 5487 "-" "Mozilla/5.0 (compatible; SemrushBot/2~bl; +http://www.semrush.com/bot.html)"
37.9.113.24 - - [30/Nov/2018:03:42:51 +0000] "GET /ip/84.51.23.88 HTTP/1.1" 200 3502 "-" "Mozilla/5.0 (compatible; YandexBot/3.0; +http://yandex.com/bots)"
46.229.168.129 - - [30/Nov/2018:03:42:53 +0000] "GET /go/5bab0d1d44ac6742ee0d77d2/autohebdonet HTTP/1.1" 200 1917 "-" "Mozilla/5.0 (compatible; SemrushBot/2~bl; +http://www.semrush.com/bot.html)"
141.8.132.18 - - [30/Nov/2018:03:42:53 +0000] "GET /ip/67.205.37.175 HTTP/1.1" 200 3498 "-" "Mozilla/5.0 (compatible; YandexBot/3.0; +http://yandex.com/bots)"
103.131.71.97 - - [30/Nov/2018:03:42:53 +0000] "GET /news/3225/old HTTP/1.1" 200 8845 "-" "Mozilla/5.0 (compatible; coccocbot-web/1.0; +http://help.coccoc.com/searchengine)"
54.36.148.158 - - [30/Nov/2018:03:42:53 +0000] "GET /product/5bf4cfd45f37e316553e14b0/op-trang-guong-iphone-doremon HTTP/1.1" 200 5139 "-" "Mozilla/5.0 (compatible; AhrefsBot/5.2; +http://ahrefs.com/robot/)"
5.45.207.78 - - [30/Nov/2018:03:42:54 +0000] "GET /k/Haber+Horozu+-+Denizli+Haberleri HTTP/1.1" 200 2525 "-" "Mozilla/5.0 (compatible; YandexBot/3.0; +http://yandex.com/bots)"
141.8.132.18 - - [30/Nov/2018:03:42:54 +0000] "GET /k/winter+Children+white+grid+coat+girls+woolen+lapel+casual+long-sleeved+Tong+Gezi+outdoor+wear+for+baby+england+style HTTP/1.1" 200 2634 "-" "Mozilla/5.0 (compatible; YandexBot/3.0; +http://yandex.com/bots)"
5.45.207.78 - - [30/Nov/2018:03:42:55 +0000] "GET /k/En+iyi+Partner+Sitesi+Jigolo+My+Ba%C5%9Fvur+Profili+Kaydet HTTP/1.1" 200 2576 "-" "Mozilla/5.0 (compatible; YandexBot/3.0; +http://yandex.com/bots)"
178.154.200.60 - - [30/Nov/2018:03:42:56 +0000] "GET /k/Modaselvim+%C3%9Cye+Sayfas%C4%B1 HTTP/1.1" 200 2534 "-" "Mozilla/5.0 (compatible; YandexBot/3.0; +http://yandex.com/bots)"
5.45.207.78 - - [30/Nov/2018:03:42:58 +0000] "GET /site/5beaa0db5f37e31213266660/strand-resort-ouddorp-duin HTTP/1.1" 200 5317 "-" "Mozilla/5.0 (compatible; YandexBot/3.0; +http://yandex.com/bots)"
5.45.207.78 - - [30/Nov/2018:03:42:58 +0000] "GET /ip/109.230.195.165 HTTP/1.1" 200 3518 "-" "Mozilla/5.0 (compatible; YandexBot/3.0; +http://yandex.com/bots)"
141.8.132.18 - - [30/Nov/2018:03:42:59 +0000] "GET /k/Hot+High+Quality+10W+18V+Solar+Panel+Solar+Module+12V+Battery+Charger+Solar+Cell+Panel+Solar+Generators HTTP/1.1" 200 2603 "-" "Mozilla/5.0 (compatible; YandexBot/3.0; +http://yandex.com/bots)"
54.36.148.116 - - [30/Nov/2018:03:43:01 +0000] "GET /product/5bf671035f37e350cf23c966/duoc-ban-tai-cac-nha-thuoc-bot-trang-rang-cao-cap-usa-pw-whitenow HTTP/1.1" 200 5334 "-" "Mozilla/5.0 (compatible; AhrefsBot/5.2; +http://ahrefs.com/robot/)"
66.249.79.97 - - [30/Nov/2018:03:43:01 +0000] "GET /product/5be830bb5f37e3321319562e/robo-fish HTTP/1.1" 200 5106 "-" "Mozilla/5.0 (compatible; Googlebot/2.1; +http://www.google.com/bot.html)"
31.220.110.247 - - [30/Nov/2018:03:43:01 +0000] "GET /cron/get_dns_record_domain HTTP/1.0" 500 100040 "-" "Wget/1.12 (linux-gnu)"
31.220.110.247 - - [30/Nov/2018:03:43:01 +0000] "GET /cron/index_elasticsearch HTTP/1.0" 500 141106 "-" "Wget/1.12 (linux-gnu)"
31.220.110.247 - - [30/Nov/2018:03:43:01 +0000] "GET /cron/import_affiliate HTTP/1.0" 500 84971 "-" "Wget/1.12 (linux-gnu)"
31.220.110.247 - - [30/Nov/2018:03:43:01 +0000] "GET /cron/craw_info_domain HTTP/1.0" 500 130156 "-" "Wget/1.12 (linux-gnu)"
31.220.110.247 - - [30/Nov/2018:03:43:01 +0000] "GET /cron/craw_note HTTP/1.0" 500 126039 "-" "Wget/1.12 (linux-gnu)"
54.36.149.9 - - [30/Nov/2018:03:43:02 +0000] "GET /ip/185.116.104.74 HTTP/1.1" 200 3486 "-" "Mozilla/5.0 (compatible; AhrefsBot/5.2; +http://ahrefs.com/robot/)"
37.9.113.15 - - [30/Nov/2018:03:43:04 +0000] "GET /k/Toko+Fashion HTTP/1.1" 200 2504 "-" "Mozilla/5.0 (compatible; YandexBot/3.0; +http://yandex.com/bots)"
5.45.207.78 - - [30/Nov/2018:03:43:06 +0000] "GET /k/KDC+Anh+Ki%E1%BB%87t+-+T%C3%A2n+T%E1%BA%A1o+Garden+-+Posts+Facebook HTTP/1.1" 200 2582 "-" "Mozilla/5.0 (compatible; YandexBot/3.0; +http://yandex.com/bots)"
141.8.132.18 - - [30/Nov/2018:03:43:09 +0000] "GET /site/5bb20639024e1717e53aefbc/finovate-conference-series-home-facebook HTTP/1.1" 200 5246 "-" "Mozilla/5.0 (compatible; YandexBot/3.0; +http://yandex.com/bots)"
5.45.207.78 - - [30/Nov/2018:03:43:10 +0000] "GET /k/Oyun+Aksesuarlar%C4%B1+-+%C4%B0ncehesap HTTP/1.1" 200 2539 "-" "Mozilla/5.0 (compatible; YandexBot/3.0; +http://yandex.com/bots)"
141.8.132.18 - - [30/Nov/2018:03:43:10 +0000] "GET /k/POPULATION+OF+CONCERN+FUNDING+%28AS+OF+28+FEB+2018%29+USD+87.2+M HTTP/1.1" 200 2591 "-" "Mozilla/5.0 (compatible; YandexBot/3.0; +http://yandex.com/bots)"
171.246.45.173 - - [30/Nov/2018:03:43:10 +0000] "GET /%C4%91i%E1%BB%87n+tho%E1%BA%A1i+oppo+f7+c%C5%A9 HTTP/2.0" 200 4748 "https://coccoc.com/search" "Mozilla/5.0 (Windows NT 6.1) AppleWebKit/537.36 (KHTML, like Gecko) coc_coc_browser/76.0.102 Chrome/70.0.3538.102 Safari/537.36"
72.14.199.4 - - [30/Nov/2018:03:43:14 +0000] "GET /%C4%91i%E1%BB%87n+tho%E1%BA%A1i+oppo+f7+c%C5%A9 HTTP/1.1" 200 4759 "-" "Mediapartners-Google"
107.175.73.58 - - [30/Nov/2018:03:43:16 +0000] "GET / HTTP/1.0" 200 4694 "https://cungcap.net/" "Mozilla/5.0 (X11; Linux i686 on x86_64) AppleWebKit/537.36 (KHTML, like Gecko) Chrome/51.0.2712.8 Safari/537.36"
46.229.168.147 - - [30/Nov/2018:03:43:16 +0000] "GET /product/5beccd835f37e36985509bb6/dam-suong-hoa-tiet-ai-cap-phoi-nut-sieu-cute?page=7 HTTP/1.1" 200 5172 "-" "Mozilla/5.0 (compatible; SemrushBot/2~bl; +http://www.semrush.com/bot.html)"
37.9.113.15 - - [30/Nov/2018:03:43:17 +0000] "GET /site/5bb38ca1024e1779cd523637/algeria-travel-lonely-planet HTTP/1.1" 200 5436 "-" "Mozilla/5.0 (compatible; YandexBot/3.0; +http://yandex.com/bots)"
46.229.168.147 - - [30/Nov/2018:03:43:17 +0000] "GET /product/5beccd835f37e36985509bb6/dam-suong-hoa-tiet-ai-cap-phoi-nut-sieu-cute?page=7 HTTP/1.1" 200 5169 "-" "Mozilla/5.0 (compatible; SemrushBot/2~bl; +http://www.semrush.com/bot.html)"
107.175.73.58 - - [30/Nov/2018:03:43:18 +0000] "GET /login HTTP/1.1" 200 3304 "https://cungcap.net/" "Mozilla/5.0 (X11; Linux i686 on x86_64) AppleWebKit/537.36 (KHTML, like Gecko) Chrome/51.0.2712.8 Safari/537.36"
107.175.73.58 - - [30/Nov/2018:03:43:18 +0000] "GET /register HTTP/1.1" 200 3378 "https://cungcap.net/login" "Mozilla/5.0 (X11; Linux i686 on x86_64) AppleWebKit/537.36 (KHTML, like Gecko) Chrome/51.0.2712.8 Safari/537.36"
37.9.113.15 - - [30/Nov/2018:03:43:19 +0000] "GET /site/5bb2b1f4024e17172e2c7f8a HTTP/1.1" 200 2518 "-" "Mozilla/5.0 (compatible; YandexBot/3.0; +http://yandex.com/bots)"
198.56.243.249 - - [30/Nov/2018:03:43:20 +0000] "GET /login HTTP/1.0" 200 3289 "https://cungcap.net/" "Mozilla/5.0 (X11; Fedora; Linux x86_64) AppleWebKit/537.36 (KHTML, like Gecko) Chrome/64.0.3282.186 Safari/537.36"
5.45.207.78 - - [30/Nov/2018:03:43:21 +0000] "GET /ip/2a02:2350:5:102:ae40::5ff4:123a HTTP/1.1" 200 3505 "-" "Mozilla/5.0 (compatible; YandexBot/3.0; +http://yandex.com/bots)"
46.229.168.147 - - [30/Nov/2018:03:43:21 +0000] "GET /product/5bf287105f37e31f7449f1e2/bang-xoa-plus-wh-1405 HTTP/1.1" 200 5164 "-" "Mozilla/5.0 (compatible; SemrushBot/2~bl; +http://www.semrush.com/bot.html)"
5.45.207.78 - - [30/Nov/2018:03:43:21 +0000] "GET /ip/160.153.16.65 HTTP/1.1" 200 3495 "-" "Mozilla/5.0 (compatible; YandexBot/3.0; +http://yandex.com/bots)"
198.56.243.249 - - [30/Nov/2018:03:43:22 +0000] "GET /register HTTP/1.1" 200 3376 "https://cungcap.net/login" "Mozilla/5.0 (X11; Fedora; Linux x86_64) AppleWebKit/537.36 (KHTML, like Gecko) Chrome/64.0.3282.186 Safari/537.36"
54.36.149.77 - - [30/Nov/2018:03:43:22 +0000] "GET /product/5be21de55f37e36f176e06c1/usb-sang-lan-xanh-tm-shop HTTP/1.1" 200 4984 "-" "Mozilla/5.0 (compatible; AhrefsBot/5.2; +http://ahrefs.com/robot/)"
113.185.11.145 - - [30/Nov/2018:03:43:22 +0000] "GET /%C4%91i%E1%BB%87n+tho%E1%BA%A1i+nokia+gi%C3%A1+r%E1%BA%BB+200k?page=87 HTTP/2.0" 200 4977 "https://coccoc.com/search" "Mozilla/5.0 (Windows NT 6.1) AppleWebKit/537.36 (KHTML, like Gecko) coc_coc_browser/76.0.102 Chrome/70.0.3538.102 Safari/537.36"
178.154.200.60 - - [30/Nov/2018:03:43:23 +0000] "GET /ip/23.246.244.251 HTTP/1.1" 200 3497 "-" "Mozilla/5.0 (compatible; YandexBot/3.0; +http://yandex.com/bots)"
46.229.168.149 - - [30/Nov/2018:03:43:25 +0000] "GET /go/5be499845f37e30fae1b0740/ke-my-pham HTTP/1.1" 200 1935 "-" "Mozilla/5.0 (compatible; SemrushBot/2~bl; +http://www.semrush.com/bot.html)"
37.9.113.24 - - [30/Nov/2018:03:43:28 +0000] "GET /ip/139.99.192.152 HTTP/1.1" 200 3492 "-" "Mozilla/5.0 (compatible; YandexBot/3.0; +http://yandex.com/bots)"
46.229.168.135 - - [30/Nov/2018:03:43:29 +0000] "GET /site/5bb4c23a024e1765fc1baf7b/volierevogels-in-de-winter-hoe-houd-ik-mijn-vogels-gezond HTTP/1.1" 200 5743 "-" "Mozilla/5.0 (compatible; SemrushBot/2~bl; +http://www.semrush.com/bot.html)"
72.14.199.2 - - [30/Nov/2018:03:43:30 +0000] "GET /%C4%91i%E1%BB%87n+tho%E1%BA%A1i+nokia+gi%C3%A1+r%E1%BA%BB+200k?page=87 HTTP/1.1" 200 4987 "-" "Mediapartners-Google"
141.8.132.18 - - [30/Nov/2018:03:43:30 +0000] "GET /k/c-+hesap+plan%C4%B1+a%C3%A7%C4%B1klamalar%C4%B1+-+ISMMMO HTTP/1.1" 200 2565 "-" "Mozilla/5.0 (compatible; YandexBot/3.0; +http://yandex.com/bots)"
141.8.132.18 - - [30/Nov/2018:03:43:31 +0000] "GET /k/%D7%94%D7%90%D7%AA%D7%A8+%D7%A9%D7%9C+%D7%94%D7%9E%D7%A4%D7%A7%D7%97%D7%AA+%D7%97%D7%A0%D7%99+...+-+muni.tik-tak.co.il HTTP/1.1" 200 2618 "-" "Mozilla/5.0 (compatible; YandexBot/3.0; +http://yandex.com/bots)"
46.229.168.135 - - [30/Nov/2018:03:43:31 +0000] "GET /site/5bb4c23a024e1765fc1baf7b/volierevogels-in-de-winter-hoe-houd-ik-mijn-vogels-gezond HTTP/1.1" 200 5744 "-" "Mozilla/5.0 (compatible; SemrushBot/2~bl; +http://www.semrush.com/bot.html)"
5.45.207.78 - - [30/Nov/2018:03:43:32 +0000] "GET /ip/2a02:29e8:770::3:0:0:29 HTTP/1.1" 200 3486 "-" "Mozilla/5.0 (compatible; YandexBot/3.0; +http://yandex.com/bots)"
5.45.207.78 - - [30/Nov/2018:03:43:32 +0000] "GET /ip/104.28.4.245 HTTP/1.1" 200 3493 "-" "Mozilla/5.0 (compatible; YandexBot/3.0; +http://yandex.com/bots)"
141.8.132.18 - - [30/Nov/2018:03:43:33 +0000] "GET /ip/212.118.213.214 HTTP/1.1" 200 3493 "-" "Mozilla/5.0 (compatible; YandexBot/3.0; +http://yandex.com/bots)"
46.229.168.145 - - [30/Nov/2018:03:43:34 +0000] "GET /product/5be613cc5f37e343d379bea5/op-lung-samsung-galaxy-a5-2016-in-hinh-clb-liverpool HTTP/1.1" 200 4969 "-" "Mozilla/5.0 (compatible; SemrushBot/2~bl; +http://www.semrush.com/bot.html)"
178.154.200.60 - - [30/Nov/2018:03:43:36 +0000] "GET /site/5bba92de10a4c82263695528/sebastian-hair-care-linkedin HTTP/1.1" 200 5586 "-" "Mozilla/5.0 (compatible; YandexBot/3.0; +http://yandex.com/bots)"
141.8.132.18 - - [30/Nov/2018:03:43:36 +0000] "GET /ip/2606:4700:30::6812:300f HTTP/1.1" 200 3506 "-" "Mozilla/5.0 (compatible; YandexBot/3.0; +http://yandex.com/bots)"
178.154.200.60 - - [30/Nov/2018:03:43:36 +0000] "GET /ip/109.226.8.130 HTTP/1.1" 200 3491 "-" "Mozilla/5.0 (compatible; YandexBot/3.0; +http://yandex.com/bots)"
5.45.207.78 - - [30/Nov/2018:03:43:37 +0000] "GET /ip/210.2.86.47 HTTP/1.1" 200 3502 "-" "Mozilla/5.0 (compatible; YandexBot/3.0; +http://yandex.com/bots)"
141.8.132.18 - - [30/Nov/2018:03:43:37 +0000] "GET /ip/37.187.113.211 HTTP/1.1" 200 3491 "-" "Mozilla/5.0 (compatible; YandexBot/3.0; +http://yandex.com/bots)"
178.154.200.60 - - [30/Nov/2018:03:43:37 +0000] "GET /ip/104.31.71.10 HTTP/1.1" 200 3494 "-" "Mozilla/5.0 (compatible; YandexBot/3.0; +http://yandex.com/bots)"
178.154.200.60 - - [30/Nov/2018:03:43:38 +0000] "GET /ip/2606:4700:30::681b:b878 HTTP/1.1" 200 3503 "-" "Mozilla/5.0 (compatible; YandexBot/3.0; +http://yandex.com/bots)"
46.229.168.132 - - [30/Nov/2018:03:43:38 +0000] "GET /product/5be40f3d5f37e35da1760897/sua-rua-mat-perfect-whip-co-tang-kem-luoi-tao-bot HTTP/1.1" 200 5128 "-" "Mozilla/5.0 (compatible; SemrushBot/2~bl; +http://www.semrush.com/bot.html)"
54.36.149.13 - - [30/Nov/2018:03:43:38 +0000] "GET /product/5be442185f37e3246055e9cf/mau-do-so-339-son-moi-shiseido-integrate-gracy-4g HTTP/1.1" 200 5020 "-" "Mozilla/5.0 (compatible; AhrefsBot/5.2; +http://ahrefs.com/robot/)"
46.229.168.137 - - [30/Nov/2018:03:43:41 +0000] "GET /product/5bc6d2ef10a4c809d2365377/khan-len-tram-made-in-viet-namkhach-chon-mau HTTP/1.1" 200 5541 "-" "Mozilla/5.0 (compatible; SemrushBot/2~bl; +http://www.semrush.com/bot.html)"
66.249.79.78 - - [30/Nov/2018:03:43:41 +0000] "GET /ads.txt HTTP/1.1" 200 2666 "-" "Mozilla/5.0 (compatible; Googlebot/2.1; +http://www.google.com/bot.html)"
37.9.113.24 - - [30/Nov/2018:03:43:43 +0000] "GET /site/5bb333a1024e175d2e331ca9/da-nang-airport-guide-da-nang-international-airport HTTP/1.1" 200 5105 "-" "Mozilla/5.0 (compatible; YandexBot/3.0; +http://yandex.com/bots)"
46.229.168.151 - - [30/Nov/2018:03:43:44 +0000] "GET /product/5be98a715f37e34efb4cab26/kinh-cuong-luc-xiaomi-redmi-note-4-full-nillkin-den?page=5 HTTP/1.1" 200 5176 "-" "Mozilla/5.0 (compatible; SemrushBot/2~bl; +http://www.semrush.com/bot.html)"
141.8.132.18 - - [30/Nov/2018:03:43:45 +0000] "GET /k/Sahil+Radyo+95+0 HTTP/1.1" 200 2510 "-" "Mozilla/5.0 (compatible; YandexBot/3.0; +http://yandex.com/bots)"
5.45.207.78 - - [30/Nov/2018:03:43:46 +0000] "GET /ip/34.200.42.117 HTTP/1.1" 200 3494 "-" "Mozilla/5.0 (compatible; YandexBot/3.0; +http://yandex.com/bots)"
178.154.200.49 - - [30/Nov/2018:03:43:47 +0000] "GET /ip/166.78.115.140 HTTP/1.1" 200 3502 "-" "Mozilla/5.0 (compatible; YandexBot/3.0; +http://yandex.com/bots)"
113.185.11.145 - - [30/Nov/2018:03:43:49 +0000] "GET /site/5bb8717410a4c827e025cd16/dien-thoai-vivo-y55-cu-gia-re-co-tra-gop HTTP/2.0" 200 7249 "https://cungcap.net/%C4%91i%E1%BB%87n+tho%E1%BA%A1i+nokia+gi%C3%A1+r%E1%BA%BB+200k?page=87" "Mozilla/5.0 (Windows NT 6.1) AppleWebKit/537.36 (KHTML, like Gecko) coc_coc_browser/76.0.102 Chrome/70.0.3538.102 Safari/537.36"
54.36.148.242 - - [30/Nov/2018:03:43:53 +0000] "GET /product/5bf4b6bf5f37e376c40eaaa6/bo-3-tui-luoi-giat-quan-ao-kem-02-tui-giat-ao-nguc HTTP/1.1" 200 5115 "-" "Mozilla/5.0 (compatible; AhrefsBot/5.2; +http://ahrefs.com/robot/)"
37.9.113.15 - - [30/Nov/2018:03:43:53 +0000] "GET /ip/54.246.114.157 HTTP/1.1" 200 3481 "-" "Mozilla/5.0 (compatible; YandexBot/3.0; +http://yandex.com/bots)"
5.45.207.78 - - [30/Nov/2018:03:43:56 +0000] "GET /k/Celebrity+100+2017+Forbes HTTP/1.1" 200 2523 "-" "Mozilla/5.0 (compatible; YandexBot/3.0; +http://yandex.com/bots)"
141.8.132.18 - - [30/Nov/2018:03:43:58 +0000] "GET /ip/202.75.45.90 HTTP/1.1" 200 3509 "-" "Mozilla/5.0 (compatible; YandexBot/3.0; +http://yandex.com/bots)"
141.8.132.18 - - [30/Nov/2018:03:43:58 +0000] "GET /ip/31.145.149.248 HTTP/1.1" 200 3498 "-" "Mozilla/5.0 (compatible; YandexBot/3.0; +http://yandex.com/bots)"
178.154.200.60 - - [30/Nov/2018:03:43:59 +0000] "GET /ip/212.114.135.202 HTTP/1.1" 200 3503 "-" "Mozilla/5.0 (compatible; YandexBot/3.0; +http://yandex.com/bots)"
46.229.168.142 - - [30/Nov/2018:03:43:59 +0000] "GET /product/5bc5ac9710a4c87c5c583a4a/son-kiko-unlimited-coral HTTP/1.1" 200 5060 "-" "Mozilla/5.0 (compatible; SemrushBot/2~bl; +http://www.semrush.com/bot.html)"
54.36.148.46 - - [30/Nov/2018:03:44:00 +0000] "GET /ip/2a00:1ee0:2:8::2eb7:d33 HTTP/1.1" 200 3502 "-" "Mozilla/5.0 (compatible; AhrefsBot/5.2; +http://ahrefs.com/robot/)"
178.154.200.60 - - [30/Nov/2018:03:44:01 +0000] "GET /site/5bee26455f37e3690d580380/yatooprint-perols-chiffre-daffaires-resultat-bilans HTTP/1.1" 200 4116 "-" "Mozilla/5.0 (compatible; YandexBot/3.0; +http://yandex.com/bots)"
141.8.132.18 - - [30/Nov/2018:03:44:01 +0000] "GET /ip/104.27.150.98 HTTP/1.1" 200 3489 "-" "Mozilla/5.0 (compatible; YandexBot/3.0; +http://yandex.com/bots)"
31.220.110.247 - - [30/Nov/2018:03:44:01 +0000] "GET /cron/import_affiliate HTTP/1.0" 500 164379 "-" "Wget/1.12 (linux-gnu)"
31.220.110.247 - - [30/Nov/2018:03:44:01 +0000] "GET /cron/index_elasticsearch HTTP/1.0" 500 91816 "-" "Wget/1.12 (linux-gnu)"
31.220.110.247 - - [30/Nov/2018:03:44:01 +0000] "GET /cron/craw_note HTTP/1.0" 500 158899 "-" "Wget/1.12 (linux-gnu)"
31.220.110.247 - - [30/Nov/2018:03:44:01 +0000] "GET /cron/get_dns_record_domain HTTP/1.0" 500 120569 "-" "Wget/1.12 (linux-gnu)"
31.220.110.247 - - [30/Nov/2018:03:44:01 +0000] "GET /cron/craw_info_domain HTTP/1.0" 500 120563 "-" "Wget/1.12 (linux-gnu)"
5.45.207.78 - - [30/Nov/2018:03:44:03 +0000] "GET /ip/104.156.239.13 HTTP/1.1" 200 3480 "-" "Mozilla/5.0 (compatible; YandexBot/3.0; +http://yandex.com/bots)"
178.154.200.60 - - [30/Nov/2018:03:44:03 +0000] "GET /ip/52.51.22.49 HTTP/1.1" 200 3480 "-" "Mozilla/5.0 (compatible; YandexBot/3.0; +http://yandex.com/bots)"
46.229.168.141 - - [30/Nov/2018:03:44:04 +0000] "GET /vi/hai-phong/huyen-an-duong/xa-dong-hai HTTP/1.1" 200 2534 "-" "Mozilla/5.0 (compatible; SemrushBot/2~bl; +http://www.semrush.com/bot.html)"
66.249.79.63 - - [30/Nov/2018:03:44:09 +0000] "GET /ads.txt HTTP/1.1" 200 2666 "-" "Mozilla/5.0 (compatible; Googlebot/2.1; +http://www.google.com/bot.html)"
37.9.113.15 - - [30/Nov/2018:03:44:10 +0000] "GET /site/5be7fa9e5f37e36ee0265cb7/homepage-the-professional-bull-riders HTTP/1.1" 200 5432 "-" "Mozilla/5.0 (compatible; YandexBot/3.0; +http://yandex.com/bots)"
5.45.207.78 - - [30/Nov/2018:03:44:12 +0000] "GET /ip/46.182.180.12 HTTP/1.1" 200 3512 "-" "Mozilla/5.0 (compatible; YandexBot/3.0; +http://yandex.com/bots)"
66.249.79.100 - - [30/Nov/2018:03:44:12 +0000] "GET /chile+map HTTP/1.1" 200 4852 "-" "Mozilla/5.0 (compatible; Googlebot/2.1; +http://www.google.com/bot.html)"
5.45.207.78 - - [30/Nov/2018:03:44:12 +0000] "GET /ip/148.251.127.143 HTTP/1.1" 200 3493 "-" "Mozilla/5.0 (compatible; YandexBot/3.0; +http://yandex.com/bots)"
151.80.39.164 - - [30/Nov/2018:03:44:12 +0000] "GET /west/category/thoi-trang_c8589?q=%2Fwest%2Fcategory%2Fthoi-trang_c8589 HTTP/1.1" 200 2514 "-" "Mozilla/5.0 (compatible; AhrefsBot/5.2; +http://ahrefs.com/robot/)"
141.8.132.18 - - [30/Nov/2018:03:44:13 +0000] "GET /ip/216.201.108.195 HTTP/1.1" 200 3488 "-" "Mozilla/5.0 (compatible; YandexBot/3.0; +http://yandex.com/bots)"
5.45.207.78 - - [30/Nov/2018:03:44:14 +0000] "GET /site/5bf3e90f5f37e325102502a5/guillermo-munoz-at-fitnessvitae-twitter HTTP/1.1" 200 4333 "-" "Mozilla/5.0 (compatible; YandexBot/3.0; +http://yandex.com/bots)"
141.8.132.18 - - [30/Nov/2018:03:44:15 +0000] "GET /ip/103.1.238.126 HTTP/1.1" 200 3478 "-" "Mozilla/5.0 (compatible; YandexBot/3.0; +http://yandex.com/bots)"
141.8.132.18 - - [30/Nov/2018:03:44:16 +0000] "GET /portugal+map?page=2 HTTP/1.1" 200 4754 "-" "Mozilla/5.0 (compatible; YandexBot/3.0; +http://yandex.com/bots)"
46.229.168.132 - - [30/Nov/2018:03:44:21 +0000] "GET /product/5bf4197b5f37e351d4389bb2/yen-sao-loc-6-hong-yen-gia-dinh-yen HTTP/1.1" 200 5145 "-" "Mozilla/5.0 (compatible; SemrushBot/2~bl; +http://www.semrush.com/bot.html)"
54.36.148.46 - - [30/Nov/2018:03:44:22 +0000] "GET /product/5bf464405f37e324e52c026c/quat-tan-nhiet-laptop HTTP/1.1" 200 5152 "-" "Mozilla/5.0 (compatible; AhrefsBot/5.2; +http://ahrefs.com/robot/)"
37.9.113.15 - - [30/Nov/2018:03:44:23 +0000] "GET /ip/81.169.151.174 HTTP/1.1" 200 3480 "-" "Mozilla/5.0 (compatible; YandexBot/3.0; +http://yandex.com/bots)"
37.9.113.15 - - [30/Nov/2018:03:44:26 +0000] "GET /ip/91.197.230.68 HTTP/1.1" 200 3500 "-" "Mozilla/5.0 (compatible; YandexBot/3.0; +http://yandex.com/bots)"
148.64.56.64 - - [30/Nov/2018:03:44:27 +0000] "GET / HTTP/1.1" 200 8752 "-" "Mozilla/5.0 (compatible; GrapeshotCrawler/2.0; +http://www.grapeshot.co.uk/crawler.php)"
141.8.132.18 - - [30/Nov/2018:03:44:29 +0000] "GET /site/5bf4e6a25f37e32d2d7dedd2/imaginons-le-meilleur-du-chocolat-valrhona HTTP/1.1" 200 5461 "-" "Mozilla/5.0 (compatible; YandexBot/3.0; +http://yandex.com/bots)"
54.36.148.201 - - [30/Nov/2018:03:44:32 +0000] "GET /product/5bf65d175f37e33a3958b4e8/bt1043-ao-so-mi-soc-caro-to-phoi-mau-sang-trong-hang-chuan-cao-cap HTTP/1.1" 200 5187 "-" "Mozilla/5.0 (compatible; AhrefsBot/5.2; +http://ahrefs.com/robot/)"
5.45.207.78 - - [30/Nov/2018:03:44:32 +0000] "GET /site/5bf0f0085f37e3192870f1de/hybrid-storage HTTP/1.1" 200 5169 "-" "Mozilla/5.0 (compatible; YandexBot/3.0; +http://yandex.com/bots)"
66.249.79.97 - - [30/Nov/2018:03:44:32 +0000] "GET /product/5bdef9845f37e34fb541d5b2/xa-phong-tam-om-mayfair HTTP/1.1" 200 5063 "-" "Mozilla/5.0 (compatible; Googlebot/2.1; +http://www.google.com/bot.html)"
5.45.207.78 - - [30/Nov/2018:03:44:32 +0000] "GET /ip/198.24.160.44 HTTP/1.1" 200 3509 "-" "Mozilla/5.0 (compatible; YandexBot/3.0; +http://yandex.com/bots)"
141.8.132.18 - - [30/Nov/2018:03:44:32 +0000] "GET /ip/52.87.83.167 HTTP/1.1" 200 3494 "-" "Mozilla/5.0 (compatible; YandexBot/3.0; +http://yandex.com/bots)"
151.106.48.194 - - [30/Nov/2018:03:44:32 +0000] "GET /VN/thai-nguyen/cong-ty-tnhh-thuong-mai-va-san-xuat-anh-duong-50/ong-thep-hop-hoa-phat-128 HTTP/1.0" 200 7443 "https://cungcap.net/VN/thai-nguyen/cong-ty-tnhh-thuong-mai-va-san-xuat-anh-duong-50/ong-thep-hop-hoa-phat-128" "Mozilla/5.0 (Windows NT 6.3; Win64; x64) AppleWebKit/537.36 (KHTML, like Gecko) Chrome/67.0.3396.79 Safari/537.36"
178.154.200.60 - - [30/Nov/2018:03:44:34 +0000] "GET /site/5be591d15f37e32fc956a176/vida-cigana-viagem-e-fotografia HTTP/1.1" 200 5537 "-" "Mozilla/5.0 (compatible; YandexBot/3.0; +http://yandex.com/bots)"
141.8.132.18 - - [30/Nov/2018:03:44:35 +0000] "GET /ip/77.104.133.227 HTTP/1.1" 200 3521 "-" "Mozilla/5.0 (compatible; YandexBot/3.0; +http://yandex.com/bots)"
5.45.207.78 - - [30/Nov/2018:03:44:35 +0000] "GET /ip/2a00:c760:83:def:aced:fff0::481 HTTP/1.1" 200 3494 "-" "Mozilla/5.0 (compatible; YandexBot/3.0; +http://yandex.com/bots)"
141.8.132.18 - - [30/Nov/2018:03:44:35 +0000] "GET /ip/151.80.116.181 HTTP/1.1" 200 3473 "-" "Mozilla/5.0 (compatible; YandexBot/3.0; +http://yandex.com/bots)"
141.8.132.18 - - [30/Nov/2018:03:44:36 +0000] "GET /ip/109.69.62.31 HTTP/1.1" 200 3522 "-" "Mozilla/5.0 (compatible; YandexBot/3.0; +http://yandex.com/bots)"
178.154.200.60 - - [30/Nov/2018:03:44:36 +0000] "GET /ip/2a01:488:42:1000:5bfa:47e2:ff93:3b70 HTTP/1.1" 200 3527 "-" "Mozilla/5.0 (compatible; YandexBot/3.0; +http://yandex.com/bots)"
87.250.224.42 - - [30/Nov/2018:03:44:37 +0000] "GET /ip/104.17.32.177 HTTP/1.1" 200 3491 "-" "Mozilla/5.0 (compatible; YandexBot/3.0; +http://yandex.com/bots)"
46.229.168.138 - - [30/Nov/2018:03:44:37 +0000] "GET /product/5be96d605f37e3301f6b980a/pin-laptop-dell-rd850 HTTP/1.1" 200 5006 "-" "Mozilla/5.0 (compatible; SemrushBot/2~bl; +http://www.semrush.com/bot.html)"
46.229.168.145 - - [30/Nov/2018:03:44:42 +0000] "GET /product/5bf741235f37e33128402e73/bong-tai-nu-ngoc-trai-thuong-hieu-bt-jewelry HTTP/1.1" 200 5181 "-" "Mozilla/5.0 (compatible; SemrushBot/2~bl; +http://www.semrush.com/bot.html)"
37.9.113.15 - - [30/Nov/2018:03:44:43 +0000] "GET /ip/52.88.238.122 HTTP/1.1" 200 3496 "-" "Mozilla/5.0 (compatible; YandexBot/3.0; +http://yandex.com/bots)"
54.36.148.122 - - [30/Nov/2018:03:44:43 +0000] "GET /product/5bf4ad9b5f37e36f8e610df5/tu-dien-nhat-viet-thong-dung HTTP/1.1" 200 5251 "-" "Mozilla/5.0 (compatible; AhrefsBot/5.2; +http://ahrefs.com/robot/)"
5.45.207.78 - - [30/Nov/2018:03:44:45 +0000] "GET /ip/2606:4700:30::6818:7e1a HTTP/1.1" 200 3504 "-" "Mozilla/5.0 (compatible; YandexBot/3.0; +http://yandex.com/bots)"
141.8.132.18 - - [30/Nov/2018:03:44:47 +0000] "GET /site/5bedf9aa5f37e3380a4a9277/regionalpark-rheinmain-rundroute-outdooractivecom HTTP/1.1" 200 3911 "-" "Mozilla/5.0 (compatible; YandexBot/3.0; +http://yandex.com/bots)"
54.36.148.212 - - [30/Nov/2018:03:44:47 +0000] "GET /ip/2001:41d0:1:1b00:87:98:255:19 HTTP/1.1" 200 3498 "-" "Mozilla/5.0 (compatible; AhrefsBot/5.2; +http://ahrefs.com/robot/)"
5.45.207.78 - - [30/Nov/2018:03:44:47 +0000] "GET /ip/104.18.52.111 HTTP/1.1" 200 3493 "-" "Mozilla/5.0 (compatible; YandexBot/3.0; +http://yandex.com/bots)"
141.8.132.18 - - [30/Nov/2018:03:44:48 +0000] "GET /ip/165.227.114.246 HTTP/1.1" 200 3504 "-" "Mozilla/5.0 (compatible; YandexBot/3.0; +http://yandex.com/bots)"
5.45.207.78 - - [30/Nov/2018:03:44:48 +0000] "GET /ip/2606:4700:30::6812:334f HTTP/1.1" 200 3502 "-" "Mozilla/5.0 (compatible; YandexBot/3.0; +http://yandex.com/bots)"
178.154.200.60 - - [30/Nov/2018:03:44:50 +0000] "GET /ip/104.24.17.63 HTTP/1.1" 200 3490 "-" "Mozilla/5.0 (compatible; YandexBot/3.0; +http://yandex.com/bots)"
5.45.207.78 - - [30/Nov/2018:03:44:50 +0000] "GET /ip/2606:4700:30::681f:5ace HTTP/1.1" 200 3506 "-" "Mozilla/5.0 (compatible; YandexBot/3.0; +http://yandex.com/bots)"
141.8.132.18 - - [30/Nov/2018:03:44:51 +0000] "GET /ip/46.254.21.127 HTTP/1.1" 200 3472 "-" "Mozilla/5.0 (compatible; YandexBot/3.0; +http://yandex.com/bots)"
141.8.132.18 - - [30/Nov/2018:03:44:52 +0000] "GET /site/5bba7bcd10a4c809ee2b8d92/gia-dien-thoai-sony-o-dau-re-nhat-thang-102018-websosanhvn HTTP/1.1" 200 6685 "-" "Mozilla/5.0 (compatible; YandexBot/3.0; +http://yandex.com/bots)"
141.8.132.18 - - [30/Nov/2018:03:44:53 +0000] "GET /ip/2a02:238:f010:1:1::16c1:c4b7 HTTP/1.1" 200 3516 "-" "Mozilla/5.0 (compatible; YandexBot/3.0; +http://yandex.com/bots)"
5.45.207.78 - - [30/Nov/2018:03:44:54 +0000] "GET /site/5bb17497024e1720ed735d47/asensia-natural-womens-hormone-balancing-supplement HTTP/1.1" 200 5647 "-" "Mozilla/5.0 (compatible; YandexBot/3.0; +http://yandex.com/bots)"
5.45.207.78 - - [30/Nov/2018:03:44:54 +0000] "GET /ip/103.5.51.124 HTTP/1.1" 200 3466 "-" "Mozilla/5.0 (compatible; YandexBot/3.0; +http://yandex.com/bots)"
141.8.132.18 - - [30/Nov/2018:03:44:55 +0000] "GET /ip/104.18.51.110 HTTP/1.1" 200 3482 "-" "Mozilla/5.0 (compatible; YandexBot/3.0; +http://yandex.com/bots)"
54.36.149.94 - - [30/Nov/2018:03:44:55 +0000] "GET /ip/80.178.161.41 HTTP/1.1" 200 3495 "-" "Mozilla/5.0 (compatible; AhrefsBot/5.2; +http://ahrefs.com/robot/)"
103.131.71.94 - - [30/Nov/2018:03:44:56 +0000] "GET /news/2943/old HTTP/1.1" 200 8427 "-" "Mozilla/5.0 (compatible; coccocbot-web/1.0; +http://help.coccoc.com/searchengine)"
54.36.148.80 - - [30/Nov/2018:03:44:56 +0000] "GET /product/5bf5e3375f37e33acc112218/but-ke-mat-cao-cap-chong-tham-nuoc HTTP/1.1" 200 5307 "-" "Mozilla/5.0 (compatible; AhrefsBot/5.2; +http://ahrefs.com/robot/)"
46.229.168.143 - - [30/Nov/2018:03:44:56 +0000] "GET /go/5bcee0f65f37e30ba22a6c13/may-tinh-fx-570esplus HTTP/1.1" 200 1957 "-" "Mozilla/5.0 (compatible; SemrushBot/2~bl; +http://www.semrush.com/bot.html)"
37.9.113.24 - - [30/Nov/2018:03:44:59 +0000] "GET /site/5bf2fc6e5f37e325df64590a/careers-liveops-inc-liveops-inc HTTP/1.1" 200 5262 "-" "Mozilla/5.0 (compatible; YandexBot/3.0; +http://yandex.com/bots)"
46.229.168.145 - - [30/Nov/2018:03:45:00 +0000] "GET /go/5bab119944ac67465f24902a/umassfivecoop HTTP/1.1" 200 1882 "-" "Mozilla/5.0 (compatible; SemrushBot/2~bl; +http://www.semrush.com/bot.html)"
5.45.207.78 - - [30/Nov/2018:03:45:00 +0000] "GET /ip/200.68.105.22 HTTP/1.1" 200 3492 "-" "Mozilla/5.0 (compatible; YandexBot/3.0; +http://yandex.com/bots)"
5.45.207.78 - - [30/Nov/2018:03:45:01 +0000] "GET /ip/217.149.249.61 HTTP/1.1" 200 3472 "-" "Mozilla/5.0 (compatible; YandexBot/3.0; +http://yandex.com/bots)"
54.36.148.224 - - [30/Nov/2018:03:45:02 +0000] "GET /product/5bc8a4a25f37e311e073b714/light-novel-sword-art-online-progressive-002?page=20 HTTP/1.1" 200 5465 "-" "Mozilla/5.0 (compatible; AhrefsBot/5.2; +http://ahrefs.com/robot/)"
141.8.132.18 - - [30/Nov/2018:03:45:02 +0000] "GET /ip/43.239.223.158 HTTP/1.1" 200 3526 "-" "Mozilla/5.0 (compatible; YandexBot/3.0; +http://yandex.com/bots)"
31.220.110.247 - - [30/Nov/2018:03:45:02 +0000] "GET /cron/craw_info_domain HTTP/1.0" 500 112349 "-" "Wget/1.12 (linux-gnu)"
31.220.110.247 - - [30/Nov/2018:03:45:02 +0000] "GET /cron/craw_note HTTP/1.0" 500 143844 "-" "Wget/1.12 (linux-gnu)"
31.220.110.247 - - [30/Nov/2018:03:45:02 +0000] "GET /cron/index_elasticsearch HTTP/1.0" 500 116452 "-" "Wget/1.12 (linux-gnu)"
31.220.110.247 - - [30/Nov/2018:03:45:02 +0000] "GET /cron/get_dns_record_domain HTTP/1.0" 500 84969 "-" "Wget/1.12 (linux-gnu)"
31.220.110.247 - - [30/Nov/2018:03:45:02 +0000] "GET /cron/import_affiliate HTTP/1.0" 500 106873 "-" "Wget/1.12 (linux-gnu)"
5.45.207.78 - - [30/Nov/2018:03:45:02 +0000] "GET /ip/110.173.157.7 HTTP/1.1" 200 3507 "-" "Mozilla/5.0 (compatible; YandexBot/3.0; +http://yandex.com/bots)"
5.45.207.78 - - [30/Nov/2018:03:45:03 +0000] "GET /ip/213.203.249.5 HTTP/1.1" 200 3513 "-" "Mozilla/5.0 (compatible; YandexBot/3.0; +http://yandex.com/bots)"
178.154.200.60 - - [30/Nov/2018:03:45:04 +0000] "GET /ip/37.202.4.112 HTTP/1.1" 200 3519 "-" "Mozilla/5.0 (compatible; YandexBot/3.0; +http://yandex.com/bots)"
178.154.200.60 - - [30/Nov/2018:03:45:05 +0000] "GET /ip/85.237.69.210 HTTP/1.1" 200 3522 "-" "Mozilla/5.0 (compatible; YandexBot/3.0; +http://yandex.com/bots)"
46.229.168.144 - - [30/Nov/2018:03:45:05 +0000] "GET /go/5bab39b744ac675e501f8278/sopotpl HTTP/1.1" 200 1865 "-" "Mozilla/5.0 (compatible; SemrushBot/2~bl; +http://www.semrush.com/bot.html)"
37.9.113.24 - - [30/Nov/2018:03:45:07 +0000] "GET /ip/43.252.37.213 HTTP/1.1" 200 3530 "-" "Mozilla/5.0 (compatible; YandexBot/3.0; +http://yandex.com/bots)"
141.8.132.18 - - [30/Nov/2018:03:45:09 +0000] "GET /ip/2400:cb00:2048:1::6812:45bf HTTP/1.1" 200 3510 "-" "Mozilla/5.0 (compatible; YandexBot/3.0; +http://yandex.com/bots)"
37.9.113.15 - - [30/Nov/2018:03:45:14 +0000] "GET /ip/195.74.38.137 HTTP/1.1" 200 3476 "-" "Mozilla/5.0 (compatible; YandexBot/3.0; +http://yandex.com/bots)"
54.36.148.195 - - [30/Nov/2018:03:45:15 +0000] "GET /product/5bf5e8d75f37e33a47039048/dau-ghi-5-in-1-8-kenh-20mp-kbvision-kx-7108td6 HTTP/1.1" 200 5303 "-" "Mozilla/5.0 (compatible; AhrefsBot/5.2; +http://ahrefs.com/robot/)"
5.45.207.78 - - [30/Nov/2018:03:45:17 +0000] "GET /ip/77.60.117.27 HTTP/1.1" 200 3499 "-" "Mozilla/5.0 (compatible; YandexBot/3.0; +http://yandex.com/bots)"
5.45.207.78 - - [30/Nov/2018:03:45:17 +0000] "GET /ip/104.25.235.14 HTTP/1.1" 200 3488 "-" "Mozilla/5.0 (compatible; YandexBot/3.0; +http://yandex.com/bots)"
141.8.132.18 - - [30/Nov/2018:03:45:18 +0000] "GET /ip/206.211.106.29 HTTP/1.1" 200 3527 "-" "Mozilla/5.0 (compatible; YandexBot/3.0; +http://yandex.com/bots)"
37.9.113.15 - - [30/Nov/2018:03:45:20 +0000] "GET /site/5bb40b3f024e1749097906b4/panoccitaniacom-toeristische-informatie-vakanties-excursies HTTP/1.1" 200 4029 "-" "Mozilla/5.0 (compatible; YandexBot/3.0; +http://yandex.com/bots)"
46.229.168.130 - - [30/Nov/2018:03:45:20 +0000] "GET /product/5bf6ba245f37e3201504166a/m024-mo-hinh-nha-go-cho-be HTTP/1.1" 200 5149 "-" "Mozilla/5.0 (compatible; SemrushBot/2~bl; +http://www.semrush.com/bot.html)"
37.9.113.15 - - [30/Nov/2018:03:45:22 +0000] "GET /ip/2606:4700:30::681b:9a07 HTTP/1.1" 200 3504 "-" "Mozilla/5.0 (compatible; YandexBot/3.0; +http://yandex.com/bots)"
5.45.207.78 - - [30/Nov/2018:03:45:25 +0000] "GET /ip/64.59.127.231 HTTP/1.1" 200 3495 "-" "Mozilla/5.0 (compatible; YandexBot/3.0; +http://yandex.com/bots)"
178.154.200.60 - - [30/Nov/2018:03:45:26 +0000] "GET /ip/158.255.101.68 HTTP/1.1" 200 3481 "-" "Mozilla/5.0 (compatible; YandexBot/3.0; +http://yandex.com/bots)"
178.154.200.60 - - [30/Nov/2018:03:45:26 +0000] "GET /ip/62.80.99.71 HTTP/1.1" 200 3505 "-" "Mozilla/5.0 (compatible; YandexBot/3.0; +http://yandex.com/bots)"
46.229.168.140 - - [30/Nov/2018:03:45:29 +0000] "GET /product/5bc860335f37e340ad03d254/can-dien-tu-hinh-tim?page=4 HTTP/1.1" 200 5282 "-" "Mozilla/5.0 (compatible; SemrushBot/2~bl; +http://www.semrush.com/bot.html)"
37.9.113.15 - - [30/Nov/2018:03:45:33 +0000] "GET /ip/151.101.65.180 HTTP/1.1" 200 3485 "-" "Mozilla/5.0 (compatible; YandexBot/3.0; +http://yandex.com/bots)"
54.36.148.58 - - [30/Nov/2018:03:45:35 +0000] "GET /product/5bc61a4310a4c830f2379c5f/ca-com-me-nha-trang-150g HTTP/1.1" 200 5418 "-" "Mozilla/5.0 (compatible; AhrefsBot/5.2; +http://ahrefs.com/robot/)"
5.45.207.78 - - [30/Nov/2018:03:45:35 +0000] "GET /ip/2a02:2350:5:104:740::bb88:a4ba HTTP/1.1" 200 3503 "-" "Mozilla/5.0 (compatible; YandexBot/3.0; +http://yandex.com/bots)"
178.154.200.60 - - [30/Nov/2018:03:45:37 +0000] "GET /ip/217.160.86.42 HTTP/1.1" 200 3503 "-" "Mozilla/5.0 (compatible; YandexBot/3.0; +http://yandex.com/bots)"
141.8.132.18 - - [30/Nov/2018:03:45:38 +0000] "GET /ip/185.49.132.3 HTTP/1.1" 200 3465 "-" "Mozilla/5.0 (compatible; YandexBot/3.0; +http://yandex.com/bots)"
5.45.207.78 - - [30/Nov/2018:03:45:39 +0000] "GET /ip/185.160.0.152 HTTP/1.1" 200 3515 "-" "Mozilla/5.0 (compatible; YandexBot/3.0; +http://yandex.com/bots)"
141.8.132.18 - - [30/Nov/2018:03:45:39 +0000] "GET /ip/62.97.86.156 HTTP/1.1" 200 3491 "-" "Mozilla/5.0 (compatible; YandexBot/3.0; +http://yandex.com/bots)"
178.154.200.60 - - [30/Nov/2018:03:45:40 +0000] "GET /ip/183.90.250.2 HTTP/1.1" 200 3495 "-" "Mozilla/5.0 (compatible; YandexBot/3.0; +http://yandex.com/bots)"
5.45.207.78 - - [30/Nov/2018:03:45:40 +0000] "GET /ip/2606:4700:10::6814:ba18 HTTP/1.1" 200 3507 "-" "Mozilla/5.0 (compatible; YandexBot/3.0; +http://yandex.com/bots)"
54.36.148.56 - - [30/Nov/2018:03:45:42 +0000] "GET /product/5be250fb5f37e32893414e19/kem-tri-ngua-viem-da-neutasol HTTP/1.1" 200 5385 "-" "Mozilla/5.0 (compatible; AhrefsBot/5.2; +http://ahrefs.com/robot/)"
141.8.132.18 - - [30/Nov/2018:03:45:43 +0000] "GET /site/5bb2c66e024e17327c2c2493/site-officiel-de-lolympique-lyonnais-olfr HTTP/1.1" 200 5404 "-" "Mozilla/5.0 (compatible; YandexBot/3.0; +http://yandex.com/bots)"
5.45.207.78 - - [30/Nov/2018:03:45:45 +0000] "GET /site/5bde4cfa5f37e30d4d514866/netsite-posts-facebook HTTP/1.1" 200 5225 "-" "Mozilla/5.0 (compatible; YandexBot/3.0; +http://yandex.com/bots)"
5.45.207.78 - - [30/Nov/2018:03:45:46 +0000] "GET /site/5beab7ba5f37e32c814f4c1c/asv-eibergen HTTP/1.1" 200 3941 "-" "Mozilla/5.0 (compatible; YandexBot/3.0; +http://yandex.com/bots)"
141.8.132.18 - - [30/Nov/2018:03:45:47 +0000] "GET /site/5bb574af024e1760d3088fd9/noi-ban-may-in-phun-mau-epson-l1800-a3-gia-re-nhat-thang HTTP/1.1" 200 5561 "-" "Mozilla/5.0 (compatible; YandexBot/3.0; +http://yandex.com/bots)"
5.45.207.78 - - [30/Nov/2018:03:45:48 +0000] "GET /k/Son+Dakika+Mynet+Haberleri HTTP/1.1" 200 2522 "-" "Mozilla/5.0 (compatible; YandexBot/3.0; +http://yandex.com/bots)"
141.8.132.18 - - [30/Nov/2018:03:45:48 +0000] "GET /ip/52.4.130.10 HTTP/1.1" 200 3493 "-" "Mozilla/5.0 (compatible; YandexBot/3.0; +http://yandex.com/bots)"
5.45.207.78 - - [30/Nov/2018:03:45:48 +0000] "GET /ip/216.92.251.140 HTTP/1.1" 200 3497 "-" "Mozilla/5.0 (compatible; YandexBot/3.0; +http://yandex.com/bots)"
141.8.132.18 - - [30/Nov/2018:03:45:49 +0000] "GET /k/101+Okey+oyna+Esmuy HTTP/1.1" 200 2514 "-" "Mozilla/5.0 (compatible; YandexBot/3.0; +http://yandex.com/bots)"
141.8.132.18 - - [30/Nov/2018:03:45:51 +0000] "GET /product/5bc6ab9410a4c8756622a27f/radio-sony-sw-888uar HTTP/1.1" 200 5249 "-" "Mozilla/5.0 (compatible; YandexBot/3.0; +http://yandex.com/bots)"
141.8.132.18 - - [30/Nov/2018:03:45:51 +0000] "GET /ip/2a01:4f8:13b:285::2 HTTP/1.1" 200 3512 "-" "Mozilla/5.0 (compatible; YandexBot/3.0; +http://yandex.com/bots)"
46.229.168.140 - - [30/Nov/2018:03:45:51 +0000] "GET /go/5bb2fe8a024e170753367748/hocketoanthuehcmeduvn-traffic-demographics-and HTTP/1.1" 200 1954 "-" "Mozilla/5.0 (compatible; SemrushBot/2~bl; +http://www.semrush.com/bot.html)"
178.154.200.60 - - [30/Nov/2018:03:45:53 +0000] "GET /site/5bea2ba85f37e311656c7db0/thdyth-msr-1999 HTTP/1.1" 200 5325 "-" "Mozilla/5.0 (compatible; YandexBot/3.0; +http://yandex.com/bots)"
46.229.168.152 - - [30/Nov/2018:03:45:53 +0000] "GET /go/5be3bc445f37e36061677760/tv-android HTTP/1.1" 200 1914 "-" "Mozilla/5.0 (compatible; SemrushBot/2~bl; +http://www.semrush.com/bot.html)"
