46.229.168.138 - - [30/Nov/2018:03:21:56 +0000] "GET /product/5be8ca045f37e36a4e6a9fe7/khay-sim-dien-thoai-sony-z4?page=6 HTTP/1.1" 200 5087 "-" "Mozilla/5.0 (compatible; SemrushBot/2~bl; +http://www.semrush.com/bot.html)"
141.8.132.18 - - [30/Nov/2018:03:21:58 +0000] "GET /ip/2a01:7c8:aac4:35a::1 HTTP/1.1" 200 3492 "-" "Mozilla/5.0 (compatible; YandexBot/3.0; +http://yandex.com/bots)"
141.8.132.18 - - [30/Nov/2018:03:21:58 +0000] "GET /ip/62.173.165.153 HTTP/1.1" 200 3488 "-" "Mozilla/5.0 (compatible; YandexBot/3.0; +http://yandex.com/bots)"
178.154.200.60 - - [30/Nov/2018:03:22:00 +0000] "GET /ip/46.163.90.226 HTTP/1.1" 200 3501 "-" "Mozilla/5.0 (compatible; YandexBot/3.0; +http://yandex.com/bots)"
46.229.168.131 - - [30/Nov/2018:03:22:00 +0000] "GET /product/5bdf80c05f37e3448b106a23/sua-tam-trang-aroma-white-relaxing-body-cleanser-480ml HTTP/1.1" 200 5122 "-" "Mozilla/5.0 (compatible; SemrushBot/2~bl; +http://www.semrush.com/bot.html)"
103.131.71.97 - - [30/Nov/2018:03:22:00 +0000] "GET /ip/2606:4700:30::6818:75ce HTTP/1.1" 200 3503 "-" "Mozilla/5.0 (compatible; coccocbot-web/1.0; +http://help.coccoc.com/searchengine)"
54.36.148.188 - - [30/Nov/2018:03:22:02 +0000] "GET /product/5bce94185f37e30e85133b20/hop-in-hinh-ban-chan-ban-tay-cho-be-trang-tri-treo-tuong?page=7 HTTP/1.1" 200 5616 "-" "Mozilla/5.0 (compatible; AhrefsBot/5.2; +http://ahrefs.com/robot/)"
31.220.110.247 - - [30/Nov/2018:03:22:02 +0000] "GET /cron/index_elasticsearch HTTP/1.0" 500 124678 "-" "Wget/1.12 (linux-gnu)"
31.220.110.247 - - [30/Nov/2018:03:22:02 +0000] "GET /cron/import_affiliate HTTP/1.0" 500 84975 "-" "Wget/1.12 (linux-gnu)"
31.220.110.247 - - [30/Nov/2018:03:22:02 +0000] "GET /cron/craw_info_domain HTTP/1.0" 500 84973 "-" "Wget/1.12 (linux-gnu)"
31.220.110.247 - - [30/Nov/2018:03:22:02 +0000] "GET /cron/craw_note HTTP/1.0" 500 84973 "-" "Wget/1.12 (linux-gnu)"
31.220.110.247 - - [30/Nov/2018:03:22:02 +0000] "GET /cron/get_dns_record_domain HTTP/1.0" 500 126041 "-" "Wget/1.12 (linux-gnu)"
178.154.200.60 - - [30/Nov/2018:03:22:02 +0000] "GET /site/5bf4c1bc5f37e3095f643af9/thw-bad-aibling-at-thw-badaibling-twitter HTTP/1.1" 200 5250 "-" "Mozilla/5.0 (compatible; YandexBot/3.0; +http://yandex.com/bots)"
141.8.132.18 - - [30/Nov/2018:03:22:02 +0000] "GET /k/Pathfinder+Men+sandals+Shoes+Summer+Breathable+Slippers+Walking+Casual+Beach+Shoes+comfortable+light+flats+zapatos+free+shipping HTTP/1.1" 200 2636 "-" "Mozilla/5.0 (compatible; YandexBot/3.0; +http://yandex.com/bots)"
103.131.71.97 - - [30/Nov/2018:03:22:03 +0000] "GET /com/1289119/old HTTP/1.1" 200 4749 "-" "Mozilla/5.0 (compatible; coccocbot-web/1.0; +http://help.coccoc.com/searchengine)"
141.8.132.18 - - [30/Nov/2018:03:22:03 +0000] "GET /ip/146.0.40.148 HTTP/1.1" 200 3501 "-" "Mozilla/5.0 (compatible; YandexBot/3.0; +http://yandex.com/bots)"
37.9.113.24 - - [30/Nov/2018:03:22:06 +0000] "GET /ip/2606:4700:30::6812:3c26 HTTP/1.1" 200 3504 "-" "Mozilla/5.0 (compatible; YandexBot/3.0; +http://yandex.com/bots)"
141.8.132.18 - - [30/Nov/2018:03:22:07 +0000] "GET /ip/2606:4700:30::681f:4cba HTTP/1.1" 200 3505 "-" "Mozilla/5.0 (compatible; YandexBot/3.0; +http://yandex.com/bots)"
5.45.207.78 - - [30/Nov/2018:03:22:08 +0000] "GET /ip/217.26.208.146 HTTP/1.1" 200 3507 "-" "Mozilla/5.0 (compatible; YandexBot/3.0; +http://yandex.com/bots)"
54.36.148.50 - - [30/Nov/2018:03:22:09 +0000] "GET /product/5bf605ab5f37e35db84e404d/hub-sau-hsp HTTP/1.1" 200 5152 "-" "Mozilla/5.0 (compatible; AhrefsBot/5.2; +http://ahrefs.com/robot/)"
37.9.113.24 - - [30/Nov/2018:03:22:09 +0000] "GET /ip/104.16.127.120 HTTP/1.1" 200 3490 "-" "Mozilla/5.0 (compatible; YandexBot/3.0; +http://yandex.com/bots)"
46.229.168.144 - - [30/Nov/2018:03:22:10 +0000] "GET /product/5bf423175f37e361dc280014/combo-30-moc-hit-dan-tuong-cao-cap HTTP/1.1" 200 5188 "-" "Mozilla/5.0 (compatible; SemrushBot/2~bl; +http://www.semrush.com/bot.html)"
141.8.132.18 - - [30/Nov/2018:03:22:10 +0000] "GET /ip/177.52.183.95 HTTP/1.1" 200 3534 "-" "Mozilla/5.0 (compatible; YandexBot/3.0; +http://yandex.com/bots)"
37.9.113.24 - - [30/Nov/2018:03:22:11 +0000] "GET /k/H%E1%BB%8Dc+T%E1%BB%AB+V%E1%BB%B1ng+Th%C3%A0nh+C%C3%B4ng+20+Ph%C3%BAt+M%E1%BB%97i+Ng%C3%A0y HTTP/1.1" 200 2615 "-" "Mozilla/5.0 (compatible; YandexBot/3.0; +http://yandex.com/bots)"
178.154.200.49 - - [30/Nov/2018:03:22:13 +0000] "GET /k/B%C3%A0n+%E1%BB%A7i+h%C6%A1i+n%C6%B0%E1%BB%9Bc+Panasonic+PABU-NI-P250TGRA+%28Xanh%29 HTTP/1.1" 200 2612 "-" "Mozilla/5.0 (compatible; YandexBot/3.0; +http://yandex.com/bots)"
141.8.132.18 - - [30/Nov/2018:03:22:13 +0000] "GET /k/10M+Black+Cable+Sleeves+Wire+Gland+Cables+protection+4+6+8+10+12+15+20+25mm+Insulation+Tight+PET+Expandable+Braided+Sleeving+ HTTP/1.1" 200 2650 "-" "Mozilla/5.0 (compatible; YandexBot/3.0; +http://yandex.com/bots)"
37.9.113.24 - - [30/Nov/2018:03:22:14 +0000] "GET /ip/91.202.66.193 HTTP/1.1" 200 3490 "-" "Mozilla/5.0 (compatible; YandexBot/3.0; +http://yandex.com/bots)"
46.229.168.149 - - [30/Nov/2018:03:22:15 +0000] "GET /product/5bf6a6b25f37e30b9766bfdc/sac-laptop-hp-presario-v2030us HTTP/1.1" 200 4997 "-" "Mozilla/5.0 (compatible; SemrushBot/2~bl; +http://www.semrush.com/bot.html)"
5.45.207.78 - - [30/Nov/2018:03:22:16 +0000] "GET /k/Sunsea+Resort+Phan+Thiet+Vietnam+TripAdvisor HTTP/1.1" 200 2546 "-" "Mozilla/5.0 (compatible; YandexBot/3.0; +http://yandex.com/bots)"
103.131.71.95 - - [30/Nov/2018:03:22:17 +0000] "GET /ip/104.18.46.124 HTTP/1.1" 200 3481 "-" "Mozilla/5.0 (compatible; coccocbot-web/1.0; +http://help.coccoc.com/searchengine)"
178.154.200.60 - - [30/Nov/2018:03:22:18 +0000] "GET /ip/104.27.191.164 HTTP/1.1" 200 3491 "-" "Mozilla/5.0 (compatible; YandexBot/3.0; +http://yandex.com/bots)"
178.154.200.60 - - [30/Nov/2018:03:22:18 +0000] "GET /k/2018+Kids+Sport+Suits+4-12y+Costume+Cotton+Long+Sleeve+Zipper+Jacket+and+Trousers+Boys+Girls+Tracksuit+Children+2pcs+Clothes+Set?page=13 HTTP/1.1" 200 2658 "-" "Mozilla/5.0 (compatible; YandexBot/3.0; +http://yandex.com/bots)"
103.131.71.95 - - [30/Nov/2018:03:22:19 +0000] "GET /com/1228796/old HTTP/1.1" 200 4863 "-" "Mozilla/5.0 (compatible; coccocbot-web/1.0; +http://help.coccoc.com/searchengine)"
54.36.149.68 - - [30/Nov/2018:03:22:20 +0000] "GET /ip/216.16.122.198 HTTP/1.1" 200 3502 "-" "Mozilla/5.0 (compatible; AhrefsBot/5.2; +http://ahrefs.com/robot/)"
103.131.71.95 - - [30/Nov/2018:03:22:21 +0000] "GET /com/5ba9468044ac6733bc11826b/old HTTP/1.1" 200 31 "-" "Mozilla/5.0 (compatible; coccocbot-web/1.0; +http://help.coccoc.com/searchengine)"
139.180.3.176 - - [30/Nov/2018:03:22:23 +0000] "GET / HTTP/1.0" 200 4714 "https://cungcap.net/" "Mozilla/5.0 (X11; CrOS x86_64 10176.72.0) AppleWebKit/537.36 (KHTML, like Gecko) Chrome/64.0.3282.167 Safari/537.36"
103.131.71.95 - - [30/Nov/2018:03:22:23 +0000] "GET /com/1290294/old HTTP/1.1" 200 4787 "-" "Mozilla/5.0 (compatible; coccocbot-web/1.0; +http://help.coccoc.com/searchengine)"
139.180.3.176 - - [30/Nov/2018:03:22:24 +0000] "GET /login HTTP/1.1" 200 3303 "https://cungcap.net/" "Mozilla/5.0 (X11; CrOS x86_64 10176.72.0) AppleWebKit/537.36 (KHTML, like Gecko) Chrome/64.0.3282.167 Safari/537.36"
139.180.3.176 - - [30/Nov/2018:03:22:25 +0000] "GET /register HTTP/1.1" 200 3377 "https://cungcap.net/login" "Mozilla/5.0 (X11; CrOS x86_64 10176.72.0) AppleWebKit/537.36 (KHTML, like Gecko) Chrome/64.0.3282.167 Safari/537.36"
103.131.71.95 - - [30/Nov/2018:03:22:25 +0000] "GET /com/5ba9464344ac67352540d111/old HTTP/1.1" 200 31 "-" "Mozilla/5.0 (compatible; coccocbot-web/1.0; +http://help.coccoc.com/searchengine)"
46.229.168.130 - - [30/Nov/2018:03:22:25 +0000] "GET /product/5bc865d45f37e3483e2c66cb/set-bong-sinh-nhat-hinh-elsa-cho-be-ms55?page=5 HTTP/1.1" 200 5402 "-" "Mozilla/5.0 (compatible; SemrushBot/2~bl; +http://www.semrush.com/bot.html)"
37.9.113.15 - - [30/Nov/2018:03:22:25 +0000] "GET /site/5bf3bbb95f37e372f8184d45/elektra-kabel-tv-elektra-hergiswilch HTTP/1.1" 200 5167 "-" "Mozilla/5.0 (compatible; YandexBot/3.0; +http://yandex.com/bots)"
103.131.71.95 - - [30/Nov/2018:03:22:27 +0000] "GET /com/5ba9451544ac67352540b7bc/old HTTP/1.1" 200 31 "-" "Mozilla/5.0 (compatible; coccocbot-web/1.0; +http://help.coccoc.com/searchengine)"
46.229.168.143 - - [30/Nov/2018:03:22:29 +0000] "GET /product/5be5d8445f37e37fc31b95ac/tuong-de-xe-2-huong-hinh-quan-the-am-bo-tat-ngan-tay HTTP/1.1" 200 5291 "-" "Mozilla/5.0 (compatible; SemrushBot/2~bl; +http://www.semrush.com/bot.html)"
37.9.113.24 - - [30/Nov/2018:03:22:31 +0000] "GET /ip/92.243.0.76 HTTP/1.1" 200 3519 "-" "Mozilla/5.0 (compatible; YandexBot/3.0; +http://yandex.com/bots)"
103.131.71.101 - - [30/Nov/2018:03:22:33 +0000] "GET /com/1296193/old HTTP/1.1" 200 4821 "-" "Mozilla/5.0 (compatible; coccocbot-web/1.0; +http://help.coccoc.com/searchengine)"
103.131.71.101 - - [30/Nov/2018:03:22:35 +0000] "GET /com/1249044/old HTTP/1.1" 200 4801 "-" "Mozilla/5.0 (compatible; coccocbot-web/1.0; +http://help.coccoc.com/searchengine)"
46.229.168.150 - - [30/Nov/2018:03:22:37 +0000] "GET /product/5bc820b110a4c820bf1e3f6f/bo-dui-quan-lung-mac-nha HTTP/1.1" 200 5392 "-" "Mozilla/5.0 (compatible; SemrushBot/2~bl; +http://www.semrush.com/bot.html)"
103.131.71.101 - - [30/Nov/2018:03:22:37 +0000] "GET /com/1299160/old HTTP/1.1" 200 4802 "-" "Mozilla/5.0 (compatible; coccocbot-web/1.0; +http://help.coccoc.com/searchengine)"
37.9.113.15 - - [30/Nov/2018:03:22:38 +0000] "GET /ip/13.126.133.235 HTTP/1.1" 200 3487 "-" "Mozilla/5.0 (compatible; YandexBot/3.0; +http://yandex.com/bots)"
54.36.148.148 - - [30/Nov/2018:03:22:39 +0000] "GET /product/5beb5ef55f37e35a8279fddd/bam-mi-bam-mi-1 HTTP/1.1" 200 5019 "-" "Mozilla/5.0 (compatible; AhrefsBot/5.2; +http://ahrefs.com/robot/)"
103.131.71.101 - - [30/Nov/2018:03:22:39 +0000] "GET /news/3140/old HTTP/1.1" 200 7615 "-" "Mozilla/5.0 (compatible; coccocbot-web/1.0; +http://help.coccoc.com/searchengine)"
46.229.168.133 - - [30/Nov/2018:03:22:40 +0000] "GET /product/5bf69bab5f37e37de03ec55d/dong-ho-tre-em-w09-do-mau-do-gia-tot HTTP/1.1" 200 5139 "-" "Mozilla/5.0 (compatible; SemrushBot/2~bl; +http://www.semrush.com/bot.html)"
178.154.200.60 - - [30/Nov/2018:03:22:40 +0000] "GET /ip/91.212.205.157 HTTP/1.1" 200 3494 "-" "Mozilla/5.0 (compatible; YandexBot/3.0; +http://yandex.com/bots)"
103.131.71.101 - - [30/Nov/2018:03:22:41 +0000] "GET /com/5ba9415544ac672bc51640b3/old HTTP/1.1" 200 31 "-" "Mozilla/5.0 (compatible; coccocbot-web/1.0; +http://help.coccoc.com/searchengine)"
103.131.71.101 - - [30/Nov/2018:03:22:44 +0000] "GET /com/1269373/old HTTP/1.1" 200 4773 "-" "Mozilla/5.0 (compatible; coccocbot-web/1.0; +http://help.coccoc.com/searchengine)"
54.36.148.143 - - [30/Nov/2018:03:22:44 +0000] "GET /product/5bc5088310a4c83245544628/combo-uno-storm-battle HTTP/1.1" 200 5341 "-" "Mozilla/5.0 (compatible; AhrefsBot/5.2; +http://ahrefs.com/robot/)"
167.160.68.125 - - [30/Nov/2018:03:22:45 +0000] "GET / HTTP/1.0" 200 4717 "https://cungcap.net/" "Mozilla/5.0 (X11; CrOS x86_64 10176.72.0) AppleWebKit/537.36 (KHTML, like Gecko) Chrome/64.0.3282.167 Safari/537.36"
103.131.71.101 - - [30/Nov/2018:03:22:45 +0000] "GET /com/1245354/old HTTP/1.1" 200 4839 "-" "Mozilla/5.0 (compatible; coccocbot-web/1.0; +http://help.coccoc.com/searchengine)"
37.9.113.24 - - [30/Nov/2018:03:22:46 +0000] "GET /ip/104.25.162.31 HTTP/1.1" 200 3491 "-" "Mozilla/5.0 (compatible; YandexBot/3.0; +http://yandex.com/bots)"
167.160.68.125 - - [30/Nov/2018:03:22:47 +0000] "GET /login HTTP/1.1" 200 3305 "https://cungcap.net/" "Mozilla/5.0 (X11; CrOS x86_64 10176.72.0) AppleWebKit/537.36 (KHTML, like Gecko) Chrome/64.0.3282.167 Safari/537.36"
167.160.68.125 - - [30/Nov/2018:03:22:47 +0000] "GET /register HTTP/1.1" 200 3377 "https://cungcap.net/login" "Mozilla/5.0 (X11; CrOS x86_64 10176.72.0) AppleWebKit/537.36 (KHTML, like Gecko) Chrome/64.0.3282.167 Safari/537.36"
103.131.71.101 - - [30/Nov/2018:03:22:48 +0000] "GET /com/1286853/old HTTP/1.1" 200 4805 "-" "Mozilla/5.0 (compatible; coccocbot-web/1.0; +http://help.coccoc.com/searchengine)"
37.9.113.24 - - [30/Nov/2018:03:22:48 +0000] "GET /ip/85.13.149.80 HTTP/1.1" 200 3511 "-" "Mozilla/5.0 (compatible; YandexBot/3.0; +http://yandex.com/bots)"
46.229.168.153 - - [30/Nov/2018:03:22:51 +0000] "GET /product/5bf891785f37e341c5655758/op-lung-iphone-6s-plus-xanh HTTP/1.1" 200 5068 "-" "Mozilla/5.0 (compatible; SemrushBot/2~bl; +http://www.semrush.com/bot.html)"
5.45.207.78 - - [30/Nov/2018:03:22:51 +0000] "GET /ip/2a0b:3100:100::21:32 HTTP/1.1" 200 3493 "-" "Mozilla/5.0 (compatible; YandexBot/3.0; +http://yandex.com/bots)"
54.36.148.220 - - [30/Nov/2018:03:22:51 +0000] "GET /product/5bf6285c5f37e3053d5edb59/bo-but-va-bang-ve-tranh-3d-magic-board-cho-be HTTP/1.1" 200 5264 "-" "Mozilla/5.0 (compatible; AhrefsBot/5.2; +http://ahrefs.com/robot/)"
54.36.148.27 - - [30/Nov/2018:03:22:51 +0000] "GET /product/5bc959935f37e30600453a67/khuyen-tai-o-vuong-canh-hoa-xinh-xan HTTP/1.1" 200 5386 "-" "Mozilla/5.0 (compatible; AhrefsBot/5.2; +http://ahrefs.com/robot/)"
178.154.200.60 - - [30/Nov/2018:03:22:52 +0000] "GET /ip/213.203.255.158 HTTP/1.1" 200 3535 "-" "Mozilla/5.0 (compatible; YandexBot/3.0; +http://yandex.com/bots)"
46.229.168.130 - - [30/Nov/2018:03:22:53 +0000] "GET /com/5bacd50b10a4c862bb67d28b/cong-ty-trach-nhiem-huu-han-mot-thanh-vien-nha-hang-phuong-vi HTTP/1.1" 200 4837 "-" "Mozilla/5.0 (compatible; SemrushBot/2~bl; +http://www.semrush.com/bot.html)"
141.8.132.18 - - [30/Nov/2018:03:22:53 +0000] "GET /ip/109.203.112.70 HTTP/1.1" 200 3513 "-" "Mozilla/5.0 (compatible; YandexBot/3.0; +http://yandex.com/bots)"
5.45.207.78 - - [30/Nov/2018:03:22:54 +0000] "GET /ip/78.47.127.198 HTTP/1.1" 200 3489 "-" "Mozilla/5.0 (compatible; YandexBot/3.0; +http://yandex.com/bots)"
178.154.200.60 - - [30/Nov/2018:03:22:55 +0000] "GET /site/5bb1c132024e1725090fa9e1/bt24-internet-banking-banca-transilvania HTTP/1.1" 200 5308 "-" "Mozilla/5.0 (compatible; YandexBot/3.0; +http://yandex.com/bots)"
46.229.168.154 - - [30/Nov/2018:03:22:58 +0000] "GET /d/web-seo.at HTTP/1.1" 301 323 "-" "Mozilla/5.0 (compatible; SemrushBot/2~bl; +http://www.semrush.com/bot.html)"
148.64.56.64 - - [30/Nov/2018:03:23:00 +0000] "GET / HTTP/1.1" 200 5969 "-" "Mozilla/5.0 (compatible; GrapeshotCrawler/2.0; +http://www.grapeshot.co.uk/crawler.php)"
37.9.113.15 - - [30/Nov/2018:03:23:01 +0000] "GET /site/5bb3b59f024e173dd809aa96/buildyourcnc-at-buildyourcnc-instagram-photos-and-videos HTTP/1.1" 200 5549 "-" "Mozilla/5.0 (compatible; YandexBot/3.0; +http://yandex.com/bots)"
31.220.110.247 - - [30/Nov/2018:03:23:02 +0000] "GET /cron/craw_note HTTP/1.0" 500 87715 "-" "Wget/1.12 (linux-gnu)"
31.220.110.247 - - [30/Nov/2018:03:23:02 +0000] "GET /cron/get_dns_record_domain HTTP/1.0" 500 105506 "-" "Wget/1.12 (linux-gnu)"
31.220.110.247 - - [30/Nov/2018:03:23:02 +0000] "GET /cron/index_elasticsearch HTTP/1.0" 500 120563 "-" "Wget/1.12 (linux-gnu)"
31.220.110.247 - - [30/Nov/2018:03:23:02 +0000] "GET /cron/craw_info_domain HTTP/1.0" 500 93191 "-" "Wget/1.12 (linux-gnu)"
31.220.110.247 - - [30/Nov/2018:03:23:02 +0000] "GET /cron/import_affiliate HTTP/1.0" 500 84975 "-" "Wget/1.12 (linux-gnu)"
103.131.71.93 - - [30/Nov/2018:03:23:02 +0000] "GET /com/1294465/old HTTP/1.1" 200 4783 "-" "Mozilla/5.0 (compatible; coccocbot-web/1.0; +http://help.coccoc.com/searchengine)"
66.249.79.100 - - [30/Nov/2018:03:23:03 +0000] "GET /product/5bd37dfc5f37e3239c18e7c7/ban-si-gia-do-kep-dien-thoai-da-nang-duoi-khi HTTP/1.1" 200 5299 "-" "Mozilla/5.0 (compatible; Googlebot/2.1; +http://www.google.com/bot.html)"
178.154.200.60 - - [30/Nov/2018:03:23:04 +0000] "GET /ip/2606:4700:30::6812:2c2a HTTP/1.1" 200 3504 "-" "Mozilla/5.0 (compatible; YandexBot/3.0; +http://yandex.com/bots)"
54.36.148.210 - - [30/Nov/2018:03:23:05 +0000] "GET /product/5bf6f9a85f37e3612025dfc7/sim-11-so-v90-viettel-01654-333-699 HTTP/1.1" 200 5004 "-" "Mozilla/5.0 (compatible; AhrefsBot/5.2; +http://ahrefs.com/robot/)"
5.45.207.78 - - [30/Nov/2018:03:23:06 +0000] "GET /ip/109.232.217.29 HTTP/1.1" 200 3495 "-" "Mozilla/5.0 (compatible; YandexBot/3.0; +http://yandex.com/bots)"
37.9.113.15 - - [30/Nov/2018:03:23:06 +0000] "GET /ip/67.213.65.60 HTTP/1.1" 200 3485 "-" "Mozilla/5.0 (compatible; YandexBot/3.0; +http://yandex.com/bots)"
37.9.113.15 - - [30/Nov/2018:03:23:08 +0000] "GET /ip/2606:4700:10::6814:40c0 HTTP/1.1" 200 3506 "-" "Mozilla/5.0 (compatible; YandexBot/3.0; +http://yandex.com/bots)"
46.229.168.140 - - [30/Nov/2018:03:23:09 +0000] "GET /product/5be977395f37e33c8f6e200c/giay-bup-be-dinh-mui-nhon?page=7 HTTP/1.1" 200 5315 "-" "Mozilla/5.0 (compatible; SemrushBot/2~bl; +http://www.semrush.com/bot.html)"
5.45.207.78 - - [30/Nov/2018:03:23:10 +0000] "GET /site/5bb368db024e17447a3185d7/mattias-djuse-horserunner HTTP/1.1" 200 3957 "-" "Mozilla/5.0 (compatible; YandexBot/3.0; +http://yandex.com/bots)"
54.36.149.11 - - [30/Nov/2018:03:23:12 +0000] "GET /product/5bd3100f5f37e3189a12249e/hoi-xoan-dap-cong HTTP/1.1" 200 5422 "-" "Mozilla/5.0 (compatible; AhrefsBot/5.2; +http://ahrefs.com/robot/)"
46.229.168.140 - - [30/Nov/2018:03:23:13 +0000] "GET /site/5bd034885f37e36ffb165bb6/animal-planet-collection-walmartcom?page=2 HTTP/1.1" 200 5434 "-" "Mozilla/5.0 (compatible; SemrushBot/2~bl; +http://www.semrush.com/bot.html)"
37.9.113.24 - - [30/Nov/2018:03:23:14 +0000] "GET /ip/176.99.0.21 HTTP/1.1" 200 3497 "-" "Mozilla/5.0 (compatible; YandexBot/3.0; +http://yandex.com/bots)"
179.109.193.155 - - [30/Nov/2018:03:23:14 +0000] "GET /search/get HTTP/1.0" 200 2575 "-" "Mozilla/5.0 (Windows NT 10.0; Win64; x64) AppleWebKit/537.36 (KHTML, like Gecko) Chrome/69.0.3497.100 Safari/537.36"
103.131.71.97 - - [30/Nov/2018:03:23:16 +0000] "GET /news/2954/old HTTP/1.1" 200 7561 "-" "Mozilla/5.0 (compatible; coccocbot-web/1.0; +http://help.coccoc.com/searchengine)"
54.36.149.83 - - [30/Nov/2018:03:23:16 +0000] "GET /product/5bf07d1c5f37e3233178cddc/combo-2-cong-tac-gat-e-ten1121-15a-on-on-gia-re-linh-kien-dien-tu-tuhu HTTP/1.1" 200 5345 "-" "Mozilla/5.0 (compatible; AhrefsBot/5.2; +http://ahrefs.com/robot/)"
54.36.148.170 - - [30/Nov/2018:03:23:22 +0000] "GET /product/5bf4c5835f37e30bd01fef46/moc-treo-chia-khoa-o-to-honda-cao-cap HTTP/1.1" 200 5122 "-" "Mozilla/5.0 (compatible; AhrefsBot/5.2; +http://ahrefs.com/robot/)"
54.36.148.99 - - [30/Nov/2018:03:23:22 +0000] "GET /product/5be064cb5f37e374ae30a0c9/gay-selfie-bluetooth-phuot-chuyen-nghiep HTTP/1.1" 200 5005 "-" "Mozilla/5.0 (compatible; AhrefsBot/5.2; +http://ahrefs.com/robot/)"
37.9.113.15 - - [30/Nov/2018:03:23:22 +0000] "GET /ip/104.20.155.61 HTTP/1.1" 200 3491 "-" "Mozilla/5.0 (compatible; YandexBot/3.0; +http://yandex.com/bots)"
46.229.168.141 - - [30/Nov/2018:03:23:22 +0000] "GET /site/5bb38b27024e177896351c32/it-consulting-strategy-outsourcing-services-company-itc?page=3 HTTP/1.1" 200 5482 "-" "Mozilla/5.0 (compatible; SemrushBot/2~bl; +http://www.semrush.com/bot.html)"
37.9.113.15 - - [30/Nov/2018:03:23:24 +0000] "GET /ip/85.159.247.21 HTTP/1.1" 200 3508 "-" "Mozilla/5.0 (compatible; YandexBot/3.0; +http://yandex.com/bots)"
54.36.149.3 - - [30/Nov/2018:03:23:25 +0000] "GET /%C4%91i%E1%BB%87n+tho%E1%BA%A1i+iphone+8+plus+c%C3%B3+m%E1%BA%A5y+m%C3%A0u?page=8 HTTP/1.1" 200 4693 "-" "Mozilla/5.0 (compatible; AhrefsBot/5.2; +http://ahrefs.com/robot/)"
179.109.193.155 - - [30/Nov/2018:03:23:25 +0000] "GET /search/all HTTP/1.0" 200 570 "-" "Mozilla/5.0 (Windows NT 10.0; Win64; x64) AppleWebKit/537.36 (KHTML, like Gecko) Chrome/69.0.3497.100 Safari/537.36"
178.154.200.60 - - [30/Nov/2018:03:23:27 +0000] "GET /site/5be742fe5f37e31f4e533004/pan-mais-recompensas-um-mundo-de-premios-e-ofertas-para HTTP/1.1" 200 5330 "-" "Mozilla/5.0 (compatible; YandexBot/3.0; +http://yandex.com/bots)"
54.36.148.93 - - [30/Nov/2018:03:23:28 +0000] "GET /ip/107.161.188.133 HTTP/1.1" 200 3503 "-" "Mozilla/5.0 (compatible; AhrefsBot/5.2; +http://ahrefs.com/robot/)"
87.250.224.42 - - [30/Nov/2018:03:23:29 +0000] "GET /ip/195.178.15.132 HTTP/1.1" 200 3487 "-" "Mozilla/5.0 (compatible; YandexBot/3.0; +http://yandex.com/bots)"
179.109.193.155 - - [30/Nov/2018:03:23:30 +0000] "GET /ip HTTP/1.0" 200 4062 "-" "Mozilla/5.0 (Windows NT 10.0; Win64; x64) AppleWebKit/537.36 (KHTML, like Gecko) Chrome/69.0.3497.100 Safari/537.36"
46.229.168.137 - - [30/Nov/2018:03:23:30 +0000] "GET /site/5bb321fa024e174acd72307e/wtrangsucdanet-da-cam-thach-canada?page=6 HTTP/1.1" 200 5641 "-" "Mozilla/5.0 (compatible; SemrushBot/2~bl; +http://www.semrush.com/bot.html)"
46.229.168.137 - - [30/Nov/2018:03:23:32 +0000] "GET /site/5bb321fa024e174acd72307e/wtrangsucdanet-da-cam-thach-canada?page=6 HTTP/1.1" 200 5640 "-" "Mozilla/5.0 (compatible; SemrushBot/2~bl; +http://www.semrush.com/bot.html)"
54.36.149.5 - - [30/Nov/2018:03:23:33 +0000] "GET /product/5beb9af35f37e315965bd8f0/pin-laptop-hp-probook-4431s HTTP/1.1" 200 5182 "-" "Mozilla/5.0 (compatible; AhrefsBot/5.2; +http://ahrefs.com/robot/)"
54.36.148.59 - - [30/Nov/2018:03:23:34 +0000] "GET /product/5bf53b2c5f37e30b9a0f825d/dam-xoe-hoa-duyen-dang HTTP/1.1" 200 5079 "-" "Mozilla/5.0 (compatible; AhrefsBot/5.2; +http://ahrefs.com/robot/)"
46.229.168.148 - - [30/Nov/2018:03:23:35 +0000] "GET /go/5be0b1ab5f37e3421b6b7b48/balo-dinh HTTP/1.1" 200 1929 "-" "Mozilla/5.0 (compatible; SemrushBot/2~bl; +http://www.semrush.com/bot.html)"
37.9.113.15 - - [30/Nov/2018:03:23:37 +0000] "GET /ip/199.188.207.67 HTTP/1.1" 200 3495 "-" "Mozilla/5.0 (compatible; YandexBot/3.0; +http://yandex.com/bots)"
179.109.193.155 - - [30/Nov/2018:03:23:37 +0000] "GET /sites HTTP/1.0" 200 5394 "-" "Mozilla/5.0 (Windows NT 10.0; Win64; x64) AppleWebKit/537.36 (KHTML, like Gecko) Chrome/69.0.3497.100 Safari/537.36"
66.249.79.148 - - [30/Nov/2018:03:23:39 +0000] "GET /ads.txt HTTP/1.1" 200 2661 "-" "Mozilla/5.0 (compatible; Googlebot/2.1; +http://www.google.com/bot.html)"
37.9.113.15 - - [30/Nov/2018:03:23:39 +0000] "GET /ip/2606:4700:10::6814:bd34 HTTP/1.1" 200 3506 "-" "Mozilla/5.0 (compatible; YandexBot/3.0; +http://yandex.com/bots)"
5.45.207.43 - - [30/Nov/2018:03:23:42 +0000] "GET /ip/2606:4700:30::681c:940 HTTP/1.1" 200 3505 "-" "Mozilla/5.0 (compatible; YandexBot/3.0; +http://yandex.com/bots)"
5.45.207.78 - - [30/Nov/2018:03:23:43 +0000] "GET /ip/2606:4700:30::6812:20ef HTTP/1.1" 200 3505 "-" "Mozilla/5.0 (compatible; YandexBot/3.0; +http://yandex.com/bots)"
46.229.168.134 - - [30/Nov/2018:03:23:47 +0000] "GET /site/5bb4bf07024e176c0c086b98/pessoas-legais-com-nomes-iguais-crash-bandicoot-n-sane HTTP/1.1" 200 5482 "-" "Mozilla/5.0 (compatible; SemrushBot/2~bl; +http://www.semrush.com/bot.html)"
37.9.113.24 - - [30/Nov/2018:03:23:47 +0000] "GET /ip/164.132.55.80 HTTP/1.1" 200 3476 "-" "Mozilla/5.0 (compatible; YandexBot/3.0; +http://yandex.com/bots)"
66.249.79.186 - - [30/Nov/2018:03:23:49 +0000] "GET /ads.txt HTTP/1.1" 200 2665 "-" "Mozilla/5.0 (compatible; Googlebot/2.1; +http://www.google.com/bot.html)"
157.48.85.149 - - [30/Nov/2018:03:23:49 +0000] "GET /site/5bb0e3b9024e172e6243c7f9/movierulzsx-archives-movierulz HTTP/2.0" 200 5213 "http://movierulz.sx.d.cungcap.net/" "Mozilla/5.0 (Linux; Android 7.1.1; Redmi Note 5 Pro Build/NGI77B) AppleWebKit/537.36 (KHTML, like Gecko) Chrome/68.0.3440.91 Mobile Safari/537.36"
87.250.224.42 - - [30/Nov/2018:03:23:50 +0000] "GET /ip/2606:4700::6810:7976 HTTP/1.1" 200 3502 "-" "Mozilla/5.0 (compatible; YandexBot/3.0; +http://yandex.com/bots)"
37.9.113.24 - - [30/Nov/2018:03:23:50 +0000] "GET /ip/52.205.209.29 HTTP/1.1" 200 3493 "-" "Mozilla/5.0 (compatible; YandexBot/3.0; +http://yandex.com/bots)"
87.250.224.42 - - [30/Nov/2018:03:23:52 +0000] "GET /ip/2606:4700:30::6812:2cfc HTTP/1.1" 200 3504 "-" "Mozilla/5.0 (compatible; YandexBot/3.0; +http://yandex.com/bots)"
5.45.207.78 - - [30/Nov/2018:03:23:53 +0000] "GET /ip/207.99.94.130 HTTP/1.1" 200 3487 "-" "Mozilla/5.0 (compatible; YandexBot/3.0; +http://yandex.com/bots)"
5.45.207.78 - - [30/Nov/2018:03:23:54 +0000] "GET /ip/2600:9000:20fa:2a00:6:6c69:c140:93a1 HTTP/1.1" 200 3526 "-" "Mozilla/5.0 (compatible; YandexBot/3.0; +http://yandex.com/bots)"
178.154.200.60 - - [30/Nov/2018:03:23:55 +0000] "GET /ip/200.47.117.82 HTTP/1.1" 200 3508 "-" "Mozilla/5.0 (compatible; YandexBot/3.0; +http://yandex.com/bots)"
178.154.200.60 - - [30/Nov/2018:03:23:55 +0000] "GET /ip/50.63.46.171 HTTP/1.1" 200 3496 "-" "Mozilla/5.0 (compatible; YandexBot/3.0; +http://yandex.com/bots)"
87.250.224.42 - - [30/Nov/2018:03:23:56 +0000] "GET /ip/195.138.242.59 HTTP/1.1" 200 3493 "-" "Mozilla/5.0 (compatible; YandexBot/3.0; +http://yandex.com/bots)"
5.45.207.78 - - [30/Nov/2018:03:23:57 +0000] "GET /site/5bf76af55f37e3655a2bb037/amerika21de-whois HTTP/1.1" 200 5551 "-" "Mozilla/5.0 (compatible; YandexBot/3.0; +http://yandex.com/bots)"
54.36.149.10 - - [30/Nov/2018:03:23:58 +0000] "GET /product/5bee4e985f37e31692277bb7/nhong-trung-gian-hp-1000-1200-1300-canon-1210 HTTP/1.1" 200 5299 "-" "Mozilla/5.0 (compatible; AhrefsBot/5.2; +http://ahrefs.com/robot/)"
141.8.132.18 - - [30/Nov/2018:03:23:59 +0000] "GET /ip/2600:9000:20fa:9000:17:37d:af00:93a1 HTTP/1.1" 200 3518 "-" "Mozilla/5.0 (compatible; YandexBot/3.0; +http://yandex.com/bots)"
66.249.79.253 - - [30/Nov/2018:03:23:59 +0000] "GET /ads.txt HTTP/1.1" 200 2669 "-" "Mozilla/5.0 (compatible; Googlebot/2.1; +http://www.google.com/bot.html)"
46.229.168.153 - - [30/Nov/2018:03:24:01 +0000] "GET /product/5bf7424f5f37e338613232f4/mat-na-phuc-hoi-trang-da-2-buoc-kbone-han-quoc HTTP/1.1" 200 5360 "-" "Mozilla/5.0 (compatible; SemrushBot/2~bl; +http://www.semrush.com/bot.html)"
54.36.149.0 - - [30/Nov/2018:03:24:01 +0000] "GET /product/5beb44ef5f37e33fda0693b6/quat-tran-sieu-tiet-kiem-dien-mat-khap-nha-2019-co-remote HTTP/1.1" 200 5321 "-" "Mozilla/5.0 (compatible; AhrefsBot/5.2; +http://ahrefs.com/robot/)"
31.220.110.247 - - [30/Nov/2018:03:24:02 +0000] "GET /cron/get_dns_record_domain HTTP/1.0" 500 93191 "-" "Wget/1.12 (linux-gnu)"
31.220.110.247 - - [30/Nov/2018:03:24:02 +0000] "GET /cron/craw_info_domain HTTP/1.0" 500 164377 "-" "Wget/1.12 (linux-gnu)"
31.220.110.247 - - [30/Nov/2018:03:24:02 +0000] "GET /cron/craw_note HTTP/1.0" 500 84975 "-" "Wget/1.12 (linux-gnu)"
31.220.110.247 - - [30/Nov/2018:03:24:02 +0000] "GET /cron/import_affiliate HTTP/1.0" 500 120565 "-" "Wget/1.12 (linux-gnu)"
31.220.110.247 - - [30/Nov/2018:03:24:02 +0000] "GET /cron/index_elasticsearch HTTP/1.0" 500 86340 "-" "Wget/1.12 (linux-gnu)"
37.9.113.24 - - [30/Nov/2018:03:24:02 +0000] "GET /ip/95.131.254.128 HTTP/1.1" 200 3488 "-" "Mozilla/5.0 (compatible; YandexBot/3.0; +http://yandex.com/bots)"
42.119.100.44 - - [30/Nov/2018:03:24:03 +0000] "GET / HTTP/2.0" 200 4866 "-" "Mozilla/5.0 (X11; Linux x86_64) AppleWebKit/537.36 (KHTML, like Gecko) Chrome/70.0.3538.67 Safari/537.36"
46.229.168.145 - - [30/Nov/2018:03:24:04 +0000] "GET /product/5bf7338c5f37e3286848d0f7/vong-tay-mat-ho-phong-thuy-mix HTTP/1.1" 200 5038 "-" "Mozilla/5.0 (compatible; SemrushBot/2~bl; +http://www.semrush.com/bot.html)"
5.45.207.78 - - [30/Nov/2018:03:24:04 +0000] "GET /ip/213.73.83.40 HTTP/1.1" 200 3502 "-" "Mozilla/5.0 (compatible; YandexBot/3.0; +http://yandex.com/bots)"
178.154.200.60 - - [30/Nov/2018:03:24:06 +0000] "GET /k/Free+shipping+Soom+imda+tokki+1+12+bjd+dolls+reborn+girls+boys+eyes+High+Quality+toys+resin+oueneifs HTTP/1.1" 200 2619 "-" "Mozilla/5.0 (compatible; YandexBot/3.0; +http://yandex.com/bots)"
42.119.100.44 - - [30/Nov/2018:03:24:07 +0000] "GET /post/5c00a84e5f37e37db063d5a3/quy-trinh-moi-nhat-sang-ten-doi-chu-xe-may-o-to-nam-2019 HTTP/2.0" 200 6403 "https://cungcap.net/" "Mozilla/5.0 (X11; Linux x86_64) AppleWebKit/537.36 (KHTML, like Gecko) Chrome/70.0.3538.67 Safari/537.36"
141.8.132.18 - - [30/Nov/2018:03:24:07 +0000] "GET /k/An+Nam+Truy%E1%BB%87n HTTP/1.1" 200 2523 "-" "Mozilla/5.0 (compatible; YandexBot/3.0; +http://yandex.com/bots)"
157.48.85.149 - - [30/Nov/2018:03:24:09 +0000] "GET /site/5bb0e3b9024e172e6243c7fc/movierulzms-movierulzvc-watch-bollywood-and-hollywood-full HTTP/2.0" 200 5587 "http://movierulz.sx.d.cungcap.net/" "Mozilla/5.0 (Linux; Android 7.1.1; Redmi Note 5 Pro Build/NGI77B) AppleWebKit/537.36 (KHTML, like Gecko) Chrome/68.0.3440.91 Mobile Safari/537.36"
37.9.113.15 - - [30/Nov/2018:03:24:13 +0000] "GET /k/BOBO+BIRD+WD28+Full+Bamboo+Wooden+Watch+for+Men+Hot+Elk+Deer+Head+Story+Designer+Brand+Quartz+Wrist+Watches+in+Gift+Box HTTP/1.1" 200 2659 "-" "Mozilla/5.0 (compatible; YandexBot/3.0; +http://yandex.com/bots)"
46.229.168.134 - - [30/Nov/2018:03:24:14 +0000] "GET /ip/104.24.111.70 HTTP/1.1" 200 3483 "-" "Mozilla/5.0 (compatible; SemrushBot/2~bl; +http://www.semrush.com/bot.html)"
42.119.100.44 - - [30/Nov/2018:03:24:15 +0000] "GET /@5bbcb68a024e1728595c8443 HTTP/2.0" 200 4812 "https://cungcap.net/post/5c00a84e5f37e37db063d5a3/quy-trinh-moi-nhat-sang-ten-doi-chu-xe-may-o-to-nam-2019" "Mozilla/5.0 (X11; Linux x86_64) AppleWebKit/537.36 (KHTML, like Gecko) Chrome/70.0.3538.67 Safari/537.36"
46.229.168.134 - - [30/Nov/2018:03:24:15 +0000] "GET /ip/104.24.111.70 HTTP/1.1" 200 3486 "-" "Mozilla/5.0 (compatible; SemrushBot/2~bl; +http://www.semrush.com/bot.html)"
141.8.132.18 - - [30/Nov/2018:03:24:16 +0000] "GET /site/5bb66c0e10a4c8273c2dc641/vo-nokia-6300-gold-vo-nokia-6300-gold-xuan-thuy-mobile-facebook HTTP/1.1" 200 7734 "-" "Mozilla/5.0 (compatible; YandexBot/3.0; +http://yandex.com/bots)"
178.154.200.49 - - [30/Nov/2018:03:24:17 +0000] "GET /ip/2606:4700:10::6814:39d6 HTTP/1.1" 200 3506 "-" "Mozilla/5.0 (compatible; YandexBot/3.0; +http://yandex.com/bots)"
42.119.100.44 - - [30/Nov/2018:03:24:18 +0000] "GET /@5bbcb68a024e1728595c8443?page=2 HTTP/2.0" 200 3604 "https://cungcap.net/@5bbcb68a024e1728595c8443" "Mozilla/5.0 (X11; Linux x86_64) AppleWebKit/537.36 (KHTML, like Gecko) Chrome/70.0.3538.67 Safari/537.36"
66.249.79.102 - - [30/Nov/2018:03:24:20 +0000] "GET /keyword/website%2Btr%C6%B0%E1%BB%9Dng%2B%C4%91%E1%BA%A1i%2Bh%E1%BB%8Dc%2Bt%C3%A2y%2Bnguy%C3%AAn HTTP/1.1" 200 2605 "-" "Mozilla/5.0 (Linux; Android 6.0.1; Nexus 5X Build/MMB29P) AppleWebKit/537.36 (KHTML, like Gecko) Chrome/41.0.2272.96 Mobile Safari/537.36 (compatible; Googlebot/2.1; +http://www.google.com/bot.html)"
42.119.100.44 - - [30/Nov/2018:03:24:20 +0000] "GET / HTTP/2.0" 200 4866 "https://cungcap.net/@5bbcb68a024e1728595c8443?page=2" "Mozilla/5.0 (X11; Linux x86_64) AppleWebKit/537.36 (KHTML, like Gecko) Chrome/70.0.3538.67 Safari/537.36"
116.105.202.109 - - [30/Nov/2018:03:24:21 +0000] "POST /media/uploadToTmp HTTP/2.0" 200 219 "https://cungcap.net/post/add" "Mozilla/5.0 (Windows NT 6.1; WOW64) AppleWebKit/537.36 (KHTML, like Gecko) coc_coc_browser/76.0.102 Chrome/70.0.3538.102 Safari/537.36"
116.105.202.109 - - [30/Nov/2018:03:24:21 +0000] "POST /media/uploadToTmp HTTP/2.0" 200 220 "https://cungcap.net/post/add" "Mozilla/5.0 (Windows NT 6.1; WOW64) AppleWebKit/537.36 (KHTML, like Gecko) coc_coc_browser/76.0.102 Chrome/70.0.3538.102 Safari/537.36"
116.105.202.109 - - [30/Nov/2018:03:24:21 +0000] "POST /media/uploadToTmp HTTP/2.0" 200 218 "https://cungcap.net/post/add" "Mozilla/5.0 (Windows NT 6.1; WOW64) AppleWebKit/537.36 (KHTML, like Gecko) coc_coc_browser/76.0.102 Chrome/70.0.3538.102 Safari/537.36"
37.9.113.24 - - [30/Nov/2018:03:24:22 +0000] "GET /site/5be7e4895f37e3571e7d71da/agoria HTTP/1.1" 200 3928 "-" "Mozilla/5.0 (compatible; YandexBot/3.0; +http://yandex.com/bots)"
141.8.132.18 - - [30/Nov/2018:03:24:24 +0000] "GET /ip/194.228.7.171 HTTP/1.1" 200 3497 "-" "Mozilla/5.0 (compatible; YandexBot/3.0; +http://yandex.com/bots)"
116.105.202.109 - - [30/Nov/2018:03:24:24 +0000] "POST /media/uploadToTmp HTTP/2.0" 200 220 "https://cungcap.net/post/add" "Mozilla/5.0 (Windows NT 6.1; WOW64) AppleWebKit/537.36 (KHTML, like Gecko) coc_coc_browser/76.0.102 Chrome/70.0.3538.102 Safari/537.36"
141.8.132.18 - - [30/Nov/2018:03:24:24 +0000] "GET /k/101+%C4%90i%E1%BB%81u+Em+Mu%E1%BB%91n+Bi%E1%BA%BFt+-+T2+-+Th%E1%BA%BF+Gi%E1%BB%9Bi+%C4%90%E1%BB%99ng+V%E1%BA%ADt HTTP/1.1" 200 2624 "-" "Mozilla/5.0 (compatible; YandexBot/3.0; +http://yandex.com/bots)"
87.250.224.42 - - [30/Nov/2018:03:24:26 +0000] "GET /k/Sbobet+Blackjack HTTP/1.1" 200 2506 "-" "Mozilla/5.0 (compatible; YandexBot/3.0; +http://yandex.com/bots)"
178.154.200.49 - - [30/Nov/2018:03:24:27 +0000] "GET /ip/51.38.45.128 HTTP/1.1" 200 3489 "-" "Mozilla/5.0 (compatible; YandexBot/3.0; +http://yandex.com/bots)"
37.9.113.24 - - [30/Nov/2018:03:24:31 +0000] "GET /k/K%E1%BA%BFt+qu%E1%BA%A3+x%E1%BB%95+s%E1%BB%91+An+Giang+26+4+2018-+XSAG+26+4 HTTP/1.1" 200 2592 "-" "Mozilla/5.0 (compatible; YandexBot/3.0; +http://yandex.com/bots)"
46.229.168.144 - - [30/Nov/2018:03:24:33 +0000] "GET /product/5bea94385f37e308770c4c9e/combo-2-goi-banh-yen-mach-han-quoc?page=1508 HTTP/1.1" 500 639429 "-" "Mozilla/5.0 (compatible; SemrushBot/2~bl; +http://www.semrush.com/bot.html)"
141.8.132.18 - - [30/Nov/2018:03:24:34 +0000] "GET /k/+Original+BANDAI+Tamashii+Nations+Robot+Spirits+Action+Figure+No.188+-+SIDE+HM-+L-Gaim+%28Spiral+Booster+Set%29+Heavy+Metal+L-Gaim+ HTTP/1.1" 200 2657 "-" "Mozilla/5.0 (compatible; YandexBot/3.0; +http://yandex.com/bots)"
66.249.79.97 - - [30/Nov/2018:03:24:35 +0000] "GET /product/5bce876f5f37e3791e22e7dc/gia-do-kep-dien-thoai-duoi-khi HTTP/1.1" 200 5358 "-" "Mozilla/5.0 (compatible; Googlebot/2.1; +http://www.google.com/bot.html)"
54.36.148.162 - - [30/Nov/2018:03:24:36 +0000] "GET /product/5bf5574c5f37e327c419f0dc/dam-xoe-hoa-duoi-ca-hang-nhap-loai-1-dhs1802 HTTP/1.1" 200 5225 "-" "Mozilla/5.0 (compatible; AhrefsBot/5.2; +http://ahrefs.com/robot/)"
178.154.200.49 - - [30/Nov/2018:03:24:36 +0000] "GET /site/5be4cb145f37e3462628dc2f/bryanne-hogue-yoga-teacher-at-strong1yoga-instagram-posts HTTP/1.1" 200 5397 "-" "Mozilla/5.0 (compatible; YandexBot/3.0; +http://yandex.com/bots)"
157.48.85.149 - - [30/Nov/2018:03:24:37 +0000] "GET /site/5bb0e3b9024e172e6243c7fc/movierulzms-movierulzvc-watch-bollywood-and-hollywood-full HTTP/2.0" 200 5587 "http://movierulz.sx.d.cungcap.net/" "Mozilla/5.0 (Linux; Android 7.1.1; Redmi Note 5 Pro Build/NGI77B) AppleWebKit/537.36 (KHTML, like Gecko) Chrome/68.0.3440.91 Mobile Safari/537.36"
178.154.200.60 - - [30/Nov/2018:03:24:38 +0000] "GET /k/--T%E1%BA%A0I+SAO+T%C3%94M+KH%C3%94NG+TH%E1%BB%82+L%E1%BB%98T+X%C3%81C+V%C3%80+C%C3%81CH...+-+Crayfish+%C4%90%C3%A0+... HTTP/1.1" 200 2660 "-" "Mozilla/5.0 (compatible; YandexBot/3.0; +http://yandex.com/bots)"
5.45.207.78 - - [30/Nov/2018:03:24:39 +0000] "GET /ip/194.233.193.106 HTTP/1.1" 200 3491 "-" "Mozilla/5.0 (compatible; YandexBot/3.0; +http://yandex.com/bots)"
178.154.200.60 - - [30/Nov/2018:03:24:40 +0000] "GET /site/5bf095095f37e33eef107985/bing-rewards-mobile-searches-now-automated-extra-10-credits-each HTTP/1.1" 200 5613 "-" "Mozilla/5.0 (compatible; YandexBot/3.0; +http://yandex.com/bots)"
5.45.207.78 - - [30/Nov/2018:03:24:40 +0000] "GET /ip/92.45.4.105 HTTP/1.1" 200 3503 "-" "Mozilla/5.0 (compatible; YandexBot/3.0; +http://yandex.com/bots)"
178.154.200.60 - - [30/Nov/2018:03:24:41 +0000] "GET /ip/176.111.49.5 HTTP/1.1" 200 3499 "-" "Mozilla/5.0 (compatible; YandexBot/3.0; +http://yandex.com/bots)"
178.154.200.60 - - [30/Nov/2018:03:24:41 +0000] "GET /ip/104.24.27.73 HTTP/1.1" 200 3492 "-" "Mozilla/5.0 (compatible; YandexBot/3.0; +http://yandex.com/bots)"
37.9.113.24 - - [30/Nov/2018:03:24:46 +0000] "GET /site/5be495c65f37e30a9c02c553/atsg-academia-tecnologica-de-sistemas-de-gestao HTTP/1.1" 200 5438 "-" "Mozilla/5.0 (compatible; YandexBot/3.0; +http://yandex.com/bots)"
46.229.168.144 - - [30/Nov/2018:03:24:48 +0000] "GET /product/5bea94385f37e308770c4c9e/combo-2-goi-banh-yen-mach-han-quoc?page=1508 HTTP/1.1" 500 575078 "-" "Mozilla/5.0 (compatible; SemrushBot/2~bl; +http://www.semrush.com/bot.html)"
46.229.168.138 - - [30/Nov/2018:03:24:50 +0000] "GET /lai-chau/thanh-pho-lai-chau?q=%2Flai-chau%2Fthanh-pho-lai-chau HTTP/1.1" 200 2515 "-" "Mozilla/5.0 (compatible; SemrushBot/2~bl; +http://www.semrush.com/bot.html)"
54.36.148.110 - - [30/Nov/2018:03:24:53 +0000] "GET /ip/82.165.192.236 HTTP/1.1" 200 3497 "-" "Mozilla/5.0 (compatible; AhrefsBot/5.2; +http://ahrefs.com/robot/)"
37.9.113.15 - - [30/Nov/2018:03:24:54 +0000] "GET /ip/81.88.32.190 HTTP/1.1" 200 3500 "-" "Mozilla/5.0 (compatible; YandexBot/3.0; +http://yandex.com/bots)"
46.229.168.133 - - [30/Nov/2018:03:24:55 +0000] "GET /product/5bd154285f37e34c972dfdc8/bo-do-ni-fila?page=4 HTTP/1.1" 200 5429 "-" "Mozilla/5.0 (compatible; SemrushBot/2~bl; +http://www.semrush.com/bot.html)"
141.8.132.18 - - [30/Nov/2018:03:24:57 +0000] "GET /ip/104.24.56.4 HTTP/1.1" 200 3489 "-" "Mozilla/5.0 (compatible; YandexBot/3.0; +http://yandex.com/bots)"
5.45.207.78 - - [30/Nov/2018:03:24:58 +0000] "GET /k/new+coil+winder+line HTTP/1.1" 200 2512 "-" "Mozilla/5.0 (compatible; YandexBot/3.0; +http://yandex.com/bots)"
5.45.207.78 - - [30/Nov/2018:03:24:59 +0000] "GET /ip/2a0b:7280:100::4d2:d6ff:fe00:2095 HTTP/1.1" 200 3519 "-" "Mozilla/5.0 (compatible; YandexBot/3.0; +http://yandex.com/bots)"
178.154.200.60 - - [30/Nov/2018:03:25:00 +0000] "GET /ip/195.200.111.187 HTTP/1.1" 200 3482 "-" "Mozilla/5.0 (compatible; YandexBot/3.0; +http://yandex.com/bots)"
31.220.110.247 - - [30/Nov/2018:03:25:01 +0000] "GET /cron/import_affiliate HTTP/1.0" 500 158901 "-" "Wget/1.12 (linux-gnu)"
31.220.110.247 - - [30/Nov/2018:03:25:01 +0000] "GET /cron/get_dns_record_domain HTTP/1.0" 500 86342 "-" "Wget/1.12 (linux-gnu)"
31.220.110.247 - - [30/Nov/2018:03:25:01 +0000] "GET /cron/craw_info_domain HTTP/1.0" 500 84975 "-" "Wget/1.12 (linux-gnu)"
31.220.110.247 - - [30/Nov/2018:03:25:01 +0000] "GET /cron/craw_note HTTP/1.0" 500 84979 "-" "Wget/1.12 (linux-gnu)"
31.220.110.247 - - [30/Nov/2018:03:25:01 +0000] "GET /cron/index_elasticsearch HTTP/1.0" 500 95929 "-" "Wget/1.12 (linux-gnu)"
66.249.79.43 - - [30/Nov/2018:03:25:02 +0000] "GET /ads.txt HTTP/1.1" 200 2667 "-" "Mozilla/5.0 (compatible; Googlebot/2.1; +http://www.google.com/bot.html)"
46.229.168.149 - - [30/Nov/2018:03:25:03 +0000] "GET /product/5bec0e075f37e3125e556044/kem-danh-rang-lion-vi-dua-luoi-cho-be HTTP/1.1" 200 5167 "-" "Mozilla/5.0 (compatible; SemrushBot/2~bl; +http://www.semrush.com/bot.html)"
46.229.168.152 - - [30/Nov/2018:03:25:06 +0000] "GET /ip/104.28.10.250 HTTP/1.1" 200 3485 "-" "Mozilla/5.0 (compatible; SemrushBot/2~bl; +http://www.semrush.com/bot.html)"
37.9.113.15 - - [30/Nov/2018:03:25:06 +0000] "GET /ip/104.28.14.3 HTTP/1.1" 200 3491 "-" "Mozilla/5.0 (compatible; YandexBot/3.0; +http://yandex.com/bots)"
46.229.168.152 - - [30/Nov/2018:03:25:07 +0000] "GET /ip/104.28.10.250 HTTP/1.1" 200 3486 "-" "Mozilla/5.0 (compatible; SemrushBot/2~bl; +http://www.semrush.com/bot.html)"
5.45.207.78 - - [30/Nov/2018:03:25:09 +0000] "GET /ip/104.24.105.208 HTTP/1.1" 200 3493 "-" "Mozilla/5.0 (compatible; YandexBot/3.0; +http://yandex.com/bots)"
54.36.149.11 - - [30/Nov/2018:03:25:09 +0000] "GET /product/5bc71f9610a4c82ded0c499e/bao-cao-su-12-chiec HTTP/1.1" 200 5326 "-" "Mozilla/5.0 (compatible; AhrefsBot/5.2; +http://ahrefs.com/robot/)"
5.45.207.78 - - [30/Nov/2018:03:25:09 +0000] "GET /ip/104.18.42.133 HTTP/1.1" 200 3485 "-" "Mozilla/5.0 (compatible; YandexBot/3.0; +http://yandex.com/bots)"
141.8.132.18 - - [30/Nov/2018:03:25:10 +0000] "GET /ip/134.76.9.9 HTTP/1.1" 200 3522 "-" "Mozilla/5.0 (compatible; YandexBot/3.0; +http://yandex.com/bots)"
5.45.207.78 - - [30/Nov/2018:03:25:11 +0000] "GET /k/File+Microsoft+logo+1987+slogan+1994+svg+Wikipedia HTTP/1.1" 200 2554 "-" "Mozilla/5.0 (compatible; YandexBot/3.0; +http://yandex.com/bots)"
46.229.168.139 - - [30/Nov/2018:03:25:11 +0000] "GET /product/5be4300c5f37e30bf30c1e5b/bo-phat-wifi-usb?page=174 HTTP/1.1" 200 5259 "-" "Mozilla/5.0 (compatible; SemrushBot/2~bl; +http://www.semrush.com/bot.html)"
141.8.132.18 - - [30/Nov/2018:03:25:11 +0000] "GET /ip/198.57.175.171 HTTP/1.1" 200 3483 "-" "Mozilla/5.0 (compatible; YandexBot/3.0; +http://yandex.com/bots)"
5.45.207.78 - - [30/Nov/2018:03:25:12 +0000] "GET /ip/138.197.234.123 HTTP/1.1" 200 3509 "-" "Mozilla/5.0 (compatible; YandexBot/3.0; +http://yandex.com/bots)"
66.249.79.68 - - [30/Nov/2018:03:25:12 +0000] "GET /ads.txt HTTP/1.1" 200 2664 "-" "Mozilla/5.0 (compatible; Googlebot/2.1; +http://www.google.com/bot.html)"
178.154.200.60 - - [30/Nov/2018:03:25:14 +0000] "GET /site/5bb0e22410a4c83c7262a403/mua-ban-dien-thoai-iphone-6-plus-128gb-cu-chinh-hang-gia-re HTTP/1.1" 200 7248 "-" "Mozilla/5.0 (compatible; YandexBot/3.0; +http://yandex.com/bots)"
141.8.132.18 - - [30/Nov/2018:03:25:14 +0000] "GET /k/Hair+Removal+Machine+Depilatory+Heater+Waxing+Warmer+US+EU+UK+Brazilian+Wax+Depilatory+Set+Hot+Film+Wax+Kit HTTP/1.1" 200 2620 "-" "Mozilla/5.0 (compatible; YandexBot/3.0; +http://yandex.com/bots)"
54.36.149.50 - - [30/Nov/2018:03:25:14 +0000] "GET /product/5bf43e485f37e37ed904ffd2/moc-khoa-ao-giap-pubg HTTP/1.1" 200 5158 "-" "Mozilla/5.0 (compatible; AhrefsBot/5.2; +http://ahrefs.com/robot/)"
5.45.207.78 - - [30/Nov/2018:03:25:14 +0000] "GET /ip/80.255.8.151 HTTP/1.1" 200 3522 "-" "Mozilla/5.0 (compatible; YandexBot/3.0; +http://yandex.com/bots)"
141.8.132.18 - - [30/Nov/2018:03:25:15 +0000] "GET /k/5+b%C3%B3ng+%C4%91%C3%A8n+LED+tr%C3%B2n+d%C3%B9ng+trong+gia+%C4%91%C3%ACnh+%C4%91%C3%A1ng+mua+nh%E1%BA%A5t+2018+... HTTP/1.1" 200 2635 "-" "Mozilla/5.0 (compatible; YandexBot/3.0; +http://yandex.com/bots)"
46.229.168.145 - - [30/Nov/2018:03:25:15 +0000] "GET /product/5be6d8ac5f37e329e41c6764/may-cham-soc-da-da-chuc-nang HTTP/1.1" 200 5197 "-" "Mozilla/5.0 (compatible; SemrushBot/2~bl; +http://www.semrush.com/bot.html)"
178.154.200.60 - - [30/Nov/2018:03:25:16 +0000] "GET /site/5bb288c4024e1760fe4900c0/vamidaat-at-vamida-at-twitter HTTP/1.1" 200 4388 "-" "Mozilla/5.0 (compatible; YandexBot/3.0; +http://yandex.com/bots)"
141.8.132.18 - - [30/Nov/2018:03:25:16 +0000] "GET /ip/93.90.145.102 HTTP/1.1" 200 3476 "-" "Mozilla/5.0 (compatible; YandexBot/3.0; +http://yandex.com/bots)"
46.229.168.131 - - [30/Nov/2018:03:25:19 +0000] "GET /site/5bd2bb3a5f37e332171ac059/tinh-dau-khanh-linh-tinh-dau-100-tu-thien-nhien-san-pham?page=7 HTTP/1.1" 200 5463 "-" "Mozilla/5.0 (compatible; SemrushBot/2~bl; +http://www.semrush.com/bot.html)"
37.9.113.24 - - [30/Nov/2018:03:25:20 +0000] "GET /ip/64.207.178.2 HTTP/1.1" 200 3498 "-" "Mozilla/5.0 (compatible; YandexBot/3.0; +http://yandex.com/bots)"
5.196.87.40 - - [30/Nov/2018:03:25:21 +0000] "GET /keyword/Uzbekistan%2Btravel%2B-%2BLonely%2BPlanet HTTP/1.1" 200 2541 "-" "Mozilla/5.0 (compatible; AhrefsBot/5.2; +http://ahrefs.com/robot/)"
46.229.168.129 - - [30/Nov/2018:03:25:22 +0000] "GET /product/5bd2aacf5f37e317cd2c758f/vo-chong-nuoc-cho-camera-hanh-trinh-gopro-hero-5 HTTP/1.1" 200 5421 "-" "Mozilla/5.0 (compatible; SemrushBot/2~bl; +http://www.semrush.com/bot.html)"
66.249.79.182 - - [30/Nov/2018:03:25:23 +0000] "GET /ads.txt HTTP/1.1" 200 2668 "-" "Mozilla/5.0 (compatible; Googlebot/2.1; +http://www.google.com/bot.html)"
5.45.207.78 - - [30/Nov/2018:03:25:23 +0000] "GET /ip/185.4.72.165 HTTP/1.1" 200 3481 "-" "Mozilla/5.0 (compatible; YandexBot/3.0; +http://yandex.com/bots)"
5.45.207.43 - - [30/Nov/2018:03:25:24 +0000] "GET /k/%E1%BB%90p+l%C6%B0ng+Ringke+Slim+Galaxy+S7+V%C3%A0ng HTTP/1.1" 200 2571 "-" "Mozilla/5.0 (compatible; YandexBot/3.0; +http://yandex.com/bots)"
87.250.224.42 - - [30/Nov/2018:03:25:26 +0000] "GET /ip/62.116.169.172 HTTP/1.1" 200 3497 "-" "Mozilla/5.0 (compatible; YandexBot/3.0; +http://yandex.com/bots)"
46.229.168.145 - - [30/Nov/2018:03:25:26 +0000] "GET /product/5bea4b1a5f37e336810dd58b/op-lung-samsung-galaxy-j7-max-2017-silicone-chong-soc?page=8 HTTP/1.1" 200 5308 "-" "Mozilla/5.0 (compatible; SemrushBot/2~bl; +http://www.semrush.com/bot.html)"
178.154.200.60 - - [30/Nov/2018:03:25:27 +0000] "GET /k/Lingvo+Live+%E2%80%94+%D0%BE%D0%BD%D0%BB%D0%B0%D0%B9%D0%BD-%D1%81%D0%BB%D0%BE%D0%B2%D0%B0%D1%80%D1%8C+%D0%BE%D1%82+ABBYY.+%D0%9F%D0%B5%D1%80%D0%B5%D0%B2%D0%BE%D0%B4%D1%87%D0%B8%D0%BA+%E2%80%A6 HTTP/1.1" 200 2701 "-" "Mozilla/5.0 (compatible; YandexBot/3.0; +http://yandex.com/bots)"
178.154.200.60 - - [30/Nov/2018:03:25:27 +0000] "GET /k/PDF+Printer+PDF+Converter+PDF+Viewer+for+Windows+Seven HTTP/1.1" 200 2551 "-" "Mozilla/5.0 (compatible; YandexBot/3.0; +http://yandex.com/bots)"
5.45.207.78 - - [30/Nov/2018:03:25:28 +0000] "GET /k/Club+Mona+Lisa+Home+Facebook HTTP/1.1" 200 2523 "-" "Mozilla/5.0 (compatible; YandexBot/3.0; +http://yandex.com/bots)"
148.64.56.70 - - [30/Nov/2018:03:25:31 +0000] "GET / HTTP/1.1" 200 4281 "-" "Mozilla/5.0 (compatible; GrapeshotCrawler/2.0; +http://www.grapeshot.co.uk/crawler.php)"
37.9.113.24 - - [30/Nov/2018:03:25:33 +0000] "GET /k/3+Lights+Modern+Deformable+LED+Wall+Light+For+Bedroom+Livng+Room+Home+Lighting+AC+Bulb+Included+90V~260V HTTP/1.1" 200 2620 "-" "Mozilla/5.0 (compatible; YandexBot/3.0; +http://yandex.com/bots)"
54.36.149.29 - - [30/Nov/2018:03:25:35 +0000] "GET /new+zealand+immigration+address?page=2 HTTP/1.1" 200 4729 "-" "Mozilla/5.0 (compatible; AhrefsBot/5.2; +http://ahrefs.com/robot/)"
46.229.168.136 - - [30/Nov/2018:03:25:35 +0000] "GET /product/5bc86fab5f37e35229369a02/may-xong-mat-thao-duoc-hoa-qua-tuoi-2in1-tang-may-rua-mat-5-dau HTTP/1.1" 200 5487 "-" "Mozilla/5.0 (compatible; SemrushBot/2~bl; +http://www.semrush.com/bot.html)"
141.8.132.18 - - [30/Nov/2018:03:25:36 +0000] "GET /k/LED+1+Ring+20W+Free+Shipping+Arylic+Pendant+1+light+20CM+Modern+Chic+Stainless+Steel+Plating HTTP/1.1" 200 2608 "-" "Mozilla/5.0 (compatible; YandexBot/3.0; +http://yandex.com/bots)"
178.154.200.60 - - [30/Nov/2018:03:25:37 +0000] "GET /k/Dijital+Reklam HTTP/1.1" 200 2504 "-" "Mozilla/5.0 (compatible; YandexBot/3.0; +http://yandex.com/bots)"
5.45.207.78 - - [30/Nov/2018:03:25:39 +0000] "GET /k/Solar+Power+LED+Solar+light+Outdoor+Wall+LED+Solar+Lamp+With+PIR+Motion+Sensor+Night+Security+Bulb+Street+Yard+Path+Garden+lamp HTTP/1.1" 200 2650 "-" "Mozilla/5.0 (compatible; YandexBot/3.0; +http://yandex.com/bots)"
178.154.200.60 - - [30/Nov/2018:03:25:39 +0000] "GET /k/Chu%E1%BB%99t+kh%C3%B4ng+d%C3%A2y+Logitech+M187+Xanh HTTP/1.1" 200 2571 "-" "Mozilla/5.0 (compatible; YandexBot/3.0; +http://yandex.com/bots)"
141.0.8.227 - - [30/Nov/2018:03:25:39 +0000] "GET /site/5bb3e316024e1702902ec872/filmyhitcom-filmywap-2018-free-rdxhd-download HTTP/1.1" 200 5840 "-" "Opera/9.80 (Android; Opera Mini/37.1.2254/123.75; U; en) Presto/2.12.423 Version/12.16"
141.0.8.227 - - [30/Nov/2018:03:25:39 +0000] "GET /site/5bb3e316024e1702902ec872/filmyhitcom-filmywap-2018-free-rdxhd-download HTTP/1.1" 200 5840 "-" "Opera/9.80 (Android; Opera Mini/37.1.2254/123.75; U; en) Presto/2.12.423 Version/12.16"
141.0.8.227 - - [30/Nov/2018:03:25:40 +0000] "GET /site/5bb3e316024e1702902ec872/filmyhitcom-filmywap-2018-free-rdxhd-download HTTP/1.1" 200 5840 "-" "Opera/9.80 (Android; Opera Mini/37.1.2254/123.75; U; en) Presto/2.12.423 Version/12.16"
141.0.8.227 - - [30/Nov/2018:03:25:41 +0000] "GET /site/5bb3e316024e1702902ec872/filmyhitcom-filmywap-2018-free-rdxhd-download HTTP/1.1" 200 5840 "-" "Opera/9.80 (Android; Opera Mini/37.1.2254/123.75; U; en) Presto/2.12.423 Version/12.16"
37.9.113.24 - - [30/Nov/2018:03:25:45 +0000] "GET /site/5bb34ff9024e170d746976d6/prays-list-gold-banyanru HTTP/1.1" 200 5585 "-" "Mozilla/5.0 (compatible; YandexBot/3.0; +http://yandex.com/bots)"
46.229.168.131 - - [30/Nov/2018:03:25:46 +0000] "GET /product/5bc4f1c710a4c8284c3fc370/giay-cao-got-bit-mui-8cm?page=2 HTTP/1.1" 200 5396 "-" "Mozilla/5.0 (compatible; SemrushBot/2~bl; +http://www.semrush.com/bot.html)"
5.45.207.78 - - [30/Nov/2018:03:25:48 +0000] "GET /ip/193.108.205.50 HTTP/1.1" 200 3495 "-" "Mozilla/5.0 (compatible; YandexBot/3.0; +http://yandex.com/bots)"
178.154.200.60 - - [30/Nov/2018:03:25:49 +0000] "GET /ip/5.35.226.28 HTTP/1.1" 200 3495 "-" "Mozilla/5.0 (compatible; YandexBot/3.0; +http://yandex.com/bots)"
5.45.207.78 - - [30/Nov/2018:03:25:49 +0000] "GET /ip/173.254.246.157 HTTP/1.1" 200 3505 "-" "Mozilla/5.0 (compatible; YandexBot/3.0; +http://yandex.com/bots)"
54.36.148.58 - - [30/Nov/2018:03:25:50 +0000] "GET /product/5bc67b8610a4c85fe83b22e9/decal-dan-tuong-mau-thu-05-ket-hop-happy-travel HTTP/1.1" 200 5446 "-" "Mozilla/5.0 (compatible; AhrefsBot/5.2; +http://ahrefs.com/robot/)"
141.8.132.18 - - [30/Nov/2018:03:25:50 +0000] "GET /ip/202.191.119.47 HTTP/1.1" 200 3504 "-" "Mozilla/5.0 (compatible; YandexBot/3.0; +http://yandex.com/bots)"
46.229.168.134 - - [30/Nov/2018:03:25:52 +0000] "GET /product/5be6ee775f37e341f05977ef/pin-laptop-sony-vaio-vgncs36gjj-mau-bac?page=1065 HTTP/1.1" 500 716053 "-" "Mozilla/5.0 (compatible; SemrushBot/2~bl; +http://www.semrush.com/bot.html)"
54.36.148.231 - - [30/Nov/2018:03:25:52 +0000] "GET /product/5bedb58b5f37e36d826ca31e/ao-len-nu-ao-len-nu HTTP/1.1" 200 5087 "-" "Mozilla/5.0 (compatible; AhrefsBot/5.2; +http://ahrefs.com/robot/)"
54.36.148.190 - - [30/Nov/2018:03:25:55 +0000] "GET /product/5bf454525f37e315333e59a0/vong-chuoi-da-thach-anh-do-cat-giac-8-ly-22-hat-kem-hop-go HTTP/1.1" 200 5090 "-" "Mozilla/5.0 (compatible; AhrefsBot/5.2; +http://ahrefs.com/robot/)"
37.9.113.15 - - [30/Nov/2018:03:25:56 +0000] "GET /k/Original+Xiaomi+Mi+LYEJ02LM+Bluetooth+Earphone+Sports+Wireless+Bluetooth+4.0+Headphone+Handsfree+Headsets+for+iphone+for+samsung HTTP/1.1" 200 2634 "-" "Mozilla/5.0 (compatible; YandexBot/3.0; +http://yandex.com/bots)"
178.154.200.60 - - [30/Nov/2018:03:25:58 +0000] "GET /k/Taylor+Swift+Style+YouTube HTTP/1.1" 200 2520 "-" "Mozilla/5.0 (compatible; YandexBot/3.0; +http://yandex.com/bots)"
87.250.224.42 - - [30/Nov/2018:03:26:01 +0000] "GET /site/5bf5d3d45f37e32ac07c3056/strona-internetowa-pozycjonowanie-lokalne-biznesow HTTP/1.1" 200 4013 "-" "Mozilla/5.0 (compatible; YandexBot/3.0; +http://yandex.com/bots)"
46.229.168.153 - - [30/Nov/2018:03:26:01 +0000] "GET /product/5bc615cb10a4c82ebb388402/nuoc-hoa-bvlgari-omnia-coral-5ml HTTP/1.1" 200 5275 "-" "Mozilla/5.0 (compatible; SemrushBot/2~bl; +http://www.semrush.com/bot.html)"
31.220.110.247 - - [30/Nov/2018:03:26:02 +0000] "GET /cron/import_affiliate HTTP/1.0" 500 149324 "-" "Wget/1.12 (linux-gnu)"
31.220.110.247 - - [30/Nov/2018:03:26:02 +0000] "GET /cron/get_dns_record_domain HTTP/1.0" 500 98659 "-" "Wget/1.12 (linux-gnu)"
