54.36.149.91 - - [30/Nov/2018:03:30:17 +0000] "GET /product/5beb6aac5f37e364847937ff/son-im-matte-lip-crayon-memebox HTTP/1.1" 200 5229 "-" "Mozilla/5.0 (compatible; AhrefsBot/5.2; +http://ahrefs.com/robot/)"
54.36.148.42 - - [30/Nov/2018:03:30:20 +0000] "GET /product/5bef1af75f37e30a6d66ad45/quat-tran-trang-tri-kieu-chau-au-44wg-9010 HTTP/1.1" 200 5241 "-" "Mozilla/5.0 (compatible; AhrefsBot/5.2; +http://ahrefs.com/robot/)"
37.9.113.15 - - [30/Nov/2018:03:30:24 +0000] "GET /site/5bf359fd5f37e306ae6e414b/international-horse-greyhound-racing-in-malaysia-sg HTTP/1.1" 200 5514 "-" "Mozilla/5.0 (compatible; YandexBot/3.0; +http://yandex.com/bots)"
54.36.149.83 - - [30/Nov/2018:03:30:25 +0000] "GET /product/5bf666005f37e3434f6af28f/thun-tay-lo-unisex-duoi-60kg HTTP/1.1" 200 5065 "-" "Mozilla/5.0 (compatible; AhrefsBot/5.2; +http://ahrefs.com/robot/)"
141.8.132.18 - - [30/Nov/2018:03:30:28 +0000] "GET /ip/2a04:3540:1000:310:a8aa:aaff:feaa:19e3 HTTP/1.1" 200 3505 "-" "Mozilla/5.0 (compatible; YandexBot/3.0; +http://yandex.com/bots)"
46.229.168.138 - - [30/Nov/2018:03:30:29 +0000] "GET /product/5beaea785f37e35bc83cccd2/bong-bong-kieng-nhom-trang-tri-hinh-so?page=1096 HTTP/1.1" 500 716162 "-" "Mozilla/5.0 (compatible; SemrushBot/2~bl; +http://www.semrush.com/bot.html)"
87.250.224.42 - - [30/Nov/2018:03:30:30 +0000] "GET /site/5bb3e5f1024e177c7143b3d1/tor-bitnet-rutororg-svobodnyy-torrent-treker HTTP/1.1" 200 4499 "-" "Mozilla/5.0 (compatible; YandexBot/3.0; +http://yandex.com/bots)"
165.225.116.77 - - [30/Nov/2018:03:30:31 +0000] "GET /%C4%91i%E1%BB%87n+tho%E1%BA%A1i+oppo+f3+lite+%28a57%29?page=16 HTTP/1.1" 200 5029 "https://coccoc.com/search" "Mozilla/5.0 (Windows NT 6.1) AppleWebKit/537.36 (KHTML, like Gecko) coc_coc_browser/76.0.102 Chrome/70.0.3538.102 Safari/537.36"
5.196.87.23 - - [30/Nov/2018:03:30:31 +0000] "GET /keyword/b%C3%A1n%2Bnh%C3%A0%2Bch%C3%ADnh%2Bch%E1%BB%A7%2Bvideo%2B-%2BB%C3%A1n%2B-%2Btags%2B-%2BBatdongsan.com HTTP/1.1" 200 2597 "-" "Mozilla/5.0 (compatible; AhrefsBot/5.2; +http://ahrefs.com/robot/)"
54.36.148.64 - - [30/Nov/2018:03:30:33 +0000] "GET /product/5bd0d28c5f37e323c667cd37/the-nho-2gb HTTP/1.1" 200 5181 "-" "Mozilla/5.0 (compatible; AhrefsBot/5.2; +http://ahrefs.com/robot/)"
46.229.168.130 - - [30/Nov/2018:03:30:36 +0000] "GET /product/5be7aa705f37e316295e34d0/tem-honda-phan-quang HTTP/1.1" 200 5031 "-" "Mozilla/5.0 (compatible; SemrushBot/2~bl; +http://www.semrush.com/bot.html)"
157.48.85.149 - - [30/Nov/2018:03:30:37 +0000] "GET /site/5bb0e3b9024e172e6243c7f9/movierulzsx-archives-movierulz HTTP/2.0" 200 5213 "http://movierulz.sx.d.cungcap.net/" "Mozilla/5.0 (Linux; Android 7.1.1; Redmi Note 5 Pro Build/NGI77B) AppleWebKit/537.36 (KHTML, like Gecko) Chrome/68.0.3440.91 Mobile Safari/537.36"
72.14.199.2 - - [30/Nov/2018:03:30:37 +0000] "GET /%C4%91i%E1%BB%87n+tho%E1%BA%A1i+oppo+f3+lite+%28a57%29?page=16 HTTP/1.1" 200 5028 "-" "Mediapartners-Google"
37.9.113.15 - - [30/Nov/2018:03:30:37 +0000] "GET /k/Kara HTTP/1.1" 200 2493 "-" "Mozilla/5.0 (compatible; YandexBot/3.0; +http://yandex.com/bots)"
54.36.149.44 - - [30/Nov/2018:03:30:38 +0000] "GET /product/5be28c845f37e36ba534b8bb/tinh-dau-ngoc-lan-tay-50ml HTTP/1.1" 200 5058 "-" "Mozilla/5.0 (compatible; AhrefsBot/5.2; +http://ahrefs.com/robot/)"
46.229.168.142 - - [30/Nov/2018:03:30:39 +0000] "GET /site/5bb676a2024e177eef73e037/quevasaestudiarcom-encontra-la-carrera-que-estas-buscando?page=5 HTTP/1.1" 200 5585 "-" "Mozilla/5.0 (compatible; SemrushBot/2~bl; +http://www.semrush.com/bot.html)"
54.36.148.42 - - [30/Nov/2018:03:30:41 +0000] "GET /product/5bd52edf5f37e333cf14972d/iphone-8-plus-64gb HTTP/1.1" 200 5169 "-" "Mozilla/5.0 (compatible; AhrefsBot/5.2; +http://ahrefs.com/robot/)"
5.45.207.78 - - [30/Nov/2018:03:30:41 +0000] "GET /site/5bb5520d024e17375a4a7fc5/golf-am-donner-kleve-dithmarscher HTTP/1.1" 200 5365 "-" "Mozilla/5.0 (compatible; YandexBot/3.0; +http://yandex.com/bots)"
54.36.149.28 - - [30/Nov/2018:03:30:41 +0000] "GET /product/5be2beac5f37e327066b7e64/bong-tai-nu-kieu-moi HTTP/1.1" 200 5049 "-" "Mozilla/5.0 (compatible; AhrefsBot/5.2; +http://ahrefs.com/robot/)"
46.229.168.142 - - [30/Nov/2018:03:30:42 +0000] "GET /site/5bb676a2024e177eef73e037/quevasaestudiarcom-encontra-la-carrera-que-estas-buscando?page=5 HTTP/1.1" 200 5586 "-" "Mozilla/5.0 (compatible; SemrushBot/2~bl; +http://www.semrush.com/bot.html)"
46.229.168.145 - - [30/Nov/2018:03:30:48 +0000] "GET /product/5bc7c11210a4c876a61a611d/vay-sat-nach-epk-hang-tqxk?page=8 HTTP/1.1" 200 5335 "-" "Mozilla/5.0 (compatible; SemrushBot/2~bl; +http://www.semrush.com/bot.html)"
165.225.116.77 - - [30/Nov/2018:03:30:48 +0000] "GET /site/5ba7537f10a4c8446a71e849/dien-thoai-oppo-f3-plus-cu-dien-thoai-doi-tra-dien-thoai-cu-gia-re HTTP/1.1" 200 7325 "https://cungcap.net/%C4%91i%E1%BB%87n+tho%E1%BA%A1i+oppo+f3+lite+%28a57%29?page=16" "Mozilla/5.0 (Windows NT 6.1) AppleWebKit/537.36 (KHTML, like Gecko) coc_coc_browser/76.0.102 Chrome/70.0.3538.102 Safari/537.36"
37.9.113.15 - - [30/Nov/2018:03:30:49 +0000] "GET /ip/156.67.208.176 HTTP/1.1" 200 3498 "-" "Mozilla/5.0 (compatible; YandexBot/3.0; +http://yandex.com/bots)"
178.154.200.60 - - [30/Nov/2018:03:30:52 +0000] "GET /ip/188.172.204.110 HTTP/1.1" 200 3490 "-" "Mozilla/5.0 (compatible; YandexBot/3.0; +http://yandex.com/bots)"
54.36.149.44 - - [30/Nov/2018:03:30:52 +0000] "GET /product/5bf441905f37e37f0e46f802/210mm-dao-tuoc-day-dien-luoi-thang-total-tht51081 HTTP/1.1" 200 5194 "-" "Mozilla/5.0 (compatible; AhrefsBot/5.2; +http://ahrefs.com/robot/)"
46.229.168.147 - - [30/Nov/2018:03:30:53 +0000] "GET /go/5bd043945f37e3080e66c4b9/vai-tho-han-an-nhien HTTP/1.1" 200 1977 "-" "Mozilla/5.0 (compatible; SemrushBot/2~bl; +http://www.semrush.com/bot.html)"
37.9.113.24 - - [30/Nov/2018:03:30:56 +0000] "GET /ip/185.48.81.79 HTTP/1.1" 200 3477 "-" "Mozilla/5.0 (compatible; YandexBot/3.0; +http://yandex.com/bots)"
46.229.168.131 - - [30/Nov/2018:03:30:57 +0000] "GET /product/5bc6bcea10a4c87d270277cc/bo-ni-da-ca-train-hard-cho-nam?page=8 HTTP/1.1" 200 5500 "-" "Mozilla/5.0 (compatible; SemrushBot/2~bl; +http://www.semrush.com/bot.html)"
141.8.132.18 - - [30/Nov/2018:03:30:59 +0000] "GET /site/5baf852910a4c84ffa215e9d/ban-si-phu-kien-dien-thoai-di-dong-gia-re-tai-can-tho HTTP/1.1" 200 9056 "-" "Mozilla/5.0 (compatible; YandexBot/3.0; +http://yandex.com/bots)"
37.9.113.24 - - [30/Nov/2018:03:30:59 +0000] "GET /ip/185.224.137.178 HTTP/1.1" 200 3514 "-" "Mozilla/5.0 (compatible; YandexBot/3.0; +http://yandex.com/bots)"
46.229.168.140 - - [30/Nov/2018:03:31:01 +0000] "GET /site/5bc888935f37e36ecc2b6d94/mad-fientist-archives-mad-fientist HTTP/1.1" 200 5219 "-" "Mozilla/5.0 (compatible; SemrushBot/2~bl; +http://www.semrush.com/bot.html)"
165.225.116.77 - - [30/Nov/2018:03:31:01 +0000] "GET /go/5ba7537f10a4c8446a71e849/dien-thoai-oppo-f3-plus-cu-dien-thoai-doi-tra-dien-thoai-cu-gia-re HTTP/1.1" 200 2013 "https://cungcap.net/site/5ba7537f10a4c8446a71e849/dien-thoai-oppo-f3-plus-cu-dien-thoai-doi-tra-dien-thoai-cu-gia-re" "Mozilla/5.0 (Windows NT 6.1) AppleWebKit/537.36 (KHTML, like Gecko) coc_coc_browser/76.0.102 Chrome/70.0.3538.102 Safari/537.36"
5.45.207.78 - - [30/Nov/2018:03:31:01 +0000] "GET /ip/104.24.99.206 HTTP/1.1" 200 3489 "-" "Mozilla/5.0 (compatible; YandexBot/3.0; +http://yandex.com/bots)"
31.220.110.247 - - [30/Nov/2018:03:31:01 +0000] "GET /cron/craw_info_domain HTTP/1.0" 500 123311 "-" "Wget/1.12 (linux-gnu)"
31.220.110.247 - - [30/Nov/2018:03:31:01 +0000] "GET /cron/get_dns_record_domain HTTP/1.0" 500 164381 "-" "Wget/1.12 (linux-gnu)"
31.220.110.247 - - [30/Nov/2018:03:31:01 +0000] "GET /cron/index_elasticsearch HTTP/1.0" 500 120567 "-" "Wget/1.12 (linux-gnu)"
31.220.110.247 - - [30/Nov/2018:03:31:01 +0000] "GET /cron/craw_note HTTP/1.0" 500 84977 "-" "Wget/1.12 (linux-gnu)"
31.220.110.247 - - [30/Nov/2018:03:31:01 +0000] "GET /cron/import_affiliate HTTP/1.0" 500 84977 "-" "Wget/1.12 (linux-gnu)"
5.45.207.78 - - [30/Nov/2018:03:31:01 +0000] "GET /ip/2606:4700:30::681b:b4c4 HTTP/1.1" 200 3507 "-" "Mozilla/5.0 (compatible; YandexBot/3.0; +http://yandex.com/bots)"
141.8.132.18 - - [30/Nov/2018:03:31:02 +0000] "GET /ip/212.52.47.214 HTTP/1.1" 200 3510 "-" "Mozilla/5.0 (compatible; YandexBot/3.0; +http://yandex.com/bots)"
178.154.200.60 - - [30/Nov/2018:03:31:03 +0000] "GET /ip/37.17.224.11 HTTP/1.1" 200 3491 "-" "Mozilla/5.0 (compatible; YandexBot/3.0; +http://yandex.com/bots)"
54.36.149.68 - - [30/Nov/2018:03:31:04 +0000] "GET /product/5be4f6cc5f37e3798c352658/bo-tuyp-proskit-sd-2319m HTTP/1.1" 200 5070 "-" "Mozilla/5.0 (compatible; AhrefsBot/5.2; +http://ahrefs.com/robot/)"
5.45.207.78 - - [30/Nov/2018:03:31:04 +0000] "GET /ip/104.17.225.21 HTTP/1.1" 200 3492 "-" "Mozilla/5.0 (compatible; YandexBot/3.0; +http://yandex.com/bots)"
141.8.132.18 - - [30/Nov/2018:03:31:04 +0000] "GET /ip/195.20.52.87 HTTP/1.1" 200 3519 "-" "Mozilla/5.0 (compatible; YandexBot/3.0; +http://yandex.com/bots)"
5.45.207.78 - - [30/Nov/2018:03:31:05 +0000] "GET /site/5bb1c132024e1725090fa9de/bt24ro-bt24-internet-si-mobile-banking-persoane HTTP/1.1" 200 5546 "-" "Mozilla/5.0 (compatible; YandexBot/3.0; +http://yandex.com/bots)"
46.229.168.149 - - [30/Nov/2018:03:31:06 +0000] "GET /product/5bdfb57c5f37e3252a5acba8/op-lung-lenovoo-vive-x3-silicone-trong-suot HTTP/1.1" 200 5033 "-" "Mozilla/5.0 (compatible; SemrushBot/2~bl; +http://www.semrush.com/bot.html)"
141.8.132.18 - - [30/Nov/2018:03:31:07 +0000] "GET /site/5bf7f6ae5f37e315af1a5671/mensagens-de-amor-belas-mensagens HTTP/1.1" 200 5500 "-" "Mozilla/5.0 (compatible; YandexBot/3.0; +http://yandex.com/bots)"
5.45.207.78 - - [30/Nov/2018:03:31:09 +0000] "GET /site/5be98a905f37e3508f7e22c2/legge-104-e-ape-social-come-andare-in-pensione HTTP/1.1" 200 5458 "-" "Mozilla/5.0 (compatible; YandexBot/3.0; +http://yandex.com/bots)"
54.36.148.108 - - [30/Nov/2018:03:31:09 +0000] "GET /product/5bf558f05f37e32a0373cb5c/ao-len-tieu-form-dai-co-tim-kem-ao-lot HTTP/1.1" 200 5122 "-" "Mozilla/5.0 (compatible; AhrefsBot/5.2; +http://ahrefs.com/robot/)"
116.99.64.211 - - [30/Nov/2018:03:31:09 +0000] "GET /com/1269395/old HTTP/2.0" 200 4802 "https://coccoc.com/search" "Mozilla/5.0 (Windows NT 6.1) AppleWebKit/537.36 (KHTML, like Gecko) coc_coc_browser/75.4.124 Chrome/69.4.3497.124 Safari/537.36"
5.45.207.78 - - [30/Nov/2018:03:31:09 +0000] "GET /ip/5.45.118.66 HTTP/1.1" 200 3482 "-" "Mozilla/5.0 (compatible; YandexBot/3.0; +http://yandex.com/bots)"
5.45.207.78 - - [30/Nov/2018:03:31:10 +0000] "GET /ip/208.117.43.156 HTTP/1.1" 200 3483 "-" "Mozilla/5.0 (compatible; YandexBot/3.0; +http://yandex.com/bots)"
141.8.132.18 - - [30/Nov/2018:03:31:10 +0000] "GET /ip/104.27.191.94 HTTP/1.1" 200 3491 "-" "Mozilla/5.0 (compatible; YandexBot/3.0; +http://yandex.com/bots)"
141.8.132.18 - - [30/Nov/2018:03:31:11 +0000] "GET /site/5bf586645f37e359936cceb9/bao-chi HTTP/1.1" 200 5746 "-" "Mozilla/5.0 (compatible; YandexBot/3.0; +http://yandex.com/bots)"
72.14.199.2 - - [30/Nov/2018:03:31:14 +0000] "GET /com/1269395/old HTTP/1.1" 200 4816 "-" "Mediapartners-Google"
46.229.168.145 - - [30/Nov/2018:03:31:14 +0000] "GET /go/5bab085e44ac673ada58bd03/ukc-mbsi HTTP/1.1" 200 1891 "-" "Mozilla/5.0 (compatible; SemrushBot/2~bl; +http://www.semrush.com/bot.html)"
37.9.113.15 - - [30/Nov/2018:03:31:17 +0000] "GET /ip/103.42.58.103 HTTP/1.1" 200 3514 "-" "Mozilla/5.0 (compatible; YandexBot/3.0; +http://yandex.com/bots)"
46.229.168.130 - - [30/Nov/2018:03:31:20 +0000] "GET /product/5bf6c9245f37e32f7d4719d6/giai-phong-hoan HTTP/1.1" 200 5540 "-" "Mozilla/5.0 (compatible; SemrushBot/2~bl; +http://www.semrush.com/bot.html)"
141.8.132.18 - - [30/Nov/2018:03:31:20 +0000] "GET /ip/45.60.76.146 HTTP/1.1" 200 3499 "-" "Mozilla/5.0 (compatible; YandexBot/3.0; +http://yandex.com/bots)"
148.64.56.68 - - [30/Nov/2018:03:31:21 +0000] "GET / HTTP/1.1" 200 8568 "-" "Mozilla/5.0 (compatible; GrapeshotCrawler/2.0; +http://www.grapeshot.co.uk/crawler.php)"
178.154.200.60 - - [30/Nov/2018:03:31:22 +0000] "GET /ip/2606:4700:30::681b:99e0 HTTP/1.1" 200 3501 "-" "Mozilla/5.0 (compatible; YandexBot/3.0; +http://yandex.com/bots)"
141.8.132.18 - - [30/Nov/2018:03:31:22 +0000] "GET /ip/62.76.189.211 HTTP/1.1" 200 3506 "-" "Mozilla/5.0 (compatible; YandexBot/3.0; +http://yandex.com/bots)"
54.36.149.36 - - [30/Nov/2018:03:31:23 +0000] "GET /product/5be72d0d5f37e3036045de13/tra-nhan-sam-linh-chi-bio-hop-go-300g-han-quoc HTTP/1.1" 200 5226 "-" "Mozilla/5.0 (compatible; AhrefsBot/5.2; +http://ahrefs.com/robot/)"
148.64.56.73 - - [30/Nov/2018:03:31:23 +0000] "GET / HTTP/1.1" 200 7644 "-" "Mozilla/5.0 (compatible; GrapeshotCrawler/2.0; +http://www.grapeshot.co.uk/crawler.php)"
5.45.207.78 - - [30/Nov/2018:03:31:24 +0000] "GET /site/5bb3473c024e17773b003402/svea-finance-laenud-ja-jarelmaks-millised-on-nende HTTP/1.1" 200 5499 "-" "Mozilla/5.0 (compatible; YandexBot/3.0; +http://yandex.com/bots)"
54.36.148.253 - - [30/Nov/2018:03:31:28 +0000] "GET /product/5be2aa485f37e30e4776ec12/op-lung-cho-blackberry-passport-sliver-hieu-nillkin HTTP/1.1" 200 5148 "-" "Mozilla/5.0 (compatible; AhrefsBot/5.2; +http://ahrefs.com/robot/)"
54.36.148.170 - - [30/Nov/2018:03:31:30 +0000] "GET /product/5bc4f85810a4c82b42772601/chi-ke-mi-vacosi-eyeliner-pencil HTTP/1.1" 200 5435 "-" "Mozilla/5.0 (compatible; AhrefsBot/5.2; +http://ahrefs.com/robot/)"
37.9.113.15 - - [30/Nov/2018:03:31:31 +0000] "GET /site/5be8045d5f37e37c8c3f6d32/hoven-landbouwmachines-langelo-drenthe-groningen HTTP/1.1" 200 4508 "-" "Mozilla/5.0 (compatible; YandexBot/3.0; +http://yandex.com/bots)"
54.36.149.71 - - [30/Nov/2018:03:31:31 +0000] "GET /product/5bf673d35f37e3530268a095/yellow-set HTTP/1.1" 200 5048 "-" "Mozilla/5.0 (compatible; AhrefsBot/5.2; +http://ahrefs.com/robot/)"
141.8.132.18 - - [30/Nov/2018:03:31:35 +0000] "GET /site/5bf9c5e05f37e327ff3533e9/danas-u-gradu-najave-dogadjaja-za-beograd-medija-centar HTTP/1.1" 200 5430 "-" "Mozilla/5.0 (compatible; YandexBot/3.0; +http://yandex.com/bots)"
116.99.64.211 - - [30/Nov/2018:03:31:35 +0000] "GET /com/1269395/old HTTP/2.0" 200 4804 "https://coccoc.com/search" "Mozilla/5.0 (Windows NT 6.1) AppleWebKit/537.36 (KHTML, like Gecko) coc_coc_browser/75.4.124 Chrome/69.4.3497.124 Safari/537.36"
5.45.207.78 - - [30/Nov/2018:03:31:36 +0000] "GET /ip/2a00:1158:300::613 HTTP/1.1" 200 3504 "-" "Mozilla/5.0 (compatible; YandexBot/3.0; +http://yandex.com/bots)"
141.8.132.18 - - [30/Nov/2018:03:31:36 +0000] "GET /ip/2606:4700:30::681f:5cbd HTTP/1.1" 200 3507 "-" "Mozilla/5.0 (compatible; YandexBot/3.0; +http://yandex.com/bots)"
5.45.207.78 - - [30/Nov/2018:03:31:37 +0000] "GET /ip/109.232.216.219 HTTP/1.1" 200 3493 "-" "Mozilla/5.0 (compatible; YandexBot/3.0; +http://yandex.com/bots)"
141.8.132.18 - - [30/Nov/2018:03:31:37 +0000] "GET /ip/212.93.36.130 HTTP/1.1" 200 3498 "-" "Mozilla/5.0 (compatible; YandexBot/3.0; +http://yandex.com/bots)"
46.229.168.142 - - [30/Nov/2018:03:31:38 +0000] "GET /product/5bc8cd6a5f37e3400172de44/lotion-can-bang-da-hadasui-400ml?page=8 HTTP/1.1" 200 5644 "-" "Mozilla/5.0 (compatible; SemrushBot/2~bl; +http://www.semrush.com/bot.html)"
46.229.168.142 - - [30/Nov/2018:03:31:39 +0000] "GET /product/5bc8cd6a5f37e3400172de44/lotion-can-bang-da-hadasui-400ml?page=8 HTTP/1.1" 200 5645 "-" "Mozilla/5.0 (compatible; SemrushBot/2~bl; +http://www.semrush.com/bot.html)"
54.36.149.40 - - [30/Nov/2018:03:31:39 +0000] "GET /ip/2a02:2350:5:104:8bc0::46ce:4be4 HTTP/1.1" 200 3504 "-" "Mozilla/5.0 (compatible; AhrefsBot/5.2; +http://ahrefs.com/robot/)"
37.9.113.15 - - [30/Nov/2018:03:31:43 +0000] "GET /ip/208.80.155.237 HTTP/1.1" 200 3514 "-" "Mozilla/5.0 (compatible; YandexBot/3.0; +http://yandex.com/bots)"
178.154.200.60 - - [30/Nov/2018:03:31:45 +0000] "GET /ip/52.74.78.251 HTTP/1.1" 200 3488 "-" "Mozilla/5.0 (compatible; YandexBot/3.0; +http://yandex.com/bots)"
141.8.132.18 - - [30/Nov/2018:03:31:46 +0000] "GET /ip/66.96.145.187 HTTP/1.1" 200 3516 "-" "Mozilla/5.0 (compatible; YandexBot/3.0; +http://yandex.com/bots)"
178.154.200.60 - - [30/Nov/2018:03:31:47 +0000] "GET /ip/106.187.93.176 HTTP/1.1" 200 3487 "-" "Mozilla/5.0 (compatible; YandexBot/3.0; +http://yandex.com/bots)"
37.9.113.24 - - [30/Nov/2018:03:31:51 +0000] "GET /ip/94.127.6.168 HTTP/1.1" 200 3498 "-" "Mozilla/5.0 (compatible; YandexBot/3.0; +http://yandex.com/bots)"
46.229.168.137 - - [30/Nov/2018:03:31:51 +0000] "GET /product/5be31f005f37e311667c6642/e-to-ban-asaki-ak-6286 HTTP/1.1" 200 4964 "-" "Mozilla/5.0 (compatible; SemrushBot/2~bl; +http://www.semrush.com/bot.html)"
37.9.113.24 - - [30/Nov/2018:03:31:53 +0000] "GET /ip/162.255.162.6 HTTP/1.1" 200 3496 "-" "Mozilla/5.0 (compatible; YandexBot/3.0; +http://yandex.com/bots)"
5.45.207.78 - - [30/Nov/2018:03:31:56 +0000] "GET /site/5babe48f10a4c805b7723945/samsung-galaxy-s6-edge-plus-nhat-tao HTTP/1.1" 200 7321 "-" "Mozilla/5.0 (compatible; YandexBot/3.0; +http://yandex.com/bots)"
5.45.207.78 - - [30/Nov/2018:03:31:56 +0000] "GET /site/5bf79e325f37e31dd24e28da/lokomotiva-nymburk-plavecky-oddil HTTP/1.1" 200 4049 "-" "Mozilla/5.0 (compatible; YandexBot/3.0; +http://yandex.com/bots)"
178.154.200.49 - - [30/Nov/2018:03:31:59 +0000] "GET /site/5bd695015f37e350c3291bc1/translift-loading-dock-equipment-commercial-doors HTTP/1.1" 200 5418 "-" "Mozilla/5.0 (compatible; YandexBot/3.0; +http://yandex.com/bots)"
178.154.200.60 - - [30/Nov/2018:03:32:00 +0000] "GET /ip/54.187.141.12 HTTP/1.1" 200 3494 "-" "Mozilla/5.0 (compatible; YandexBot/3.0; +http://yandex.com/bots)"
5.196.87.59 - - [30/Nov/2018:03:32:01 +0000] "GET /keyword/sua%2Btu%2Blanh%2Bduong%2Bnguyen%2Bkiem HTTP/1.1" 200 2543 "-" "Mozilla/5.0 (compatible; AhrefsBot/5.2; +http://ahrefs.com/robot/)"
66.249.79.97 - - [30/Nov/2018:03:32:01 +0000] "GET /site/5bb54769024e17258b04c916/homepage-scott-sports HTTP/1.1" 200 5328 "-" "Mozilla/5.0 (compatible; Googlebot/2.1; +http://www.google.com/bot.html)"
87.250.224.42 - - [30/Nov/2018:03:32:01 +0000] "GET /ip/34.208.8.237 HTTP/1.1" 200 3493 "-" "Mozilla/5.0 (compatible; YandexBot/3.0; +http://yandex.com/bots)"
31.220.110.247 - - [30/Nov/2018:03:32:02 +0000] "GET /cron/craw_info_domain HTTP/1.0" 500 165746 "-" "Wget/1.12 (linux-gnu)"
31.220.110.247 - - [30/Nov/2018:03:32:02 +0000] "GET /cron/index_elasticsearch HTTP/1.0" 500 104141 "-" "Wget/1.12 (linux-gnu)"
31.220.110.247 - - [30/Nov/2018:03:32:02 +0000] "GET /cron/craw_note HTTP/1.0" 500 89080 "-" "Wget/1.12 (linux-gnu)"
31.220.110.247 - - [30/Nov/2018:03:32:02 +0000] "GET /cron/import_affiliate HTTP/1.0" 500 117837 "-" "Wget/1.12 (linux-gnu)"
31.220.110.247 - - [30/Nov/2018:03:32:02 +0000] "GET /cron/get_dns_record_domain HTTP/1.0" 500 105512 "-" "Wget/1.12 (linux-gnu)"
46.229.168.147 - - [30/Nov/2018:03:32:02 +0000] "GET /go/5be5e6905f37e3120413c7e9/ao-kieu-nu-194 HTTP/1.1" 200 1942 "-" "Mozilla/5.0 (compatible; SemrushBot/2~bl; +http://www.semrush.com/bot.html)"
54.36.148.157 - - [30/Nov/2018:03:32:05 +0000] "GET /product/5bf4a34b5f37e364d20c1adc/do-boi-be-gai-tu-8-9-tuoi-ao-no-vay-ke-soc-den-trang-b10trd-8-9 HTTP/1.1" 200 5207 "-" "Mozilla/5.0 (compatible; AhrefsBot/5.2; +http://ahrefs.com/robot/)"
37.9.113.15 - - [30/Nov/2018:03:32:06 +0000] "GET /ip/2a05:d018:357:eb01:8fe5:41b6:76a5:c9d3 HTTP/1.1" 200 3509 "-" "Mozilla/5.0 (compatible; YandexBot/3.0; +http://yandex.com/bots)"
5.45.207.78 - - [30/Nov/2018:03:32:09 +0000] "GET /ip/2606:4700:30::6818:68ca HTTP/1.1" 200 3503 "-" "Mozilla/5.0 (compatible; YandexBot/3.0; +http://yandex.com/bots)"
178.154.200.60 - - [30/Nov/2018:03:32:10 +0000] "GET /ip/54.36.239.181 HTTP/1.1" 200 3491 "-" "Mozilla/5.0 (compatible; YandexBot/3.0; +http://yandex.com/bots)"
54.36.148.53 - - [30/Nov/2018:03:32:11 +0000] "GET /product/5bef8d1b5f37e30c56127271/ao-so-mi-soc-vai-theu-hoa-dao-duyen-dang-a490 HTTP/1.1" 200 5223 "-" "Mozilla/5.0 (compatible; AhrefsBot/5.2; +http://ahrefs.com/robot/)"
87.250.224.42 - - [30/Nov/2018:03:32:12 +0000] "GET /ip/2606:4700:30::6818:65af HTTP/1.1" 200 3506 "-" "Mozilla/5.0 (compatible; YandexBot/3.0; +http://yandex.com/bots)"
46.229.168.138 - - [30/Nov/2018:03:32:12 +0000] "GET /site/5bbb939410a4c847e9263f9d/tenis-center-jezero-tenis-jezerosi HTTP/1.1" 200 5215 "-" "Mozilla/5.0 (compatible; SemrushBot/2~bl; +http://www.semrush.com/bot.html)"
141.8.132.18 - - [30/Nov/2018:03:32:13 +0000] "GET /ip/146.66.67.5 HTTP/1.1" 200 3509 "-" "Mozilla/5.0 (compatible; YandexBot/3.0; +http://yandex.com/bots)"
5.45.207.78 - - [30/Nov/2018:03:32:13 +0000] "GET /ip/46.218.9.226 HTTP/1.1" 200 3478 "-" "Mozilla/5.0 (compatible; YandexBot/3.0; +http://yandex.com/bots)"
178.154.200.49 - - [30/Nov/2018:03:32:17 +0000] "GET /site/5bf848045f37e32920599c93/fureun-corp-606-1-majeon-ri-casan-myun-pochun-city-kyeonggi-do HTTP/1.1" 200 5452 "-" "Mozilla/5.0 (compatible; YandexBot/3.0; +http://yandex.com/bots)"
54.36.148.156 - - [30/Nov/2018:03:32:18 +0000] "GET /product/5bca3cb05f37e36176454b41/bo-nam-cham-chu-cai-tieng-viet-hang-viet-nam HTTP/1.1" 200 5532 "-" "Mozilla/5.0 (compatible; AhrefsBot/5.2; +http://ahrefs.com/robot/)"
178.154.200.49 - - [30/Nov/2018:03:32:20 +0000] "GET /site/5babb71610a4c8409b748194/sua-chua-dien-thoai-samsung-a5-bi-den-man-hinh-uytinbiz HTTP/1.1" 200 7876 "-" "Mozilla/5.0 (compatible; YandexBot/3.0; +http://yandex.com/bots)"
141.8.132.18 - - [30/Nov/2018:03:32:21 +0000] "GET /ip/132.148.103.231 HTTP/1.1" 200 3497 "-" "Mozilla/5.0 (compatible; YandexBot/3.0; +http://yandex.com/bots)"
178.154.200.49 - - [30/Nov/2018:03:32:22 +0000] "GET /ip/2a02:2350:5:103:3700::3f59:a9e HTTP/1.1" 200 3502 "-" "Mozilla/5.0 (compatible; YandexBot/3.0; +http://yandex.com/bots)"
46.229.168.150 - - [30/Nov/2018:03:32:22 +0000] "GET /product/5bc7752210a4c851b4582308/binh-tap-uong-cho-be-co-vach-chia-ml HTTP/1.1" 200 5385 "-" "Mozilla/5.0 (compatible; SemrushBot/2~bl; +http://www.semrush.com/bot.html)"
46.229.168.150 - - [30/Nov/2018:03:32:23 +0000] "GET /product/5bc7752210a4c851b4582308/binh-tap-uong-cho-be-co-vach-chia-ml HTTP/1.1" 200 5385 "-" "Mozilla/5.0 (compatible; SemrushBot/2~bl; +http://www.semrush.com/bot.html)"
5.45.207.7 - - [30/Nov/2018:03:32:23 +0000] "GET /ip/188.93.150.87 HTTP/1.1" 200 3500 "-" "Mozilla/5.0 (compatible; YandexBot/3.0; +http://yandex.com/bots)"
5.45.207.43 - - [30/Nov/2018:03:32:24 +0000] "GET /ip/195.201.209.62 HTTP/1.1" 200 3489 "-" "Mozilla/5.0 (compatible; YandexBot/3.0; +http://yandex.com/bots)"
54.36.149.41 - - [30/Nov/2018:03:32:25 +0000] "GET /product/5be74d285f37e32b9d121530/dep-tre-em-da-mem HTTP/1.1" 200 5132 "-" "Mozilla/5.0 (compatible; AhrefsBot/5.2; +http://ahrefs.com/robot/)"
141.8.132.18 - - [30/Nov/2018:03:32:25 +0000] "GET /ip/185.47.54.114 HTTP/1.1" 200 3505 "-" "Mozilla/5.0 (compatible; YandexBot/3.0; +http://yandex.com/bots)"
148.64.56.74 - - [30/Nov/2018:03:32:30 +0000] "GET / HTTP/1.1" 200 8694 "-" "Mozilla/5.0 (compatible; GrapeshotCrawler/2.0; +http://www.grapeshot.co.uk/crawler.php)"
37.9.113.15 - - [30/Nov/2018:03:32:30 +0000] "GET /ip/178.170.118.42 HTTP/1.1" 200 3496 "-" "Mozilla/5.0 (compatible; YandexBot/3.0; +http://yandex.com/bots)"
141.8.132.18 - - [30/Nov/2018:03:32:34 +0000] "GET /ip/45.124.86.174 HTTP/1.1" 200 3532 "-" "Mozilla/5.0 (compatible; YandexBot/3.0; +http://yandex.com/bots)"
5.45.207.78 - - [30/Nov/2018:03:32:35 +0000] "GET /ip/93.187.237.193 HTTP/1.1" 200 3497 "-" "Mozilla/5.0 (compatible; YandexBot/3.0; +http://yandex.com/bots)"
141.8.132.18 - - [30/Nov/2018:03:32:36 +0000] "GET /site/5bf155945f37e37b683f0258/tv-zenony-pyrzyce-osiedle-sloneczne-youtube HTTP/1.1" 200 5190 "-" "Mozilla/5.0 (compatible; YandexBot/3.0; +http://yandex.com/bots)"
141.8.132.18 - - [30/Nov/2018:03:32:36 +0000] "GET /ip/2a00:1158:1000:404::256 HTTP/1.1" 200 3495 "-" "Mozilla/5.0 (compatible; YandexBot/3.0; +http://yandex.com/bots)"
46.229.168.129 - - [30/Nov/2018:03:32:42 +0000] "GET /product/5bc584ba10a4c8691260ab2d/sale-10-o-khoa-buckler-lock-4-chia-chong-trom?page=2 HTTP/1.1" 200 5514 "-" "Mozilla/5.0 (compatible; SemrushBot/2~bl; +http://www.semrush.com/bot.html)"
37.9.113.15 - - [30/Nov/2018:03:32:46 +0000] "GET /site/5bf07eff5f37e32603103bd2/welcome-to-miami-a-city-guide-srathardforlifecom HTTP/1.1" 200 5653 "-" "Mozilla/5.0 (compatible; YandexBot/3.0; +http://yandex.com/bots)"
178.154.200.60 - - [30/Nov/2018:03:32:49 +0000] "GET /ip/107.22.190.17 HTTP/1.1" 200 3492 "-" "Mozilla/5.0 (compatible; YandexBot/3.0; +http://yandex.com/bots)"
178.154.200.60 - - [30/Nov/2018:03:32:49 +0000] "GET /ip/173.212.203.36 HTTP/1.1" 200 3491 "-" "Mozilla/5.0 (compatible; YandexBot/3.0; +http://yandex.com/bots)"
5.45.207.78 - - [30/Nov/2018:03:32:50 +0000] "GET /ip/35.189.80.195 HTTP/1.1" 200 3501 "-" "Mozilla/5.0 (compatible; YandexBot/3.0; +http://yandex.com/bots)"
46.229.168.134 - - [30/Nov/2018:03:32:54 +0000] "GET /product/5bc50c4210a4c833cc5ccbde/do-choi-xep-hinh-que-cho-be?page=2 HTTP/1.1" 200 5379 "-" "Mozilla/5.0 (compatible; SemrushBot/2~bl; +http://www.semrush.com/bot.html)"
37.9.113.15 - - [30/Nov/2018:03:32:57 +0000] "GET /ip/104.20.197.54 HTTP/1.1" 200 3492 "-" "Mozilla/5.0 (compatible; YandexBot/3.0; +http://yandex.com/bots)"
54.36.149.58 - - [30/Nov/2018:03:32:57 +0000] "GET /product/5bf5fa2f5f37e352a65a6e18/may-ap-trung-anh-duong-bo-tu-dong-khay-nhua-108-trung-tang-den-soium HTTP/1.1" 200 5343 "-" "Mozilla/5.0 (compatible; AhrefsBot/5.2; +http://ahrefs.com/robot/)"
31.220.110.247 - - [30/Nov/2018:03:33:01 +0000] "GET /cron/index_elasticsearch HTTP/1.0" 500 142477 "-" "Wget/1.12 (linux-gnu)"
31.220.110.247 - - [30/Nov/2018:03:33:01 +0000] "GET /cron/get_dns_record_domain HTTP/1.0" 500 113726 "-" "Wget/1.12 (linux-gnu)"
31.220.110.247 - - [30/Nov/2018:03:33:01 +0000] "GET /cron/craw_info_domain HTTP/1.0" 500 132888 "-" "Wget/1.12 (linux-gnu)"
31.220.110.247 - - [30/Nov/2018:03:33:01 +0000] "GET /cron/import_affiliate HTTP/1.0" 500 127410 "-" "Wget/1.12 (linux-gnu)"
31.220.110.247 - - [30/Nov/2018:03:33:01 +0000] "GET /cron/craw_note HTTP/1.0" 500 160264 "-" "Wget/1.12 (linux-gnu)"
87.250.224.42 - - [30/Nov/2018:03:33:02 +0000] "GET /site/5bef6c385f37e36f3d016419/saint-raphael-var-handball-at-srvhb-instagram-photos-and-videos HTTP/1.1" 200 5764 "-" "Mozilla/5.0 (compatible; YandexBot/3.0; +http://yandex.com/bots)"
54.36.148.82 - - [30/Nov/2018:03:33:02 +0000] "GET /product/5bee7c4c5f37e3426e554827/ao-khoac-du-tay-beo-sagittarios-ma-ao3309-hong HTTP/1.1" 200 5195 "-" "Mozilla/5.0 (compatible; AhrefsBot/5.2; +http://ahrefs.com/robot/)"
46.229.168.151 - - [30/Nov/2018:03:33:02 +0000] "GET /site/5bb53f09024e1714db04df8a/1ink-27-reviews-office-equipment-2850-n-california-st?page=8 HTTP/1.1" 200 5716 "-" "Mozilla/5.0 (compatible; SemrushBot/2~bl; +http://www.semrush.com/bot.html)"
46.229.168.151 - - [30/Nov/2018:03:33:03 +0000] "GET /site/5bb53f09024e1714db04df8a/1ink-27-reviews-office-equipment-2850-n-california-st?page=8 HTTP/1.1" 200 5715 "-" "Mozilla/5.0 (compatible; SemrushBot/2~bl; +http://www.semrush.com/bot.html)"
141.8.132.18 - - [30/Nov/2018:03:33:03 +0000] "GET /ip/83.145.201.185 HTTP/1.1" 200 3482 "-" "Mozilla/5.0 (compatible; YandexBot/3.0; +http://yandex.com/bots)"
54.36.148.124 - - [30/Nov/2018:03:33:06 +0000] "GET /product/5bf430b05f37e36f4d454ec1/ao-croptop-nu-tron-tay-dai-om-dang HTTP/1.1" 200 5117 "-" "Mozilla/5.0 (compatible; AhrefsBot/5.2; +http://ahrefs.com/robot/)"
5.45.207.78 - - [30/Nov/2018:03:33:06 +0000] "GET /site/5be9d5275f37e32a280d6a24/breitensport-wurttembergischer-tennis-bund-alles-rund-ums HTTP/1.1" 200 5301 "-" "Mozilla/5.0 (compatible; YandexBot/3.0; +http://yandex.com/bots)"
141.8.132.18 - - [30/Nov/2018:03:33:06 +0000] "GET /ip/104.28.20.213 HTTP/1.1" 200 3491 "-" "Mozilla/5.0 (compatible; YandexBot/3.0; +http://yandex.com/bots)"
46.229.168.133 - - [30/Nov/2018:03:33:07 +0000] "GET /site/5bb60a5d024e1777b93c8cf2/sbno-home-facebook?page=7 HTTP/1.1" 200 5503 "-" "Mozilla/5.0 (compatible; SemrushBot/2~bl; +http://www.semrush.com/bot.html)"
46.229.168.132 - - [30/Nov/2018:03:33:10 +0000] "GET /product/5bc5ab6e10a4c87b865c2e01/nuoc-hoa-chiet-kilian-black-to-black?page=7 HTTP/1.1" 200 5623 "-" "Mozilla/5.0 (compatible; SemrushBot/2~bl; +http://www.semrush.com/bot.html)"
46.229.168.132 - - [30/Nov/2018:03:33:12 +0000] "GET /product/5bc5ab6e10a4c87b865c2e01/nuoc-hoa-chiet-kilian-black-to-black?page=7 HTTP/1.1" 200 5623 "-" "Mozilla/5.0 (compatible; SemrushBot/2~bl; +http://www.semrush.com/bot.html)"
37.9.113.15 - - [30/Nov/2018:03:33:13 +0000] "GET /ip/195.110.13.2 HTTP/1.1" 200 3480 "-" "Mozilla/5.0 (compatible; YandexBot/3.0; +http://yandex.com/bots)"
46.229.168.140 - - [30/Nov/2018:03:33:14 +0000] "GET /go/5bdf12985f37e36d610d7f3c/tui-xach-shampoo-thoi-trang HTTP/1.1" 200 1958 "-" "Mozilla/5.0 (compatible; SemrushBot/2~bl; +http://www.semrush.com/bot.html)"
37.9.113.15 - - [30/Nov/2018:03:33:16 +0000] "GET /ip/149.202.12.75 HTTP/1.1" 200 3494 "-" "Mozilla/5.0 (compatible; YandexBot/3.0; +http://yandex.com/bots)"
178.154.200.49 - - [30/Nov/2018:03:33:19 +0000] "GET /ip/104.31.93.158 HTTP/1.1" 200 3494 "-" "Mozilla/5.0 (compatible; YandexBot/3.0; +http://yandex.com/bots)"
46.229.168.135 - - [30/Nov/2018:03:33:19 +0000] "GET /product/5bc5781110a4c8636a200726/bo-luc-giac-bi-gia-re HTTP/1.1" 200 5351 "-" "Mozilla/5.0 (compatible; SemrushBot/2~bl; +http://www.semrush.com/bot.html)"
178.154.200.49 - - [30/Nov/2018:03:33:19 +0000] "GET /ip/192.232.218.172 HTTP/1.1" 200 3501 "-" "Mozilla/5.0 (compatible; YandexBot/3.0; +http://yandex.com/bots)"
103.21.230.50 - - [30/Nov/2018:03:33:20 +0000] "GET /search/get?v=lucky+Dube+hit+songs+2018&t=&i= HTTP/1.1" 200 4634 "http://mp3fusion.net.d.cungcap.net/" "Mozilla/5.0 (compatible; MSIE 9.0; Windows NT 6.1; WOW64; Trident/5.0; MATP; MATP; MATPJS)"
5.45.207.43 - - [30/Nov/2018:03:33:20 +0000] "GET /ip/52.173.31.35 HTTP/1.1" 200 3497 "-" "Mozilla/5.0 (compatible; YandexBot/3.0; +http://yandex.com/bots)"
54.36.148.38 - - [30/Nov/2018:03:33:21 +0000] "GET /product/5bf6bed45f37e324ed0ac6a2/sac-laptop-hp-mini-210-1050br HTTP/1.1" 200 4975 "-" "Mozilla/5.0 (compatible; AhrefsBot/5.2; +http://ahrefs.com/robot/)"
141.8.132.18 - - [30/Nov/2018:03:33:22 +0000] "GET /ip/91.239.202.165 HTTP/1.1" 200 3512 "-" "Mozilla/5.0 (compatible; YandexBot/3.0; +http://yandex.com/bots)"
72.14.199.2 - - [30/Nov/2018:03:33:23 +0000] "GET /search/get?v=lucky+Dube+hit+songs+2018&t=&i= HTTP/1.1" 200 4634 "-" "Mediapartners-Google"
72.14.199.6 - - [30/Nov/2018:03:33:26 +0000] "GET /search/get?v=lucky+Dube+hit+songs+2018&t=&i= HTTP/1.1" 200 4631 "-" "Mediapartners-Google"
37.9.113.24 - - [30/Nov/2018:03:33:26 +0000] "GET /site/5bf9afea5f37e320da35ba93/turimex-garland-texas-transportation-service-bus-station HTTP/1.1" 200 5543 "-" "Mozilla/5.0 (compatible; YandexBot/3.0; +http://yandex.com/bots)"
141.8.132.18 - - [30/Nov/2018:03:33:29 +0000] "GET /ip/151.101.194.149 HTTP/1.1" 200 3487 "-" "Mozilla/5.0 (compatible; YandexBot/3.0; +http://yandex.com/bots)"
5.45.207.78 - - [30/Nov/2018:03:33:30 +0000] "GET /ip/104.198.15.242 HTTP/1.1" 200 3497 "-" "Mozilla/5.0 (compatible; YandexBot/3.0; +http://yandex.com/bots)"
54.36.149.6 - - [30/Nov/2018:03:33:30 +0000] "GET /ip/2a02:2350:5:104:480::b0c3:937b HTTP/1.1" 200 3500 "-" "Mozilla/5.0 (compatible; AhrefsBot/5.2; +http://ahrefs.com/robot/)"
141.8.132.18 - - [30/Nov/2018:03:33:30 +0000] "GET /ip/104.27.175.198 HTTP/1.1" 200 3484 "-" "Mozilla/5.0 (compatible; YandexBot/3.0; +http://yandex.com/bots)"
178.154.200.60 - - [30/Nov/2018:03:33:32 +0000] "GET /ip/104.24.101.26 HTTP/1.1" 200 3485 "-" "Mozilla/5.0 (compatible; YandexBot/3.0; +http://yandex.com/bots)"
141.8.132.18 - - [30/Nov/2018:03:33:32 +0000] "GET /site/5be495615f37e30a9c02c54d/atsgcombr HTTP/1.1" 200 3934 "-" "Mozilla/5.0 (compatible; YandexBot/3.0; +http://yandex.com/bots)"
5.45.207.78 - - [30/Nov/2018:03:33:33 +0000] "GET /ip/88.217.240.194 HTTP/1.1" 200 3497 "-" "Mozilla/5.0 (compatible; YandexBot/3.0; +http://yandex.com/bots)"
141.8.132.18 - - [30/Nov/2018:03:33:33 +0000] "GET /ip/107.180.0.211 HTTP/1.1" 200 3495 "-" "Mozilla/5.0 (compatible; YandexBot/3.0; +http://yandex.com/bots)"
178.154.200.60 - - [30/Nov/2018:03:33:35 +0000] "GET /site/5bf257565f37e3757c601b4d/cuestionarios-para-evaluar-la-violencia-escolar-en-educacion HTTP/1.1" 200 5353 "-" "Mozilla/5.0 (compatible; YandexBot/3.0; +http://yandex.com/bots)"
46.229.168.140 - - [30/Nov/2018:03:33:35 +0000] "GET /product/5bd35bff5f37e3766a0e0c86/op-lung-oppo-f5 HTTP/1.1" 200 5203 "-" "Mozilla/5.0 (compatible; SemrushBot/2~bl; +http://www.semrush.com/bot.html)"
151.80.39.119 - - [30/Nov/2018:03:33:38 +0000] "GET /keyword/List%2Bof%2Bskeptical%2Bmagazines%2B-%2BWikipedia HTTP/1.1" 200 2552 "-" "Mozilla/5.0 (compatible; AhrefsBot/5.2; +http://ahrefs.com/robot/)"
37.9.113.24 - - [30/Nov/2018:03:33:39 +0000] "GET /k/G%C3%B6rev+Tan%C4%B1mlar%C4%B1+OGM HTTP/1.1" 200 2544 "-" "Mozilla/5.0 (compatible; YandexBot/3.0; +http://yandex.com/bots)"
141.8.132.18 - - [30/Nov/2018:03:33:42 +0000] "GET /ip/217.16.182.174 HTTP/1.1" 200 3488 "-" "Mozilla/5.0 (compatible; YandexBot/3.0; +http://yandex.com/bots)"
141.8.132.18 - - [30/Nov/2018:03:33:42 +0000] "GET /ip/185.65.88.113 HTTP/1.1" 200 3459 "-" "Mozilla/5.0 (compatible; YandexBot/3.0; +http://yandex.com/bots)"
178.154.200.60 - - [30/Nov/2018:03:33:43 +0000] "GET /ip/162.144.112.38 HTTP/1.1" 200 3485 "-" "Mozilla/5.0 (compatible; YandexBot/3.0; +http://yandex.com/bots)"
46.229.168.141 - - [30/Nov/2018:03:33:45 +0000] "GET /site/5bb283df024e175cc51fa421/bandar-agen-taruhan-judi-bola-sbobet-online HTTP/1.1" 200 5277 "-" "Mozilla/5.0 (compatible; SemrushBot/2~bl; +http://www.semrush.com/bot.html)"
178.154.200.60 - - [30/Nov/2018:03:33:45 +0000] "GET /site/5bf455655f37e30d970b2df9/ljepotazdravlje-bih-prvi-zenski-lifestyle-portal-u-bih HTTP/1.1" 200 5285 "-" "Mozilla/5.0 (compatible; YandexBot/3.0; +http://yandex.com/bots)"
37.9.113.24 - - [30/Nov/2018:03:33:49 +0000] "GET /ip/164.67.94.146 HTTP/1.1" 200 3496 "-" "Mozilla/5.0 (compatible; YandexBot/3.0; +http://yandex.com/bots)"
178.154.200.60 - - [30/Nov/2018:03:33:52 +0000] "GET /k/AUM+BAND HTTP/1.1" 200 2503 "-" "Mozilla/5.0 (compatible; YandexBot/3.0; +http://yandex.com/bots)"
66.249.79.97 - - [30/Nov/2018:03:33:52 +0000] "GET /site/5bb5476b024e17258b04c919/menus-seafood-fish-restaurant-scotts-mayfair HTTP/1.1" 200 5213 "-" "Mozilla/5.0 (compatible; Googlebot/2.1; +http://www.google.com/bot.html)"
141.8.132.18 - - [30/Nov/2018:03:33:53 +0000] "GET /ip/138.68.83.74 HTTP/1.1" 200 3497 "-" "Mozilla/5.0 (compatible; YandexBot/3.0; +http://yandex.com/bots)"
54.36.148.203 - - [30/Nov/2018:03:33:53 +0000] "GET /product/5be5f3735f37e31e9106728f/ao-day-tay HTTP/1.1" 200 5108 "-" "Mozilla/5.0 (compatible; AhrefsBot/5.2; +http://ahrefs.com/robot/)"
141.8.132.18 - - [30/Nov/2018:03:33:54 +0000] "GET /site/5be67a085f37e3341a2b31d7/baladeo-official-online-store-pocket-knives-camping HTTP/1.1" 200 5562 "-" "Mozilla/5.0 (compatible; YandexBot/3.0; +http://yandex.com/bots)"
152.44.102.40 - - [30/Nov/2018:03:33:55 +0000] "GET / HTTP/1.0" 200 4719 "https://cungcap.net/" "Mozilla/5.0 (Windows; U; Windows NT 6.0; en-US; rv:1.9.1b3) Gecko/20090405 Firefox/3.1b3"
46.229.168.144 - - [30/Nov/2018:03:33:55 +0000] "GET /product/5bc6902810a4c86962297af9/non-theu-trai-tim-non-tim-doi-non-doi-mu-theu-trai-tim?page=8 HTTP/1.1" 200 5709 "-" "Mozilla/5.0 (compatible; SemrushBot/2~bl; +http://www.semrush.com/bot.html)"
5.45.207.78 - - [30/Nov/2018:03:33:55 +0000] "GET /ip/200.40.12.0 HTTP/1.1" 200 3506 "-" "Mozilla/5.0 (compatible; YandexBot/3.0; +http://yandex.com/bots)"
46.229.168.144 - - [30/Nov/2018:03:33:56 +0000] "GET /product/5bc6902810a4c86962297af9/non-theu-trai-tim-non-tim-doi-non-doi-mu-theu-trai-tim?page=8 HTTP/1.1" 200 5707 "-" "Mozilla/5.0 (compatible; SemrushBot/2~bl; +http://www.semrush.com/bot.html)"
152.44.102.40 - - [30/Nov/2018:03:33:56 +0000] "GET /login HTTP/1.1" 200 3305 "https://cungcap.net/" "Mozilla/5.0 (Windows; U; Windows NT 6.0; en-US; rv:1.9.1b3) Gecko/20090405 Firefox/3.1b3"
87.250.224.42 - - [30/Nov/2018:03:33:57 +0000] "GET /ip/35.230.168.208 HTTP/1.1" 200 3495 "-" "Mozilla/5.0 (compatible; YandexBot/3.0; +http://yandex.com/bots)"
152.44.102.40 - - [30/Nov/2018:03:33:57 +0000] "GET /register HTTP/1.1" 200 3378 "https://cungcap.net/login" "Mozilla/5.0 (Windows; U; Windows NT 6.0; en-US; rv:1.9.1b3) Gecko/20090405 Firefox/3.1b3"
5.45.207.78 - - [30/Nov/2018:03:33:57 +0000] "GET /ip/104.24.99.139 HTTP/1.1" 200 3491 "-" "Mozilla/5.0 (compatible; YandexBot/3.0; +http://yandex.com/bots)"
141.8.132.18 - - [30/Nov/2018:03:33:58 +0000] "GET /site/5bf8dcf85f37e35f3810ed4d/bkkhu-nyitolap-budapesti-kozlekedesi-kozpontbudapesti HTTP/1.1" 200 4070 "-" "Mozilla/5.0 (compatible; YandexBot/3.0; +http://yandex.com/bots)"
141.8.132.18 - - [30/Nov/2018:03:33:58 +0000] "GET /ip/104.154.167.205 HTTP/1.1" 200 3496 "-" "Mozilla/5.0 (compatible; YandexBot/3.0; +http://yandex.com/bots)"
5.45.207.78 - - [30/Nov/2018:03:33:58 +0000] "GET /ip/54.93.100.156 HTTP/1.1" 200 3495 "-" "Mozilla/5.0 (compatible; YandexBot/3.0; +http://yandex.com/bots)"
54.36.149.36 - - [30/Nov/2018:03:34:00 +0000] "GET /product/5be2b0605f37e315ac52cad0/may-tinh-vinacal-570es-plus-ii-chinh-hang-mau-xanh-la HTTP/1.1" 200 5123 "-" "Mozilla/5.0 (compatible; AhrefsBot/5.2; +http://ahrefs.com/robot/)"
46.229.168.149 - - [30/Nov/2018:03:34:00 +0000] "GET /product/5bf7361f5f37e3261e161876/pin-panasonic-s002e HTTP/1.1" 200 5085 "-" "Mozilla/5.0 (compatible; SemrushBot/2~bl; +http://www.semrush.com/bot.html)"
31.220.110.247 - - [30/Nov/2018:03:34:01 +0000] "GET /cron/get_dns_record_domain HTTP/1.0" 500 97296 "-" "Wget/1.12 (linux-gnu)"
31.220.110.247 - - [30/Nov/2018:03:34:01 +0000] "GET /cron/index_elasticsearch HTTP/1.0" 500 86348 "-" "Wget/1.12 (linux-gnu)"
31.220.110.247 - - [30/Nov/2018:03:34:01 +0000] "GET /cron/craw_note HTTP/1.0" 500 84975 "-" "Wget/1.12 (linux-gnu)"
54.36.149.28 - - [30/Nov/2018:03:34:01 +0000] "GET /product/5be36a005f37e368bd62ef17/mat-na-dat-set-mamonde-pore-clean-clay-mask-eoseongcho-100ml HTTP/1.1" 200 5274 "-" "Mozilla/5.0 (compatible; AhrefsBot/5.2; +http://ahrefs.com/robot/)"
31.220.110.247 - - [30/Nov/2018:03:34:01 +0000] "GET /cron/import_affiliate HTTP/1.0" 500 97298 "-" "Wget/1.12 (linux-gnu)"
31.220.110.247 - - [30/Nov/2018:03:34:01 +0000] "GET /cron/craw_info_domain HTTP/1.0" 500 100030 "-" "Wget/1.12 (linux-gnu)"
54.36.149.62 - - [30/Nov/2018:03:34:01 +0000] "GET /%C4%91i%E1%BB%87n+tho%E1%BA%A1i+iphone+6s+plus+32gb+vn/a HTTP/1.1" 200 5254 "-" "Mozilla/5.0 (compatible; AhrefsBot/5.2; +http://ahrefs.com/robot/)"
37.9.113.15 - - [30/Nov/2018:03:34:05 +0000] "GET /ip/142.44.213.60 HTTP/1.1" 200 3486 "-" "Mozilla/5.0 (compatible; YandexBot/3.0; +http://yandex.com/bots)"
54.36.148.132 - - [30/Nov/2018:03:34:05 +0000] "GET /product/5beb84ec5f37e37e873d0f26/cap-microusb-energizer-dep-1m2 HTTP/1.1" 200 5281 "-" "Mozilla/5.0 (compatible; AhrefsBot/5.2; +http://ahrefs.com/robot/)"
157.48.85.149 - - [30/Nov/2018:03:34:08 +0000] "GET /site/5bb0e3b9024e172e6243c7fb/telugu-movie-online-free-movierulzvc HTTP/2.0" 200 5509 "http://movierulz.sx.d.cungcap.net/" "Mozilla/5.0 (Linux; Android 7.1.1; Redmi Note 5 Pro Build/NGI77B) AppleWebKit/537.36 (KHTML, like Gecko) Chrome/68.0.3440.91 Mobile Safari/537.36"
141.8.132.18 - - [30/Nov/2018:03:34:08 +0000] "GET /ip/223.27.29.70 HTTP/1.1" 200 3512 "-" "Mozilla/5.0 (compatible; YandexBot/3.0; +http://yandex.com/bots)"
66.249.79.161 - - [30/Nov/2018:03:34:08 +0000] "GET /ads.txt HTTP/1.1" 200 2667 "-" "Mozilla/5.0 (compatible; Googlebot/2.1; +http://www.google.com/bot.html)"
5.45.207.78 - - [30/Nov/2018:03:34:10 +0000] "GET /site/5bba76cd10a4c803ae6e144a/sgs-vietnam-when-you-need-to-be-sure HTTP/1.1" 200 5525 "-" "Mozilla/5.0 (compatible; YandexBot/3.0; +http://yandex.com/bots)"
5.45.207.78 - - [30/Nov/2018:03:34:11 +0000] "GET /ip/213.32.97.211 HTTP/1.1" 200 3478 "-" "Mozilla/5.0 (compatible; YandexBot/3.0; +http://yandex.com/bots)"
5.45.207.78 - - [30/Nov/2018:03:34:11 +0000] "GET /ip/216.194.166.220 HTTP/1.1" 200 3503 "-" "Mozilla/5.0 (compatible; YandexBot/3.0; +http://yandex.com/bots)"
157.48.85.149 - - [30/Nov/2018:03:34:12 +0000] "GET /go/5bb0e3b9024e172e6243c7fb/telugu-movie-online-free-movierulzvc HTTP/2.0" 200 1924 "https://cungcap.net/site/5bb0e3b9024e172e6243c7fb/telugu-movie-online-free-movierulzvc" "Mozilla/5.0 (Linux; Android 7.1.1; Redmi Note 5 Pro Build/NGI77B) AppleWebKit/537.36 (KHTML, like Gecko) Chrome/68.0.3440.91 Mobile Safari/537.36"
54.36.148.230 - - [30/Nov/2018:03:34:13 +0000] "GET /product/5bf251dd5f37e36f0b331c9c/dau-cam-gao-duong-da-ecolife-tang-co-dap-mat HTTP/1.1" 200 5212 "-" "Mozilla/5.0 (compatible; AhrefsBot/5.2; +http://ahrefs.com/robot/)"
46.229.168.131 - - [30/Nov/2018:03:34:13 +0000] "GET /product/5be95bcb5f37e319eb018056/ca-mi-da-nang-happy-call HTTP/1.1" 200 5189 "-" "Mozilla/5.0 (compatible; SemrushBot/2~bl; +http://www.semrush.com/bot.html)"
157.48.85.149 - - [30/Nov/2018:03:34:14 +0000] "GET /go/5bb0e3b9024e172e6243c7fb/telugu-movie-online-free-movierulzvc HTTP/2.0" 200 1924 "https://cungcap.net/go/5bb0e3b9024e172e6243c7fb/telugu-movie-online-free-movierulzvc" "Mozilla/5.0 (Linux; Android 7.1.1; Redmi Note 5 Pro Build/NGI77B) AppleWebKit/537.36 (KHTML, like Gecko) Chrome/68.0.3440.91 Mobile Safari/537.36"
37.9.113.24 - - [30/Nov/2018:03:34:15 +0000] "GET /ip/104.28.13.32 HTTP/1.1" 200 3485 "-" "Mozilla/5.0 (compatible; YandexBot/3.0; +http://yandex.com/bots)"
54.36.149.89 - - [30/Nov/2018:03:34:17 +0000] "GET /product/5bf6b0875f37e3130b73d530/sac-laptop-hp-nc6000dt636p HTTP/1.1" 200 5034 "-" "Mozilla/5.0 (compatible; AhrefsBot/5.2; +http://ahrefs.com/robot/)"
54.36.148.117 - - [30/Nov/2018:03:34:17 +0000] "GET /product/5bf5cf4b5f37e3269936a305/ke-hut-chan-khong HTTP/1.1" 200 5017 "-" "Mozilla/5.0 (compatible; AhrefsBot/5.2; +http://ahrefs.com/robot/)"
54.36.149.64 - - [30/Nov/2018:03:34:19 +0000] "GET /post/5bb99863024e171d7873d9e3/ga-xoi-mo HTTP/1.1" 200 5478 "-" "Mozilla/5.0 (compatible; AhrefsBot/5.2; +http://ahrefs.com/robot/)"
157.48.85.149 - - [30/Nov/2018:03:34:20 +0000] "GET /go/5bb0e3b9024e172e6243c7fb/telugu-movie-online-free-movierulzvc HTTP/2.0" 200 1924 "https://cungcap.net/go/5bb0e3b9024e172e6243c7fb/telugu-movie-online-free-movierulzvc" "Mozilla/5.0 (Linux; Android 7.1.1; Redmi Note 5 Pro Build/NGI77B) AppleWebKit/537.36 (KHTML, like Gecko) Chrome/68.0.3440.91 Mobile Safari/537.36"
54.36.148.90 - - [30/Nov/2018:03:34:22 +0000] "GET /ip/86.54.117.60 HTTP/1.1" 200 3488 "-" "Mozilla/5.0 (compatible; AhrefsBot/5.2; +http://ahrefs.com/robot/)"
157.48.85.149 - - [30/Nov/2018:03:34:23 +0000] "GET /go/5bb0e3b9024e172e6243c7fb/telugu-movie-online-free-movierulzvc HTTP/2.0" 200 1924 "https://cungcap.net/go/5bb0e3b9024e172e6243c7fb/telugu-movie-online-free-movierulzvc" "Mozilla/5.0 (Linux; Android 7.1.1; Redmi Note 5 Pro Build/NGI77B) AppleWebKit/537.36 (KHTML, like Gecko) Chrome/68.0.3440.91 Mobile Safari/537.36"
37.9.113.15 - - [30/Nov/2018:03:34:23 +0000] "GET /ip/146.66.84.61 HTTP/1.1" 200 3506 "-" "Mozilla/5.0 (compatible; YandexBot/3.0; +http://yandex.com/bots)"
46.229.168.129 - - [30/Nov/2018:03:34:24 +0000] "GET /product/5be342285f37e334fb70b9e2/dien-thoai-pin-khung-c999-xem-tivi HTTP/1.1" 200 5194 "-" "Mozilla/5.0 (compatible; SemrushBot/2~bl; +http://www.semrush.com/bot.html)"
54.36.148.28 - - [30/Nov/2018:03:34:25 +0000] "GET /ip/2606:4700:30::6812:2a2c HTTP/1.1" 200 3503 "-" "Mozilla/5.0 (compatible; AhrefsBot/5.2; +http://ahrefs.com/robot/)"
178.154.200.49 - - [30/Nov/2018:03:34:26 +0000] "GET /ip/2606:4700:20::681b:3870 HTTP/1.1" 200 3504 "-" "Mozilla/5.0 (compatible; YandexBot/3.0; +http://yandex.com/bots)"
37.9.113.24 - - [30/Nov/2018:03:34:30 +0000] "GET /ip/50.87.20.218 HTTP/1.1" 200 3481 "-" "Mozilla/5.0 (compatible; YandexBot/3.0; +http://yandex.com/bots)"
5.45.207.78 - - [30/Nov/2018:03:34:32 +0000] "GET /ip/104.31.81.169 HTTP/1.1" 200 3493 "-" "Mozilla/5.0 (compatible; YandexBot/3.0; +http://yandex.com/bots)"
141.8.132.18 - - [30/Nov/2018:03:34:34 +0000] "GET /k/Combo+Rubik+2x2+5x5+MoYu+Spash+gift+box+Rubik+Ocean HTTP/1.1" 200 2563 "-" "Mozilla/5.0 (iPhone; CPU iPhone OS 8_1 like Mac OS X) AppleWebKit/600.1.4 (KHTML, like Gecko) Version/8.0 Mobile/12B411 Safari/600.1.4 (compatible; YandexMobileBot/3.0; +http://yandex.com/bots)"
141.8.132.18 - - [30/Nov/2018:03:34:35 +0000] "GET /site/5bb2f84a10a4c81c7a33fa77/dien-thoai-nokia-mua-ban-dien-thoai-nokia-lumia-x6-gia-re-tai-da-nang-rongbaycom HTTP/1.1" 200 8258 "-" "Mozilla/5.0 (compatible; YandexBot/3.0; +http://yandex.com/bots)"
167.160.65.72 - - [30/Nov/2018:03:34:38 +0000] "GET / HTTP/1.0" 200 4720 "https://cungcap.net/" "Mozilla/5.0 (Windows; U; Windows NT 5.2; en-US) AppleWebKit/537.36 (KHTML, like Gecko) Safari/537.36 VivoBrowser/5.4.0 Chrome/38.0.2125.102,gzip(gfe)"
167.160.65.72 - - [30/Nov/2018:03:34:40 +0000] "GET /login HTTP/1.1" 200 3303 "https://cungcap.net/" "Mozilla/5.0 (Windows; U; Windows NT 5.2; en-US) AppleWebKit/537.36 (KHTML, like Gecko) Safari/537.36 VivoBrowser/5.4.0 Chrome/38.0.2125.102,gzip(gfe)"
167.160.65.72 - - [30/Nov/2018:03:34:40 +0000] "GET /register HTTP/1.1" 200 3376 "https://cungcap.net/login" "Mozilla/5.0 (Windows; U; Windows NT 5.2; en-US) AppleWebKit/537.36 (KHTML, like Gecko) Safari/537.36 VivoBrowser/5.4.0 Chrome/38.0.2125.102,gzip(gfe)"
37.9.113.15 - - [30/Nov/2018:03:34:41 +0000] "GET /ip/104.16.204.251 HTTP/1.1" 200 3493 "-" "Mozilla/5.0 (compatible; YandexBot/3.0; +http://yandex.com/bots)"
157.48.85.149 - - [30/Nov/2018:03:34:41 +0000] "GET /site/5bb0e3b9024e172e6243c7fc/movierulzms-movierulzvc-watch-bollywood-and-hollywood-full HTTP/2.0" 200 5587 "http://movierulz.sx.d.cungcap.net/" "Mozilla/5.0 (Linux; Android 7.1.1; Redmi Note 5 Pro Build/NGI77B) AppleWebKit/537.36 (KHTML, like Gecko) Chrome/68.0.3440.91 Mobile Safari/537.36"
37.9.113.15 - - [30/Nov/2018:03:34:44 +0000] "GET /k/%C4%90%E1%BB%93ng+h%E1%BB%93+Nam+th%E1%BB%83+thao+SKMEI+1268+-+DHA499+-+%C4%90en HTTP/1.1" 200 2600 "-" "Mozilla/5.0 (iPhone; CPU iPhone OS 8_1 like Mac OS X) AppleWebKit/600.1.4 (KHTML, like Gecko) Version/8.0 Mobile/12B411 Safari/600.1.4 (compatible; YandexMobileBot/3.0; +http://yandex.com/bots)"
95.163.255.156 - - [30/Nov/2018:03:34:46 +0000] "GET /d/vieste.net HTTP/1.1" 301 323 "-" "Mozilla/5.0 (compatible; Linux x86_64; Mail.RU_Bot/2.0; +http://go.mail.ru/help/robots)"
178.154.244.9 - - [30/Nov/2018:03:34:47 +0000] "GET /k/Women+Vintage+Ethnic+Flower+Embroidered+Cotton+Tunic+... HTTP/1.1" 200 2561 "-" "Mozilla/5.0 (iPhone; CPU iPhone OS 8_1 like Mac OS X) AppleWebKit/600.1.4 (KHTML, like Gecko) Version/8.0 Mobile/12B411 Safari/600.1.4 (compatible; YandexMobileBot/3.0; +http://yandex.com/bots)"
5.45.207.43 - - [30/Nov/2018:03:34:48 +0000] "GET /k/%D7%98%D7%9B%D7%A0%D7%90%D7%99+%D7%9E%D7%97%D7%A9%D7%91%D7%99%D7%9D+%D7%91%D7%A8%D7%97%D7%95%D7%91%D7%95%D7%AA+%D7%AA%D7%99%D7%A7%D7%95%D7%9F+%D7%9E%D7%97%D7%A9%D7%91%D7%99%D7%9D+%D7%91%D7%A8%D7%97%D7%95%D7%91%D7%95%D7%AA+%D7%98%D7%9B%D7%A0%D7%90%D7%99+%D7%9E%D7%97%D7%A9%D7%91%D7%99%D7%9D+... HTTP/1.1" 200 2661 "-" "Mozilla/5.0 (compatible; YandexBot/3.0; +http://yandex.com/bots)"
139.180.7.176 - - [30/Nov/2018:03:34:50 +0000] "GET / HTTP/1.0" 200 4719 "https://cungcap.net/" "Mozilla/5.0 (X11; Ubuntu; Linux i686; rv:60.0) Gecko/20100101 Firefox/60.0"
139.180.7.176 - - [30/Nov/2018:03:34:52 +0000] "GET /login HTTP/1.1" 200 3305 "https://cungcap.net/" "Mozilla/5.0 (X11; Ubuntu; Linux i686; rv:60.0) Gecko/20100101 Firefox/60.0"
139.180.7.176 - - [30/Nov/2018:03:34:52 +0000] "GET /register HTTP/1.1" 200 3377 "https://cungcap.net/login" "Mozilla/5.0 (X11; Ubuntu; Linux i686; rv:60.0) Gecko/20100101 Firefox/60.0"
46.229.168.146 - - [30/Nov/2018:03:34:53 +0000] "GET /product/5bd1eadc5f37e3167169a894/loa-jbl-go-hang-chinh-hang-pgi?page=670 HTTP/1.1" 200 5581 "-" "Mozilla/5.0 (compatible; SemrushBot/2~bl; +http://www.semrush.com/bot.html)"
46.229.168.146 - - [30/Nov/2018:03:34:55 +0000] "GET /product/5bd1eadc5f37e3167169a894/loa-jbl-go-hang-chinh-hang-pgi?page=670 HTTP/1.1" 200 5581 "-" "Mozilla/5.0 (compatible; SemrushBot/2~bl; +http://www.semrush.com/bot.html)"
37.9.113.15 - - [30/Nov/2018:03:34:58 +0000] "GET /ip/72.52.207.248 HTTP/1.1" 200 3493 "-" "Mozilla/5.0 (compatible; YandexBot/3.0; +http://yandex.com/bots)"
46.229.168.142 - - [30/Nov/2018:03:34:59 +0000] "GET /product/5bcff7a45f37e321cd0bdeaa/bang-keo-200-yard-1-cay-6-cuon HTTP/1.1" 200 5397 "-" "Mozilla/5.0 (compatible; SemrushBot/2~bl; +http://www.semrush.com/bot.html)"
31.220.110.247 - - [30/Nov/2018:03:35:01 +0000] "GET /cron/get_dns_record_domain HTTP/1.0" 500 86346 "-" "Wget/1.12 (linux-gnu)"
31.220.110.247 - - [30/Nov/2018:03:35:01 +0000] "GET /cron/craw_note HTTP/1.0" 500 84971 "-" "Wget/1.12 (linux-gnu)"
31.220.110.247 - - [30/Nov/2018:03:35:01 +0000] "GET /cron/import_affiliate HTTP/1.0" 500 89086 "-" "Wget/1.12 (linux-gnu)"
31.220.110.247 - - [30/Nov/2018:03:35:01 +0000] "GET /cron/index_elasticsearch HTTP/1.0" 500 86346 "-" "Wget/1.12 (linux-gnu)"
31.220.110.247 - - [30/Nov/2018:03:35:01 +0000] "GET /cron/craw_info_domain HTTP/1.0" 500 100032 "-" "Wget/1.12 (linux-gnu)"
5.45.207.78 - - [30/Nov/2018:03:35:01 +0000] "GET /k/600+Soile+profiles+LinkedIn HTTP/1.1" 200 2519 "-" "Mozilla/5.0 (iPhone; CPU iPhone OS 8_1 like Mac OS X) AppleWebKit/600.1.4 (KHTML, like Gecko) Version/8.0 Mobile/12B411 Safari/600.1.4 (compatible; YandexMobileBot/3.0; +http://yandex.com/bots)"
37.9.113.24 - - [30/Nov/2018:03:35:05 +0000] "GET /ip/94.130.219.142 HTTP/1.1" 200 3491 "-" "Mozilla/5.0 (compatible; YandexBot/3.0; +http://yandex.com/bots)"
178.154.200.60 - - [30/Nov/2018:03:35:07 +0000] "GET /ip/143.95.110.248 HTTP/1.1" 200 3502 "-" "Mozilla/5.0 (compatible; YandexBot/3.0; +http://yandex.com/bots)"
54.36.148.91 - - [30/Nov/2018:03:35:09 +0000] "GET /product/5bf6a0d45f37e30438302eee/dong-ho-cap-dien-tu-skmei-13351123-chong-nuoc-dha357-d2046-vang HTTP/1.1" 200 5257 "-" "Mozilla/5.0 (compatible; AhrefsBot/5.2; +http://ahrefs.com/robot/)"
5.45.207.43 - - [30/Nov/2018:03:35:09 +0000] "GET /site/5befdcfc5f37e373e56413a9/de-hofstee HTTP/1.1" 200 5423 "-" "Mozilla/5.0 (compatible; YandexBot/3.0; +http://yandex.com/bots)"
